
> talentsecure-client@1.0.0 build
> tsc -b && vite build

src/pages/college/DrivesListPage.tsx(9,5): error TS6133: 'Eye' is declared but its value is never read.
src/pages/college/DrivesListPage.tsx(13,5): error TS6133: 'FileSpreadsheet' is declared but its value is never read.
src/pages/students/StudentDetailPage.tsx(138,57): error TS2345: Argument of type '{ first_name: string; last_name: string; email: string; phone: string; date_of_birth: string; gender: string; address: string; city: string; state: string; pin_code: string; college_id: string; college_name: string; ... 45 more ...; risk_category: string; }' is not assignable to parameter of type 'StudentData | (() => StudentData)'.
  Type '{ first_name: string; last_name: string; email: string; phone: string; date_of_birth: string; gender: string; address: string; city: string; state: string; pin_code: string; college_id: string; college_name: string; ... 45 more ...; risk_category: string; }' is missing the following properties from type 'StudentData': id, name
src/pages/students/StudentDetailPage.tsx(221,19): error TS2345: Argument of type '{ first_name: any; last_name: any; email: any; phone: any; date_of_birth: any; gender: any; address: any; city: any; state: any; pin_code: any; college_id: any; college_name: any; roll_number: any; degree: any; ... 43 more ...; risk_category: any; }' is not assignable to parameter of type 'SetStateAction<StudentData>'.
  Type '{ first_name: any; last_name: any; email: any; phone: any; date_of_birth: any; gender: any; address: any; city: any; state: any; pin_code: any; college_id: any; college_name: any; roll_number: any; degree: any; ... 43 more ...; risk_category: any; }' is missing the following properties from type 'StudentData': id, name
node.exe : npm error Lifecycle script `build` failed with error:
At line:1 char:1
+ & "C:\Program Files\nodejs/node.exe" "C:\Program Files\nodejs/node_mo ...
+ ~~~~~~~~~~~~~~~~~~~~~~~~~~~~~~~~~~~~~~~~~~~~~~~~~~~~~~~~~~~~~~~~~~~~~
    + CategoryInfo          : NotSpecified: (npm error Lifec...led with error::String) [], RemoteException
    + FullyQualifiedErrorId : NativeCommandError
 
npm error code 1
npm error path D:\Nallas\TalentSecure-AI\client
npm error workspace talentsecure-client@1.0.0
npm error location D:\Nallas\TalentSecure-AI\client
npm error command failed
npm error command C:\WINDOWS\system32\cmd.exe /d /s /c tsc -b && vite build
