≡ƒÜÇ Starting Drive Enforcement Tests...

≡ƒº¬ Test 1: Max Applicant Enforcement
Γ£à Drive created: cc4b0046-3d77-4fcd-aa34-e28a53a50f28 (Limit: 1)
Adding first student...
2026-03-03 16:34:35 [[32minfo[39m]: Pool generation batch 1: generating 30 questions (0/30 done) {"service":"talentsecure-api","driveId":"cc4b0046-3d77-4fcd-aa34-e28a53a50f28"}
2026-03-03 16:34:35 [[32minfo[39m]: Calling OpenAI for dynamic assessment generation {"service":"talentsecure-api","weights":[{"category":"JavaScript","percentage":40},{"category":"TypeScript","percentage":30},{"category":"Logic","percentage":30}],"totalQuestions":30,"model":"gpt-4o-mini"}
≡ƒÆÑ Critical test failure: AppError: Student mapping is only allowed in DRAFT or POOL_APPROVED state
    at addDriveStudent (D:\Nallas\TalentSecure-AI\server\src\services\drive.service.ts:1073:15)
    at process.processTicksAndRejections (node:internal/process/task_queues:104:5)
    at async runTests (D:\Nallas\TalentSecure-AI\server\testDriveEnforcement.ts:33:9) {
  statusCode: 403,
  isOperational: true
}
2026-03-03 16:35:27 [[32minfo[39m]: Dynamic assessment generated successfully {"service":"talentsecure-api","totalQuestions":15,"categories":[{"category":"JavaScript","count":3,"percentage":40},{"category":"TypeScript","count":4,"percentage":30},{"category":"Logic","count":8,"percentage":30}]}
2026-03-03 16:35:27 [[31merror[39m]: Pool generation batch 1 failed {"service":"talentsecure-api","driveId":"cc4b0046-3d77-4fcd-aa34-e28a53a50f28","error":"Cannot use a pool after calling end on the pool"}
2026-03-03 16:35:30 [[32minfo[39m]: Pool generation batch 2: generating 30 questions (0/30 done) {"service":"talentsecure-api","driveId":"cc4b0046-3d77-4fcd-aa34-e28a53a50f28"}
2026-03-03 16:35:30 [[32minfo[39m]: Calling OpenAI for dynamic assessment generation {"service":"talentsecure-api","weights":[{"category":"JavaScript","percentage":40},{"category":"TypeScript","percentage":30},{"category":"Logic","percentage":30}],"totalQuestions":30,"model":"gpt-4o-mini"}
2026-03-03 16:36:28 [[32minfo[39m]: Dynamic assessment generated successfully {"service":"talentsecure-api","totalQuestions":16,"categories":[{"category":"JavaScript","count":4,"percentage":40},{"category":"TypeScript","count":4,"percentage":30},{"category":"Logic","count":8,"percentage":30}]}
2026-03-03 16:36:28 [[31merror[39m]: Pool generation batch 2 failed {"service":"talentsecure-api","driveId":"cc4b0046-3d77-4fcd-aa34-e28a53a50f28","error":"Cannot use a pool after calling end on the pool"}
2026-03-03 16:36:31 [[32minfo[39m]: Pool generation batch 3: generating 30 questions (0/30 done) {"service":"talentsecure-api","driveId":"cc4b0046-3d77-4fcd-aa34-e28a53a50f28"}
2026-03-03 16:36:31 [[32minfo[39m]: Calling OpenAI for dynamic assessment generation {"service":"talentsecure-api","weights":[{"category":"JavaScript","percentage":40},{"category":"TypeScript","percentage":30},{"category":"Logic","percentage":30}],"totalQuestions":30,"model":"gpt-4o-mini"}
2026-03-03 16:37:14 [[32minfo[39m]: Dynamic assessment generated successfully {"service":"talentsecure-api","totalQuestions":16,"categories":[{"category":"JavaScript","count":4,"percentage":40},{"category":"TypeScript","count":6,"percentage":30},{"category":"Logic","count":6,"percentage":30}]}
2026-03-03 16:37:14 [[31merror[39m]: Pool generation batch 3 failed {"service":"talentsecure-api","driveId":"cc4b0046-3d77-4fcd-aa34-e28a53a50f28","error":"Cannot use a pool after calling end on the pool"}
2026-03-03 16:37:17 [[32minfo[39m]: Pool generation batch 4: generating 30 questions (0/30 done) {"service":"talentsecure-api","driveId":"cc4b0046-3d77-4fcd-aa34-e28a53a50f28"}
2026-03-03 16:37:17 [[32minfo[39m]: Calling OpenAI for dynamic assessment generation {"service":"talentsecure-api","weights":[{"category":"JavaScript","percentage":40},{"category":"TypeScript","percentage":30},{"category":"Logic","percentage":30}],"totalQuestions":30,"model":"gpt-4o-mini"}
2026-03-03 16:38:34 [[32minfo[39m]: Dynamic assessment generated successfully {"service":"talentsecure-api","totalQuestions":18,"categories":[{"category":"JavaScript","count":5,"percentage":40},{"category":"TypeScript","count":5,"percentage":30},{"category":"Logic","count":8,"percentage":30}]}
2026-03-03 16:38:34 [[31merror[39m]: Pool generation batch 4 failed {"service":"talentsecure-api","driveId":"cc4b0046-3d77-4fcd-aa34-e28a53a50f28","error":"Cannot use a pool after calling end on the pool"}
2026-03-03 16:38:37 [[32minfo[39m]: Pool generation batch 5: generating 30 questions (0/30 done) {"service":"talentsecure-api","driveId":"cc4b0046-3d77-4fcd-aa34-e28a53a50f28"}
2026-03-03 16:38:37 [[32minfo[39m]: Calling OpenAI for dynamic assessment generation {"service":"talentsecure-api","weights":[{"category":"JavaScript","percentage":40},{"category":"TypeScript","percentage":30},{"category":"Logic","percentage":30}],"totalQuestions":30,"model":"gpt-4o-mini"}
2026-03-03 16:39:40 [[32minfo[39m]: Dynamic assessment generated successfully {"service":"talentsecure-api","totalQuestions":19,"categories":[{"category":"JavaScript","count":5,"percentage":40},{"category":"TypeScript","count":5,"percentage":30},{"category":"Logic","count":9,"percentage":30}]}
2026-03-03 16:39:40 [[31merror[39m]: Pool generation batch 5 failed {"service":"talentsecure-api","driveId":"cc4b0046-3d77-4fcd-aa34-e28a53a50f28","error":"Cannot use a pool after calling end on the pool"}
2026-03-03 16:39:43 [[32minfo[39m]: Pool generation batch 6: generating 30 questions (0/30 done) {"service":"talentsecure-api","driveId":"cc4b0046-3d77-4fcd-aa34-e28a53a50f28"}
2026-03-03 16:39:43 [[32minfo[39m]: Calling OpenAI for dynamic assessment generation {"service":"talentsecure-api","weights":[{"category":"JavaScript","percentage":40},{"category":"TypeScript","percentage":30},{"category":"Logic","percentage":30}],"totalQuestions":30,"model":"gpt-4o-mini"}
2026-03-03 16:41:02 [[32minfo[39m]: Dynamic assessment generated successfully {"service":"talentsecure-api","totalQuestions":17,"categories":[{"category":"JavaScript","count":7,"percentage":40},{"category":"TypeScript","count":4,"percentage":30},{"category":"Logic","count":6,"percentage":30}]}
2026-03-03 16:41:02 [[31merror[39m]: Pool generation batch 6 failed {"service":"talentsecure-api","driveId":"cc4b0046-3d77-4fcd-aa34-e28a53a50f28","error":"Cannot use a pool after calling end on the pool"}
2026-03-03 16:41:05 [[32minfo[39m]: Pool generation batch 7: generating 30 questions (0/30 done) {"service":"talentsecure-api","driveId":"cc4b0046-3d77-4fcd-aa34-e28a53a50f28"}
2026-03-03 16:41:05 [[32minfo[39m]: Calling OpenAI for dynamic assessment generation {"service":"talentsecure-api","weights":[{"category":"JavaScript","percentage":40},{"category":"TypeScript","percentage":30},{"category":"Logic","percentage":30}],"totalQuestions":30,"model":"gpt-4o-mini"}
2026-03-03 16:41:57 [[32minfo[39m]: Dynamic assessment generated successfully {"service":"talentsecure-api","totalQuestions":18,"categories":[{"category":"JavaScript","count":4,"percentage":40},{"category":"TypeScript","count":5,"percentage":30},{"category":"Logic","count":9,"percentage":30}]}
2026-03-03 16:41:57 [[31merror[39m]: Pool generation batch 7 failed {"service":"talentsecure-api","driveId":"cc4b0046-3d77-4fcd-aa34-e28a53a50f28","error":"Cannot use a pool after calling end on the pool"}
2026-03-03 16:42:00 [[32minfo[39m]: Pool generation batch 8: generating 30 questions (0/30 done) {"service":"talentsecure-api","driveId":"cc4b0046-3d77-4fcd-aa34-e28a53a50f28"}
2026-03-03 16:42:00 [[32minfo[39m]: Calling OpenAI for dynamic assessment generation {"service":"talentsecure-api","weights":[{"category":"JavaScript","percentage":40},{"category":"TypeScript","percentage":30},{"category":"Logic","percentage":30}],"totalQuestions":30,"model":"gpt-4o-mini"}
2026-03-03 16:43:03 [[32minfo[39m]: Dynamic assessment generated successfully {"service":"talentsecure-api","totalQuestions":20,"categories":[{"category":"JavaScript","count":6,"percentage":40},{"category":"TypeScript","count":5,"percentage":30},{"category":"Logic","count":9,"percentage":30}]}
2026-03-03 16:43:03 [[31merror[39m]: Pool generation batch 8 failed {"service":"talentsecure-api","driveId":"cc4b0046-3d77-4fcd-aa34-e28a53a50f28","error":"Cannot use a pool after calling end on the pool"}
2026-03-03 16:43:06 [[32minfo[39m]: Pool generation batch 9: generating 30 questions (0/30 done) {"service":"talentsecure-api","driveId":"cc4b0046-3d77-4fcd-aa34-e28a53a50f28"}
2026-03-03 16:43:06 [[32minfo[39m]: Calling OpenAI for dynamic assessment generation {"service":"talentsecure-api","weights":[{"category":"JavaScript","percentage":40},{"category":"TypeScript","percentage":30},{"category":"Logic","percentage":30}],"totalQuestions":30,"model":"gpt-4o-mini"}
2026-03-03 16:44:01 [[32minfo[39m]: Dynamic assessment generated successfully {"service":"talentsecure-api","totalQuestions":16,"categories":[{"category":"JavaScript","count":6,"percentage":40},{"category":"TypeScript","count":4,"percentage":30},{"category":"Logic","count":6,"percentage":30}]}
2026-03-03 16:44:01 [[31merror[39m]: Pool generation batch 9 failed {"service":"talentsecure-api","driveId":"cc4b0046-3d77-4fcd-aa34-e28a53a50f28","error":"Cannot use a pool after calling end on the pool"}
2026-03-03 16:44:04 [[32minfo[39m]: Pool generation batch 10: generating 30 questions (0/30 done) {"service":"talentsecure-api","driveId":"cc4b0046-3d77-4fcd-aa34-e28a53a50f28"}
2026-03-03 16:44:04 [[32minfo[39m]: Calling OpenAI for dynamic assessment generation {"service":"talentsecure-api","weights":[{"category":"JavaScript","percentage":40},{"category":"TypeScript","percentage":30},{"category":"Logic","percentage":30}],"totalQuestions":30,"model":"gpt-4o-mini"}
2026-03-03 16:45:05 [[32minfo[39m]: Dynamic assessment generated successfully {"service":"talentsecure-api","totalQuestions":17,"categories":[{"category":"JavaScript","count":6,"percentage":40},{"category":"TypeScript","count":5,"percentage":30},{"category":"Logic","count":6,"percentage":30}]}
2026-03-03 16:45:05 [[31merror[39m]: Pool generation batch 10 failed {"service":"talentsecure-api","driveId":"cc4b0046-3d77-4fcd-aa34-e28a53a50f28","error":"Cannot use a pool after calling end on the pool"}
2026-03-03 16:45:08 [[32minfo[39m]: Pool generation batch 11: generating 30 questions (0/30 done) {"service":"talentsecure-api","driveId":"cc4b0046-3d77-4fcd-aa34-e28a53a50f28"}
2026-03-03 16:45:08 [[32minfo[39m]: Calling OpenAI for dynamic assessment generation {"service":"talentsecure-api","weights":[{"category":"JavaScript","percentage":40},{"category":"TypeScript","percentage":30},{"category":"Logic","percentage":30}],"totalQuestions":30,"model":"gpt-4o-mini"}
2026-03-03 16:46:07 [[32minfo[39m]: Dynamic assessment generated successfully {"service":"talentsecure-api","totalQuestions":18,"categories":[{"category":"JavaScript","count":4,"percentage":40},{"category":"TypeScript","count":5,"percentage":30},{"category":"Logic","count":9,"percentage":30}]}
2026-03-03 16:46:07 [[31merror[39m]: Pool generation batch 11 failed {"service":"talentsecure-api","driveId":"cc4b0046-3d77-4fcd-aa34-e28a53a50f28","error":"Cannot use a pool after calling end on the pool"}
2026-03-03 16:46:10 [[32minfo[39m]: Pool generation batch 12: generating 30 questions (0/30 done) {"service":"talentsecure-api","driveId":"cc4b0046-3d77-4fcd-aa34-e28a53a50f28"}
2026-03-03 16:46:10 [[32minfo[39m]: Calling OpenAI for dynamic assessment generation {"service":"talentsecure-api","weights":[{"category":"JavaScript","percentage":40},{"category":"TypeScript","percentage":30},{"category":"Logic","percentage":30}],"totalQuestions":30,"model":"gpt-4o-mini"}
2026-03-03 16:46:46 [[32minfo[39m]: Dynamic assessment generated successfully {"service":"talentsecure-api","totalQuestions":16,"categories":[{"category":"JavaScript","count":4,"percentage":40},{"category":"TypeScript","count":6,"percentage":30},{"category":"Logic","count":6,"percentage":30}]}
2026-03-03 16:46:46 [[31merror[39m]: Pool generation batch 12 failed {"service":"talentsecure-api","driveId":"cc4b0046-3d77-4fcd-aa34-e28a53a50f28","error":"Cannot use a pool after calling end on the pool"}
2026-03-03 16:46:49 [[32minfo[39m]: Pool generation batch 13: generating 30 questions (0/30 done) {"service":"talentsecure-api","driveId":"cc4b0046-3d77-4fcd-aa34-e28a53a50f28"}
2026-03-03 16:46:49 [[32minfo[39m]: Calling OpenAI for dynamic assessment generation {"service":"talentsecure-api","weights":[{"category":"JavaScript","percentage":40},{"category":"TypeScript","percentage":30},{"category":"Logic","percentage":30}],"totalQuestions":30,"model":"gpt-4o-mini"}
2026-03-03 16:47:36 [[32minfo[39m]: Dynamic assessment generated successfully {"service":"talentsecure-api","totalQuestions":20,"categories":[{"category":"JavaScript","count":6,"percentage":40},{"category":"TypeScript","count":5,"percentage":30},{"category":"Logic","count":9,"percentage":30}]}
2026-03-03 16:47:36 [[31merror[39m]: Pool generation batch 13 failed {"service":"talentsecure-api","driveId":"cc4b0046-3d77-4fcd-aa34-e28a53a50f28","error":"Cannot use a pool after calling end on the pool"}
2026-03-03 16:47:39 [[32minfo[39m]: Pool generation batch 14: generating 30 questions (0/30 done) {"service":"talentsecure-api","driveId":"cc4b0046-3d77-4fcd-aa34-e28a53a50f28"}
2026-03-03 16:47:39 [[32minfo[39m]: Calling OpenAI for dynamic assessment generation {"service":"talentsecure-api","weights":[{"category":"JavaScript","percentage":40},{"category":"TypeScript","percentage":30},{"category":"Logic","percentage":30}],"totalQuestions":30,"model":"gpt-4o-mini"}
2026-03-03 16:48:51 [[32minfo[39m]: Dynamic assessment generated successfully {"service":"talentsecure-api","totalQuestions":20,"categories":[{"category":"JavaScript","count":6,"percentage":40},{"category":"TypeScript","count":5,"percentage":30},{"category":"Logic","count":9,"percentage":30}]}
2026-03-03 16:48:51 [[31merror[39m]: Pool generation batch 14 failed {"service":"talentsecure-api","driveId":"cc4b0046-3d77-4fcd-aa34-e28a53a50f28","error":"Cannot use a pool after calling end on the pool"}
2026-03-03 16:48:54 [[32minfo[39m]: Pool generation batch 15: generating 30 questions (0/30 done) {"service":"talentsecure-api","driveId":"cc4b0046-3d77-4fcd-aa34-e28a53a50f28"}
2026-03-03 16:48:54 [[32minfo[39m]: Calling OpenAI for dynamic assessment generation {"service":"talentsecure-api","weights":[{"category":"JavaScript","percentage":40},{"category":"TypeScript","percentage":30},{"category":"Logic","percentage":30}],"totalQuestions":30,"model":"gpt-4o-mini"}
2026-03-03 16:49:40 [[32minfo[39m]: Dynamic assessment generated successfully {"service":"talentsecure-api","totalQuestions":17,"categories":[{"category":"JavaScript","count":4,"percentage":40},{"category":"TypeScript","count":4,"percentage":30},{"category":"Logic","count":9,"percentage":30}]}
2026-03-03 16:49:40 [[31merror[39m]: Pool generation batch 15 failed {"service":"talentsecure-api","driveId":"cc4b0046-3d77-4fcd-aa34-e28a53a50f28","error":"Cannot use a pool after calling end on the pool"}
2026-03-03 16:49:43 [[32minfo[39m]: Pool generation batch 16: generating 30 questions (0/30 done) {"service":"talentsecure-api","driveId":"cc4b0046-3d77-4fcd-aa34-e28a53a50f28"}
2026-03-03 16:49:43 [[32minfo[39m]: Calling OpenAI for dynamic assessment generation {"service":"talentsecure-api","weights":[{"category":"JavaScript","percentage":40},{"category":"TypeScript","percentage":30},{"category":"Logic","percentage":30}],"totalQuestions":30,"model":"gpt-4o-mini"}
2026-03-03 16:53:24 [[31merror[39m]: LLM service error (generate-dynamic) {"service":"talentsecure-api","error":"fetch failed"}
2026-03-03 16:53:24 [[31merror[39m]: Pool generation batch 16 failed {"service":"talentsecure-api","driveId":"cc4b0046-3d77-4fcd-aa34-e28a53a50f28","error":"Failed to generate dynamic assessment: fetch failed"}
2026-03-03 16:53:28 [[32minfo[39m]: Pool generation batch 17: generating 30 questions (0/30 done) {"service":"talentsecure-api","driveId":"cc4b0046-3d77-4fcd-aa34-e28a53a50f28"}
2026-03-03 16:53:28 [[32minfo[39m]: Calling OpenAI for dynamic assessment generation {"service":"talentsecure-api","weights":[{"category":"JavaScript","percentage":40},{"category":"TypeScript","percentage":30},{"category":"Logic","percentage":30}],"totalQuestions":30,"model":"gpt-4o-mini"}
2026-03-03 16:54:18 [[32minfo[39m]: Dynamic assessment generated successfully {"service":"talentsecure-api","totalQuestions":23,"categories":[{"category":"JavaScript","count":6,"percentage":40},{"category":"TypeScript","count":8,"percentage":30},{"category":"Logic","count":9,"percentage":30}]}
2026-03-03 16:54:18 [[31merror[39m]: Pool generation batch 17 failed {"service":"talentsecure-api","driveId":"cc4b0046-3d77-4fcd-aa34-e28a53a50f28","error":"Cannot use a pool after calling end on the pool"}
2026-03-03 16:54:21 [[32minfo[39m]: Pool generation batch 18: generating 30 questions (0/30 done) {"service":"talentsecure-api","driveId":"cc4b0046-3d77-4fcd-aa34-e28a53a50f28"}
2026-03-03 16:54:21 [[32minfo[39m]: Calling OpenAI for dynamic assessment generation {"service":"talentsecure-api","weights":[{"category":"JavaScript","percentage":40},{"category":"TypeScript","percentage":30},{"category":"Logic","percentage":30}],"totalQuestions":30,"model":"gpt-4o-mini"}
2026-03-03 16:55:10 [[32minfo[39m]: Dynamic assessment generated successfully {"service":"talentsecure-api","totalQuestions":17,"categories":[{"category":"JavaScript","count":6,"percentage":40},{"category":"TypeScript","count":5,"percentage":30},{"category":"Logic","count":6,"percentage":30}]}
2026-03-03 16:55:10 [[31merror[39m]: Pool generation batch 18 failed {"service":"talentsecure-api","driveId":"cc4b0046-3d77-4fcd-aa34-e28a53a50f28","error":"Cannot use a pool after calling end on the pool"}
2026-03-03 16:55:13 [[32minfo[39m]: Pool generation batch 19: generating 30 questions (0/30 done) {"service":"talentsecure-api","driveId":"cc4b0046-3d77-4fcd-aa34-e28a53a50f28"}
2026-03-03 16:55:13 [[32minfo[39m]: Calling OpenAI for dynamic assessment generation {"service":"talentsecure-api","weights":[{"category":"JavaScript","percentage":40},{"category":"TypeScript","percentage":30},{"category":"Logic","percentage":30}],"totalQuestions":30,"model":"gpt-4o-mini"}
2026-03-03 16:55:58 [[32minfo[39m]: Dynamic assessment generated successfully {"service":"talentsecure-api","totalQuestions":18,"categories":[{"category":"JavaScript","count":5,"percentage":40},{"category":"TypeScript","count":4,"percentage":30},{"category":"Logic","count":9,"percentage":30}]}
2026-03-03 16:55:58 [[31merror[39m]: Pool generation batch 19 failed {"service":"talentsecure-api","driveId":"cc4b0046-3d77-4fcd-aa34-e28a53a50f28","error":"Cannot use a pool after calling end on the pool"}
2026-03-03 16:56:01 [[32minfo[39m]: Pool generation batch 20: generating 30 questions (0/30 done) {"service":"talentsecure-api","driveId":"cc4b0046-3d77-4fcd-aa34-e28a53a50f28"}
2026-03-03 16:56:01 [[32minfo[39m]: Calling OpenAI for dynamic assessment generation {"service":"talentsecure-api","weights":[{"category":"JavaScript","percentage":40},{"category":"TypeScript","percentage":30},{"category":"Logic","percentage":30}],"totalQuestions":30,"model":"gpt-4o-mini"}
2026-03-03 16:56:56 [[32minfo[39m]: Dynamic assessment generated successfully {"service":"talentsecure-api","totalQuestions":17,"categories":[{"category":"JavaScript","count":5,"percentage":40},{"category":"TypeScript","count":4,"percentage":30},{"category":"Logic","count":8,"percentage":30}]}
2026-03-03 16:56:56 [[31merror[39m]: Pool generation batch 20 failed {"service":"talentsecure-api","driveId":"cc4b0046-3d77-4fcd-aa34-e28a53a50f28","error":"Cannot use a pool after calling end on the pool"}
2026-03-03 16:56:59 [[32minfo[39m]: Pool generation batch 21: generating 30 questions (0/30 done) {"service":"talentsecure-api","driveId":"cc4b0046-3d77-4fcd-aa34-e28a53a50f28"}
2026-03-03 16:56:59 [[32minfo[39m]: Calling OpenAI for dynamic assessment generation {"service":"talentsecure-api","weights":[{"category":"JavaScript","percentage":40},{"category":"TypeScript","percentage":30},{"category":"Logic","percentage":30}],"totalQuestions":30,"model":"gpt-4o-mini"}
2026-03-03 16:57:43 [[32minfo[39m]: Dynamic assessment generated successfully {"service":"talentsecure-api","totalQuestions":17,"categories":[{"category":"JavaScript","count":4,"percentage":40},{"category":"TypeScript","count":5,"percentage":30},{"category":"Logic","count":8,"percentage":30}]}
2026-03-03 16:57:43 [[31merror[39m]: Pool generation batch 21 failed {"service":"talentsecure-api","driveId":"cc4b0046-3d77-4fcd-aa34-e28a53a50f28","error":"Cannot use a pool after calling end on the pool"}
2026-03-03 16:57:47 [[32minfo[39m]: Pool generation batch 22: generating 30 questions (0/30 done) {"service":"talentsecure-api","driveId":"cc4b0046-3d77-4fcd-aa34-e28a53a50f28"}
2026-03-03 16:57:47 [[32minfo[39m]: Calling OpenAI for dynamic assessment generation {"service":"talentsecure-api","weights":[{"category":"JavaScript","percentage":40},{"category":"TypeScript","percentage":30},{"category":"Logic","percentage":30}],"totalQuestions":30,"model":"gpt-4o-mini"}
2026-03-03 16:58:31 [[32minfo[39m]: Dynamic assessment generated successfully {"service":"talentsecure-api","totalQuestions":19,"categories":[{"category":"JavaScript","count":4,"percentage":40},{"category":"TypeScript","count":5,"percentage":30},{"category":"Logic","count":10,"percentage":30}]}
2026-03-03 16:58:31 [[31merror[39m]: Pool generation batch 22 failed {"service":"talentsecure-api","driveId":"cc4b0046-3d77-4fcd-aa34-e28a53a50f28","error":"Cannot use a pool after calling end on the pool"}
2026-03-03 16:58:34 [[32minfo[39m]: Pool generation batch 23: generating 30 questions (0/30 done) {"service":"talentsecure-api","driveId":"cc4b0046-3d77-4fcd-aa34-e28a53a50f28"}
2026-03-03 16:58:34 [[32minfo[39m]: Calling OpenAI for dynamic assessment generation {"service":"talentsecure-api","weights":[{"category":"JavaScript","percentage":40},{"category":"TypeScript","percentage":30},{"category":"Logic","percentage":30}],"totalQuestions":30,"model":"gpt-4o-mini"}
2026-03-03 16:59:18 [[32minfo[39m]: Dynamic assessment generated successfully {"service":"talentsecure-api","totalQuestions":17,"categories":[{"category":"JavaScript","count":6,"percentage":40},{"category":"TypeScript","count":5,"percentage":30},{"category":"Logic","count":6,"percentage":30}]}
2026-03-03 16:59:18 [[31merror[39m]: Pool generation batch 23 failed {"service":"talentsecure-api","driveId":"cc4b0046-3d77-4fcd-aa34-e28a53a50f28","error":"Cannot use a pool after calling end on the pool"}
2026-03-03 16:59:21 [[32minfo[39m]: Pool generation batch 24: generating 30 questions (0/30 done) {"service":"talentsecure-api","driveId":"cc4b0046-3d77-4fcd-aa34-e28a53a50f28"}
2026-03-03 16:59:21 [[32minfo[39m]: Calling OpenAI for dynamic assessment generation {"service":"talentsecure-api","weights":[{"category":"JavaScript","percentage":40},{"category":"TypeScript","percentage":30},{"category":"Logic","percentage":30}],"totalQuestions":30,"model":"gpt-4o-mini"}
2026-03-03 17:00:31 [[32minfo[39m]: Dynamic assessment generated successfully {"service":"talentsecure-api","totalQuestions":19,"categories":[{"category":"JavaScript","count":6,"percentage":40},{"category":"TypeScript","count":5,"percentage":30},{"category":"Logic","count":8,"percentage":30}]}
2026-03-03 17:00:31 [[31merror[39m]: Pool generation batch 24 failed {"service":"talentsecure-api","driveId":"cc4b0046-3d77-4fcd-aa34-e28a53a50f28","error":"Cannot use a pool after calling end on the pool"}
2026-03-03 17:00:34 [[32minfo[39m]: Pool generation batch 25: generating 30 questions (0/30 done) {"service":"talentsecure-api","driveId":"cc4b0046-3d77-4fcd-aa34-e28a53a50f28"}
2026-03-03 17:00:34 [[32minfo[39m]: Calling OpenAI for dynamic assessment generation {"service":"talentsecure-api","weights":[{"category":"JavaScript","percentage":40},{"category":"TypeScript","percentage":30},{"category":"Logic","percentage":30}],"totalQuestions":30,"model":"gpt-4o-mini"}
2026-03-03 17:01:42 [[32minfo[39m]: Dynamic assessment generated successfully {"service":"talentsecure-api","totalQuestions":20,"categories":[{"category":"JavaScript","count":6,"percentage":40},{"category":"TypeScript","count":5,"percentage":30},{"category":"Logic","count":9,"percentage":30}]}
2026-03-03 17:01:42 [[31merror[39m]: Pool generation batch 25 failed {"service":"talentsecure-api","driveId":"cc4b0046-3d77-4fcd-aa34-e28a53a50f28","error":"Cannot use a pool after calling end on the pool"}
2026-03-03 17:01:45 [[32minfo[39m]: Pool generation batch 26: generating 30 questions (0/30 done) {"service":"talentsecure-api","driveId":"cc4b0046-3d77-4fcd-aa34-e28a53a50f28"}
2026-03-03 17:01:45 [[32minfo[39m]: Calling OpenAI for dynamic assessment generation {"service":"talentsecure-api","weights":[{"category":"JavaScript","percentage":40},{"category":"TypeScript","percentage":30},{"category":"Logic","percentage":30}],"totalQuestions":30,"model":"gpt-4o-mini"}
2026-03-03 17:02:48 [[32minfo[39m]: Dynamic assessment generated successfully {"service":"talentsecure-api","totalQuestions":19,"categories":[{"category":"JavaScript","count":8,"percentage":40},{"category":"TypeScript","count":6,"percentage":30},{"category":"Logic","count":5,"percentage":30}]}
2026-03-03 17:02:48 [[31merror[39m]: Pool generation batch 26 failed {"service":"talentsecure-api","driveId":"cc4b0046-3d77-4fcd-aa34-e28a53a50f28","error":"Cannot use a pool after calling end on the pool"}
2026-03-03 17:02:51 [[32minfo[39m]: Pool generation batch 27: generating 30 questions (0/30 done) {"service":"talentsecure-api","driveId":"cc4b0046-3d77-4fcd-aa34-e28a53a50f28"}
2026-03-03 17:02:51 [[32minfo[39m]: Calling OpenAI for dynamic assessment generation {"service":"talentsecure-api","weights":[{"category":"JavaScript","percentage":40},{"category":"TypeScript","percentage":30},{"category":"Logic","percentage":30}],"totalQuestions":30,"model":"gpt-4o-mini"}
2026-03-03 17:03:40 [[32minfo[39m]: Dynamic assessment generated successfully {"service":"talentsecure-api","totalQuestions":16,"categories":[{"category":"JavaScript","count":4,"percentage":40},{"category":"TypeScript","count":4,"percentage":30},{"category":"Logic","count":8,"percentage":30}]}
2026-03-03 17:03:40 [[31merror[39m]: Pool generation batch 27 failed {"service":"talentsecure-api","driveId":"cc4b0046-3d77-4fcd-aa34-e28a53a50f28","error":"Cannot use a pool after calling end on the pool"}
2026-03-03 17:03:43 [[32minfo[39m]: Pool generation batch 28: generating 30 questions (0/30 done) {"service":"talentsecure-api","driveId":"cc4b0046-3d77-4fcd-aa34-e28a53a50f28"}
2026-03-03 17:03:43 [[32minfo[39m]: Calling OpenAI for dynamic assessment generation {"service":"talentsecure-api","weights":[{"category":"JavaScript","percentage":40},{"category":"TypeScript","percentage":30},{"category":"Logic","percentage":30}],"totalQuestions":30,"model":"gpt-4o-mini"}
2026-03-03 17:04:35 [[32minfo[39m]: Dynamic assessment generated successfully {"service":"talentsecure-api","totalQuestions":18,"categories":[{"category":"JavaScript","count":5,"percentage":40},{"category":"TypeScript","count":5,"percentage":30},{"category":"Logic","count":8,"percentage":30}]}
2026-03-03 17:04:35 [[31merror[39m]: Pool generation batch 28 failed {"service":"talentsecure-api","driveId":"cc4b0046-3d77-4fcd-aa34-e28a53a50f28","error":"Cannot use a pool after calling end on the pool"}
2026-03-03 17:04:38 [[32minfo[39m]: Pool generation batch 29: generating 30 questions (0/30 done) {"service":"talentsecure-api","driveId":"cc4b0046-3d77-4fcd-aa34-e28a53a50f28"}
2026-03-03 17:04:38 [[32minfo[39m]: Calling OpenAI for dynamic assessment generation {"service":"talentsecure-api","weights":[{"category":"JavaScript","percentage":40},{"category":"TypeScript","percentage":30},{"category":"Logic","percentage":30}],"totalQuestions":30,"model":"gpt-4o-mini"}
2026-03-03 17:05:51 [[32minfo[39m]: Dynamic assessment generated successfully {"service":"talentsecure-api","totalQuestions":18,"categories":[{"category":"JavaScript","count":5,"percentage":40},{"category":"TypeScript","count":5,"percentage":30},{"category":"Logic","count":8,"percentage":30}]}
2026-03-03 17:05:51 [[31merror[39m]: Pool generation batch 29 failed {"service":"talentsecure-api","driveId":"cc4b0046-3d77-4fcd-aa34-e28a53a50f28","error":"Cannot use a pool after calling end on the pool"}
2026-03-03 17:05:54 [[32minfo[39m]: Pool generation batch 30: generating 30 questions (0/30 done) {"service":"talentsecure-api","driveId":"cc4b0046-3d77-4fcd-aa34-e28a53a50f28"}
2026-03-03 17:05:54 [[32minfo[39m]: Calling OpenAI for dynamic assessment generation {"service":"talentsecure-api","weights":[{"category":"JavaScript","percentage":40},{"category":"TypeScript","percentage":30},{"category":"Logic","percentage":30}],"totalQuestions":30,"model":"gpt-4o-mini"}
2026-03-03 17:06:50 [[32minfo[39m]: Dynamic assessment generated successfully {"service":"talentsecure-api","totalQuestions":18,"categories":[{"category":"JavaScript","count":4,"percentage":40},{"category":"TypeScript","count":5,"percentage":30},{"category":"Logic","count":9,"percentage":30}]}
2026-03-03 17:06:50 [[31merror[39m]: Pool generation batch 30 failed {"service":"talentsecure-api","driveId":"cc4b0046-3d77-4fcd-aa34-e28a53a50f28","error":"Cannot use a pool after calling end on the pool"}
2026-03-03 17:06:53 [[32minfo[39m]: Pool generation batch 31: generating 30 questions (0/30 done) {"service":"talentsecure-api","driveId":"cc4b0046-3d77-4fcd-aa34-e28a53a50f28"}
2026-03-03 17:06:53 [[32minfo[39m]: Calling OpenAI for dynamic assessment generation {"service":"talentsecure-api","weights":[{"category":"JavaScript","percentage":40},{"category":"TypeScript","percentage":30},{"category":"Logic","percentage":30}],"totalQuestions":30,"model":"gpt-4o-mini"}
2026-03-03 17:07:57 [[32minfo[39m]: Dynamic assessment generated successfully {"service":"talentsecure-api","totalQuestions":17,"categories":[{"category":"JavaScript","count":5,"percentage":40},{"category":"TypeScript","count":4,"percentage":30},{"category":"Logic","count":8,"percentage":30}]}
2026-03-03 17:07:57 [[31merror[39m]: Pool generation batch 31 failed {"service":"talentsecure-api","driveId":"cc4b0046-3d77-4fcd-aa34-e28a53a50f28","error":"Cannot use a pool after calling end on the pool"}
2026-03-03 17:08:00 [[32minfo[39m]: Pool generation batch 32: generating 30 questions (0/30 done) {"service":"talentsecure-api","driveId":"cc4b0046-3d77-4fcd-aa34-e28a53a50f28"}
2026-03-03 17:08:00 [[32minfo[39m]: Calling OpenAI for dynamic assessment generation {"service":"talentsecure-api","weights":[{"category":"JavaScript","percentage":40},{"category":"TypeScript","percentage":30},{"category":"Logic","percentage":30}],"totalQuestions":30,"model":"gpt-4o-mini"}
2026-03-03 17:09:02 [[32minfo[39m]: Dynamic assessment generated successfully {"service":"talentsecure-api","totalQuestions":18,"categories":[{"category":"JavaScript","count":5,"percentage":40},{"category":"TypeScript","count":4,"percentage":30},{"category":"Logic","count":9,"percentage":30}]}
2026-03-03 17:09:02 [[31merror[39m]: Pool generation batch 32 failed {"service":"talentsecure-api","driveId":"cc4b0046-3d77-4fcd-aa34-e28a53a50f28","error":"Cannot use a pool after calling end on the pool"}
2026-03-03 17:09:05 [[32minfo[39m]: Pool generation batch 33: generating 30 questions (0/30 done) {"service":"talentsecure-api","driveId":"cc4b0046-3d77-4fcd-aa34-e28a53a50f28"}
2026-03-03 17:09:05 [[32minfo[39m]: Calling OpenAI for dynamic assessment generation {"service":"talentsecure-api","weights":[{"category":"JavaScript","percentage":40},{"category":"TypeScript","percentage":30},{"category":"Logic","percentage":30}],"totalQuestions":30,"model":"gpt-4o-mini"}
2026-03-03 17:09:59 [[32minfo[39m]: Dynamic assessment generated successfully {"service":"talentsecure-api","totalQuestions":20,"categories":[{"category":"JavaScript","count":5,"percentage":40},{"category":"TypeScript","count":5,"percentage":30},{"category":"Logic","count":10,"percentage":30}]}
2026-03-03 17:09:59 [[31merror[39m]: Pool generation batch 33 failed {"service":"talentsecure-api","driveId":"cc4b0046-3d77-4fcd-aa34-e28a53a50f28","error":"Cannot use a pool after calling end on the pool"}
2026-03-03 17:10:02 [[32minfo[39m]: Pool generation batch 34: generating 30 questions (0/30 done) {"service":"talentsecure-api","driveId":"cc4b0046-3d77-4fcd-aa34-e28a53a50f28"}
2026-03-03 17:10:02 [[32minfo[39m]: Calling OpenAI for dynamic assessment generation {"service":"talentsecure-api","weights":[{"category":"JavaScript","percentage":40},{"category":"TypeScript","percentage":30},{"category":"Logic","percentage":30}],"totalQuestions":30,"model":"gpt-4o-mini"}
2026-03-03 17:11:03 [[32minfo[39m]: Dynamic assessment generated successfully {"service":"talentsecure-api","totalQuestions":16,"categories":[{"category":"JavaScript","count":5,"percentage":40},{"category":"TypeScript","count":3,"percentage":30},{"category":"Logic","count":8,"percentage":30}]}
2026-03-03 17:11:03 [[31merror[39m]: Pool generation batch 34 failed {"service":"talentsecure-api","driveId":"cc4b0046-3d77-4fcd-aa34-e28a53a50f28","error":"Cannot use a pool after calling end on the pool"}
2026-03-03 17:11:06 [[32minfo[39m]: Pool generation batch 35: generating 30 questions (0/30 done) {"service":"talentsecure-api","driveId":"cc4b0046-3d77-4fcd-aa34-e28a53a50f28"}
2026-03-03 17:11:06 [[32minfo[39m]: Calling OpenAI for dynamic assessment generation {"service":"talentsecure-api","weights":[{"category":"JavaScript","percentage":40},{"category":"TypeScript","percentage":30},{"category":"Logic","percentage":30}],"totalQuestions":30,"model":"gpt-4o-mini"}
2026-03-03 17:11:59 [[32minfo[39m]: Dynamic assessment generated successfully {"service":"talentsecure-api","totalQuestions":13,"categories":[{"category":"JavaScript","count":4,"percentage":40},{"category":"TypeScript","count":3,"percentage":30},{"category":"Logic","count":6,"percentage":30}]}
2026-03-03 17:11:59 [[31merror[39m]: Pool generation batch 35 failed {"service":"talentsecure-api","driveId":"cc4b0046-3d77-4fcd-aa34-e28a53a50f28","error":"Cannot use a pool after calling end on the pool"}
2026-03-03 17:12:02 [[32minfo[39m]: Pool generation batch 36: generating 30 questions (0/30 done) {"service":"talentsecure-api","driveId":"cc4b0046-3d77-4fcd-aa34-e28a53a50f28"}
2026-03-03 17:12:02 [[32minfo[39m]: Calling OpenAI for dynamic assessment generation {"service":"talentsecure-api","weights":[{"category":"JavaScript","percentage":40},{"category":"TypeScript","percentage":30},{"category":"Logic","percentage":30}],"totalQuestions":30,"model":"gpt-4o-mini"}
2026-03-03 17:13:24 [[32minfo[39m]: Dynamic assessment generated successfully {"service":"talentsecure-api","totalQuestions":18,"categories":[{"category":"JavaScript","count":5,"percentage":40},{"category":"TypeScript","count":5,"percentage":30},{"category":"Logic","count":8,"percentage":30}]}
2026-03-03 17:13:24 [[31merror[39m]: Pool generation batch 36 failed {"service":"talentsecure-api","driveId":"cc4b0046-3d77-4fcd-aa34-e28a53a50f28","error":"Cannot use a pool after calling end on the pool"}
2026-03-03 17:13:27 [[32minfo[39m]: Pool generation batch 37: generating 30 questions (0/30 done) {"service":"talentsecure-api","driveId":"cc4b0046-3d77-4fcd-aa34-e28a53a50f28"}
2026-03-03 17:13:27 [[32minfo[39m]: Calling OpenAI for dynamic assessment generation {"service":"talentsecure-api","weights":[{"category":"JavaScript","percentage":40},{"category":"TypeScript","percentage":30},{"category":"Logic","percentage":30}],"totalQuestions":30,"model":"gpt-4o-mini"}
2026-03-03 17:14:43 [[32minfo[39m]: Dynamic assessment generated successfully {"service":"talentsecure-api","totalQuestions":23,"categories":[{"category":"JavaScript","count":11,"percentage":40},{"category":"TypeScript","count":6,"percentage":30},{"category":"Logic","count":6,"percentage":30}]}
2026-03-03 17:14:43 [[31merror[39m]: Pool generation batch 37 failed {"service":"talentsecure-api","driveId":"cc4b0046-3d77-4fcd-aa34-e28a53a50f28","error":"Cannot use a pool after calling end on the pool"}
2026-03-03 17:14:46 [[32minfo[39m]: Pool generation batch 38: generating 30 questions (0/30 done) {"service":"talentsecure-api","driveId":"cc4b0046-3d77-4fcd-aa34-e28a53a50f28"}
2026-03-03 17:14:46 [[32minfo[39m]: Calling OpenAI for dynamic assessment generation {"service":"talentsecure-api","weights":[{"category":"JavaScript","percentage":40},{"category":"TypeScript","percentage":30},{"category":"Logic","percentage":30}],"totalQuestions":30,"model":"gpt-4o-mini"}
2026-03-03 17:15:51 [[32minfo[39m]: Dynamic assessment generated successfully {"service":"talentsecure-api","totalQuestions":17,"categories":[{"category":"JavaScript","count":4,"percentage":40},{"category":"TypeScript","count":5,"percentage":30},{"category":"Logic","count":8,"percentage":30}]}
2026-03-03 17:15:51 [[31merror[39m]: Pool generation batch 38 failed {"service":"talentsecure-api","driveId":"cc4b0046-3d77-4fcd-aa34-e28a53a50f28","error":"Cannot use a pool after calling end on the pool"}
2026-03-03 17:15:54 [[32minfo[39m]: Pool generation batch 39: generating 30 questions (0/30 done) {"service":"talentsecure-api","driveId":"cc4b0046-3d77-4fcd-aa34-e28a53a50f28"}
2026-03-03 17:15:54 [[32minfo[39m]: Calling OpenAI for dynamic assessment generation {"service":"talentsecure-api","weights":[{"category":"JavaScript","percentage":40},{"category":"TypeScript","percentage":30},{"category":"Logic","percentage":30}],"totalQuestions":30,"model":"gpt-4o-mini"}
2026-03-03 17:17:11 [[32minfo[39m]: Dynamic assessment generated successfully {"service":"talentsecure-api","totalQuestions":18,"categories":[{"category":"JavaScript","count":5,"percentage":40},{"category":"TypeScript","count":5,"percentage":30},{"category":"Logic","count":8,"percentage":30}]}
2026-03-03 17:17:11 [[31merror[39m]: Pool generation batch 39 failed {"service":"talentsecure-api","driveId":"cc4b0046-3d77-4fcd-aa34-e28a53a50f28","error":"Cannot use a pool after calling end on the pool"}
2026-03-03 17:17:14 [[32minfo[39m]: Pool generation batch 40: generating 30 questions (0/30 done) {"service":"talentsecure-api","driveId":"cc4b0046-3d77-4fcd-aa34-e28a53a50f28"}
2026-03-03 17:17:14 [[32minfo[39m]: Calling OpenAI for dynamic assessment generation {"service":"talentsecure-api","weights":[{"category":"JavaScript","percentage":40},{"category":"TypeScript","percentage":30},{"category":"Logic","percentage":30}],"totalQuestions":30,"model":"gpt-4o-mini"}
2026-03-03 17:18:34 [[32minfo[39m]: Dynamic assessment generated successfully {"service":"talentsecure-api","totalQuestions":18,"categories":[{"category":"JavaScript","count":4,"percentage":40},{"category":"TypeScript","count":5,"percentage":30},{"category":"Logic","count":9,"percentage":30}]}
2026-03-03 17:18:34 [[31merror[39m]: Pool generation batch 40 failed {"service":"talentsecure-api","driveId":"cc4b0046-3d77-4fcd-aa34-e28a53a50f28","error":"Cannot use a pool after calling end on the pool"}
2026-03-03 17:18:37 [[32minfo[39m]: Pool generation batch 41: generating 30 questions (0/30 done) {"service":"talentsecure-api","driveId":"cc4b0046-3d77-4fcd-aa34-e28a53a50f28"}
2026-03-03 17:18:37 [[32minfo[39m]: Calling OpenAI for dynamic assessment generation {"service":"talentsecure-api","weights":[{"category":"JavaScript","percentage":40},{"category":"TypeScript","percentage":30},{"category":"Logic","percentage":30}],"totalQuestions":30,"model":"gpt-4o-mini"}
2026-03-03 17:19:56 [[32minfo[39m]: Dynamic assessment generated successfully {"service":"talentsecure-api","totalQuestions":16,"categories":[{"category":"JavaScript","count":4,"percentage":40},{"category":"TypeScript","count":4,"percentage":30},{"category":"Logic","count":8,"percentage":30}]}
2026-03-03 17:19:56 [[31merror[39m]: Pool generation batch 41 failed {"service":"talentsecure-api","driveId":"cc4b0046-3d77-4fcd-aa34-e28a53a50f28","error":"Cannot use a pool after calling end on the pool"}
2026-03-03 17:19:59 [[32minfo[39m]: Pool generation batch 42: generating 30 questions (0/30 done) {"service":"talentsecure-api","driveId":"cc4b0046-3d77-4fcd-aa34-e28a53a50f28"}
2026-03-03 17:19:59 [[32minfo[39m]: Calling OpenAI for dynamic assessment generation {"service":"talentsecure-api","weights":[{"category":"JavaScript","percentage":40},{"category":"TypeScript","percentage":30},{"category":"Logic","percentage":30}],"totalQuestions":30,"model":"gpt-4o-mini"}
2026-03-03 17:21:11 [[32minfo[39m]: Dynamic assessment generated successfully {"service":"talentsecure-api","totalQuestions":18,"categories":[{"category":"JavaScript","count":4,"percentage":40},{"category":"TypeScript","count":4,"percentage":30},{"category":"Logic","count":10,"percentage":30}]}
2026-03-03 17:21:11 [[31merror[39m]: Pool generation batch 42 failed {"service":"talentsecure-api","driveId":"cc4b0046-3d77-4fcd-aa34-e28a53a50f28","error":"Cannot use a pool after calling end on the pool"}
2026-03-03 17:21:14 [[32minfo[39m]: Pool generation batch 43: generating 30 questions (0/30 done) {"service":"talentsecure-api","driveId":"cc4b0046-3d77-4fcd-aa34-e28a53a50f28"}
2026-03-03 17:21:14 [[32minfo[39m]: Calling OpenAI for dynamic assessment generation {"service":"talentsecure-api","weights":[{"category":"JavaScript","percentage":40},{"category":"TypeScript","percentage":30},{"category":"Logic","percentage":30}],"totalQuestions":30,"model":"gpt-4o-mini"}
2026-03-03 17:22:10 [[32minfo[39m]: Dynamic assessment generated successfully {"service":"talentsecure-api","totalQuestions":20,"categories":[{"category":"JavaScript","count":7,"percentage":40},{"category":"TypeScript","count":5,"percentage":30},{"category":"Logic","count":8,"percentage":30}]}
2026-03-03 17:22:10 [[31merror[39m]: Pool generation batch 43 failed {"service":"talentsecure-api","driveId":"cc4b0046-3d77-4fcd-aa34-e28a53a50f28","error":"Cannot use a pool after calling end on the pool"}
2026-03-03 17:22:13 [[32minfo[39m]: Pool generation batch 44: generating 30 questions (0/30 done) {"service":"talentsecure-api","driveId":"cc4b0046-3d77-4fcd-aa34-e28a53a50f28"}
2026-03-03 17:22:13 [[32minfo[39m]: Calling OpenAI for dynamic assessment generation {"service":"talentsecure-api","weights":[{"category":"JavaScript","percentage":40},{"category":"TypeScript","percentage":30},{"category":"Logic","percentage":30}],"totalQuestions":30,"model":"gpt-4o-mini"}
2026-03-03 17:23:12 [[32minfo[39m]: Dynamic assessment generated successfully {"service":"talentsecure-api","totalQuestions":19,"categories":[{"category":"JavaScript","count":5,"percentage":40},{"category":"TypeScript","count":5,"percentage":30},{"category":"Logic","count":9,"percentage":30}]}
2026-03-03 17:23:12 [[31merror[39m]: Pool generation batch 44 failed {"service":"talentsecure-api","driveId":"cc4b0046-3d77-4fcd-aa34-e28a53a50f28","error":"Cannot use a pool after calling end on the pool"}
2026-03-03 17:23:15 [[32minfo[39m]: Pool generation batch 45: generating 30 questions (0/30 done) {"service":"talentsecure-api","driveId":"cc4b0046-3d77-4fcd-aa34-e28a53a50f28"}
2026-03-03 17:23:15 [[32minfo[39m]: Calling OpenAI for dynamic assessment generation {"service":"talentsecure-api","weights":[{"category":"JavaScript","percentage":40},{"category":"TypeScript","percentage":30},{"category":"Logic","percentage":30}],"totalQuestions":30,"model":"gpt-4o-mini"}
2026-03-03 17:24:08 [[32minfo[39m]: Dynamic assessment generated successfully {"service":"talentsecure-api","totalQuestions":16,"categories":[{"category":"JavaScript","count":3,"percentage":40},{"category":"TypeScript","count":4,"percentage":30},{"category":"Logic","count":9,"percentage":30}]}
2026-03-03 17:24:08 [[31merror[39m]: Pool generation batch 45 failed {"service":"talentsecure-api","driveId":"cc4b0046-3d77-4fcd-aa34-e28a53a50f28","error":"Cannot use a pool after calling end on the pool"}
2026-03-03 17:24:11 [[32minfo[39m]: Pool generation batch 46: generating 30 questions (0/30 done) {"service":"talentsecure-api","driveId":"cc4b0046-3d77-4fcd-aa34-e28a53a50f28"}
2026-03-03 17:24:11 [[32minfo[39m]: Calling OpenAI for dynamic assessment generation {"service":"talentsecure-api","weights":[{"category":"JavaScript","percentage":40},{"category":"TypeScript","percentage":30},{"category":"Logic","percentage":30}],"totalQuestions":30,"model":"gpt-4o-mini"}
2026-03-03 17:25:16 [[32minfo[39m]: Dynamic assessment generated successfully {"service":"talentsecure-api","totalQuestions":17,"categories":[{"category":"JavaScript","count":4,"percentage":40},{"category":"TypeScript","count":5,"percentage":30},{"category":"Logic","count":8,"percentage":30}]}
2026-03-03 17:25:16 [[31merror[39m]: Pool generation batch 46 failed {"service":"talentsecure-api","driveId":"cc4b0046-3d77-4fcd-aa34-e28a53a50f28","error":"Cannot use a pool after calling end on the pool"}
2026-03-03 17:25:19 [[32minfo[39m]: Pool generation batch 47: generating 30 questions (0/30 done) {"service":"talentsecure-api","driveId":"cc4b0046-3d77-4fcd-aa34-e28a53a50f28"}
2026-03-03 17:25:19 [[32minfo[39m]: Calling OpenAI for dynamic assessment generation {"service":"talentsecure-api","weights":[{"category":"JavaScript","percentage":40},{"category":"TypeScript","percentage":30},{"category":"Logic","percentage":30}],"totalQuestions":30,"model":"gpt-4o-mini"}
2026-03-03 17:26:10 [[32minfo[39m]: Dynamic assessment generated successfully {"service":"talentsecure-api","totalQuestions":19,"categories":[{"category":"JavaScript","count":5,"percentage":40},{"category":"TypeScript","count":5,"percentage":30},{"category":"Logic","count":9,"percentage":30}]}
2026-03-03 17:26:10 [[31merror[39m]: Pool generation batch 47 failed {"service":"talentsecure-api","driveId":"cc4b0046-3d77-4fcd-aa34-e28a53a50f28","error":"Cannot use a pool after calling end on the pool"}
2026-03-03 17:26:13 [[32minfo[39m]: Pool generation batch 48: generating 30 questions (0/30 done) {"service":"talentsecure-api","driveId":"cc4b0046-3d77-4fcd-aa34-e28a53a50f28"}
2026-03-03 17:26:13 [[32minfo[39m]: Calling OpenAI for dynamic assessment generation {"service":"talentsecure-api","weights":[{"category":"JavaScript","percentage":40},{"category":"TypeScript","percentage":30},{"category":"Logic","percentage":30}],"totalQuestions":30,"model":"gpt-4o-mini"}
2026-03-03 17:27:09 [[32minfo[39m]: Dynamic assessment generated successfully {"service":"talentsecure-api","totalQuestions":18,"categories":[{"category":"JavaScript","count":4,"percentage":40},{"category":"TypeScript","count":5,"percentage":30},{"category":"Logic","count":9,"percentage":30}]}
2026-03-03 17:27:09 [[31merror[39m]: Pool generation batch 48 failed {"service":"talentsecure-api","driveId":"cc4b0046-3d77-4fcd-aa34-e28a53a50f28","error":"Cannot use a pool after calling end on the pool"}
2026-03-03 17:27:12 [[32minfo[39m]: Pool generation batch 49: generating 30 questions (0/30 done) {"service":"talentsecure-api","driveId":"cc4b0046-3d77-4fcd-aa34-e28a53a50f28"}
2026-03-03 17:27:12 [[32minfo[39m]: Calling OpenAI for dynamic assessment generation {"service":"talentsecure-api","weights":[{"category":"JavaScript","percentage":40},{"category":"TypeScript","percentage":30},{"category":"Logic","percentage":30}],"totalQuestions":30,"model":"gpt-4o-mini"}
2026-03-03 17:28:06 [[32minfo[39m]: Dynamic assessment generated successfully {"service":"talentsecure-api","totalQuestions":17,"categories":[{"category":"JavaScript","count":4,"percentage":40},{"category":"TypeScript","count":4,"percentage":30},{"category":"Logic","count":9,"percentage":30}]}
2026-03-03 17:28:06 [[31merror[39m]: Pool generation batch 49 failed {"service":"talentsecure-api","driveId":"cc4b0046-3d77-4fcd-aa34-e28a53a50f28","error":"Cannot use a pool after calling end on the pool"}
2026-03-03 17:28:09 [[32minfo[39m]: Pool generation batch 50: generating 30 questions (0/30 done) {"service":"talentsecure-api","driveId":"cc4b0046-3d77-4fcd-aa34-e28a53a50f28"}
2026-03-03 17:28:09 [[32minfo[39m]: Calling OpenAI for dynamic assessment generation {"service":"talentsecure-api","weights":[{"category":"JavaScript","percentage":40},{"category":"TypeScript","percentage":30},{"category":"Logic","percentage":30}],"totalQuestions":30,"model":"gpt-4o-mini"}
2026-03-03 17:28:59 [[32minfo[39m]: Dynamic assessment generated successfully {"service":"talentsecure-api","totalQuestions":16,"categories":[{"category":"JavaScript","count":5,"percentage":40},{"category":"TypeScript","count":5,"percentage":30},{"category":"Logic","count":6,"percentage":30}]}
2026-03-03 17:28:59 [[31merror[39m]: Pool generation batch 50 failed {"service":"talentsecure-api","driveId":"cc4b0046-3d77-4fcd-aa34-e28a53a50f28","error":"Cannot use a pool after calling end on the pool"}
2026-03-03 17:29:02 [[32minfo[39m]: Pool generation batch 51: generating 30 questions (0/30 done) {"service":"talentsecure-api","driveId":"cc4b0046-3d77-4fcd-aa34-e28a53a50f28"}
2026-03-03 17:29:02 [[32minfo[39m]: Calling OpenAI for dynamic assessment generation {"service":"talentsecure-api","weights":[{"category":"JavaScript","percentage":40},{"category":"TypeScript","percentage":30},{"category":"Logic","percentage":30}],"totalQuestions":30,"model":"gpt-4o-mini"}
2026-03-03 17:29:38 [[32minfo[39m]: Dynamic assessment generated successfully {"service":"talentsecure-api","totalQuestions":14,"categories":[{"category":"JavaScript","count":4,"percentage":40},{"category":"TypeScript","count":4,"percentage":30},{"category":"Logic","count":6,"percentage":30}]}
2026-03-03 17:29:38 [[31merror[39m]: Pool generation batch 51 failed {"service":"talentsecure-api","driveId":"cc4b0046-3d77-4fcd-aa34-e28a53a50f28","error":"Cannot use a pool after calling end on the pool"}
2026-03-03 17:29:41 [[32minfo[39m]: Pool generation batch 52: generating 30 questions (0/30 done) {"service":"talentsecure-api","driveId":"cc4b0046-3d77-4fcd-aa34-e28a53a50f28"}
2026-03-03 17:29:41 [[32minfo[39m]: Calling OpenAI for dynamic assessment generation {"service":"talentsecure-api","weights":[{"category":"JavaScript","percentage":40},{"category":"TypeScript","percentage":30},{"category":"Logic","percentage":30}],"totalQuestions":30,"model":"gpt-4o-mini"}
2026-03-03 17:30:30 [[32minfo[39m]: Dynamic assessment generated successfully {"service":"talentsecure-api","totalQuestions":17,"categories":[{"category":"JavaScript","count":4,"percentage":40},{"category":"TypeScript","count":4,"percentage":30},{"category":"Logic","count":9,"percentage":30}]}
2026-03-03 17:30:30 [[31merror[39m]: Pool generation batch 52 failed {"service":"talentsecure-api","driveId":"cc4b0046-3d77-4fcd-aa34-e28a53a50f28","error":"Cannot use a pool after calling end on the pool"}
2026-03-03 17:30:33 [[32minfo[39m]: Pool generation batch 53: generating 30 questions (0/30 done) {"service":"talentsecure-api","driveId":"cc4b0046-3d77-4fcd-aa34-e28a53a50f28"}
2026-03-03 17:30:33 [[32minfo[39m]: Calling OpenAI for dynamic assessment generation {"service":"talentsecure-api","weights":[{"category":"JavaScript","percentage":40},{"category":"TypeScript","percentage":30},{"category":"Logic","percentage":30}],"totalQuestions":30,"model":"gpt-4o-mini"}
2026-03-03 17:31:08 [[32minfo[39m]: Dynamic assessment generated successfully {"service":"talentsecure-api","totalQuestions":17,"categories":[{"category":"JavaScript","count":4,"percentage":40},{"category":"TypeScript","count":4,"percentage":30},{"category":"Logic","count":9,"percentage":30}]}
2026-03-03 17:31:08 [[31merror[39m]: Pool generation batch 53 failed {"service":"talentsecure-api","driveId":"cc4b0046-3d77-4fcd-aa34-e28a53a50f28","error":"Cannot use a pool after calling end on the pool"}
2026-03-03 17:31:11 [[32minfo[39m]: Pool generation batch 54: generating 30 questions (0/30 done) {"service":"talentsecure-api","driveId":"cc4b0046-3d77-4fcd-aa34-e28a53a50f28"}
2026-03-03 17:31:11 [[32minfo[39m]: Calling OpenAI for dynamic assessment generation {"service":"talentsecure-api","weights":[{"category":"JavaScript","percentage":40},{"category":"TypeScript","percentage":30},{"category":"Logic","percentage":30}],"totalQuestions":30,"model":"gpt-4o-mini"}
2026-03-03 17:32:05 [[32minfo[39m]: Dynamic assessment generated successfully {"service":"talentsecure-api","totalQuestions":21,"categories":[{"category":"JavaScript","count":4,"percentage":40},{"category":"TypeScript","count":8,"percentage":30},{"category":"Logic","count":9,"percentage":30}]}
2026-03-03 17:32:05 [[31merror[39m]: Pool generation batch 54 failed {"service":"talentsecure-api","driveId":"cc4b0046-3d77-4fcd-aa34-e28a53a50f28","error":"Cannot use a pool after calling end on the pool"}
2026-03-03 17:32:08 [[32minfo[39m]: Pool generation batch 55: generating 30 questions (0/30 done) {"service":"talentsecure-api","driveId":"cc4b0046-3d77-4fcd-aa34-e28a53a50f28"}
2026-03-03 17:32:08 [[32minfo[39m]: Calling OpenAI for dynamic assessment generation {"service":"talentsecure-api","weights":[{"category":"JavaScript","percentage":40},{"category":"TypeScript","percentage":30},{"category":"Logic","percentage":30}],"totalQuestions":30,"model":"gpt-4o-mini"}
2026-03-03 17:33:03 [[32minfo[39m]: Dynamic assessment generated successfully {"service":"talentsecure-api","totalQuestions":18,"categories":[{"category":"JavaScript","count":6,"percentage":40},{"category":"TypeScript","count":4,"percentage":30},{"category":"Logic","count":8,"percentage":30}]}
2026-03-03 17:33:03 [[31merror[39m]: Pool generation batch 55 failed {"service":"talentsecure-api","driveId":"cc4b0046-3d77-4fcd-aa34-e28a53a50f28","error":"Cannot use a pool after calling end on the pool"}
2026-03-03 17:33:06 [[32minfo[39m]: Pool generation batch 56: generating 30 questions (0/30 done) {"service":"talentsecure-api","driveId":"cc4b0046-3d77-4fcd-aa34-e28a53a50f28"}
2026-03-03 17:33:06 [[32minfo[39m]: Calling OpenAI for dynamic assessment generation {"service":"talentsecure-api","weights":[{"category":"JavaScript","percentage":40},{"category":"TypeScript","percentage":30},{"category":"Logic","percentage":30}],"totalQuestions":30,"model":"gpt-4o-mini"}
2026-03-03 17:33:41 [[32minfo[39m]: Dynamic assessment generated successfully {"service":"talentsecure-api","totalQuestions":20,"categories":[{"category":"JavaScript","count":5,"percentage":40},{"category":"TypeScript","count":5,"percentage":30},{"category":"Logic","count":10,"percentage":30}]}
2026-03-03 17:33:41 [[31merror[39m]: Pool generation batch 56 failed {"service":"talentsecure-api","driveId":"cc4b0046-3d77-4fcd-aa34-e28a53a50f28","error":"Cannot use a pool after calling end on the pool"}
2026-03-03 17:33:44 [[32minfo[39m]: Pool generation batch 57: generating 30 questions (0/30 done) {"service":"talentsecure-api","driveId":"cc4b0046-3d77-4fcd-aa34-e28a53a50f28"}
2026-03-03 17:33:44 [[32minfo[39m]: Calling OpenAI for dynamic assessment generation {"service":"talentsecure-api","weights":[{"category":"JavaScript","percentage":40},{"category":"TypeScript","percentage":30},{"category":"Logic","percentage":30}],"totalQuestions":30,"model":"gpt-4o-mini"}
2026-03-03 17:34:29 [[32minfo[39m]: Dynamic assessment generated successfully {"service":"talentsecure-api","totalQuestions":15,"categories":[{"category":"JavaScript","count":5,"percentage":40},{"category":"TypeScript","count":4,"percentage":30},{"category":"Logic","count":6,"percentage":30}]}
2026-03-03 17:34:29 [[31merror[39m]: Pool generation batch 57 failed {"service":"talentsecure-api","driveId":"cc4b0046-3d77-4fcd-aa34-e28a53a50f28","error":"Cannot use a pool after calling end on the pool"}
2026-03-03 17:34:32 [[32minfo[39m]: Pool generation batch 58: generating 30 questions (0/30 done) {"service":"talentsecure-api","driveId":"cc4b0046-3d77-4fcd-aa34-e28a53a50f28"}
2026-03-03 17:34:32 [[32minfo[39m]: Calling OpenAI for dynamic assessment generation {"service":"talentsecure-api","weights":[{"category":"JavaScript","percentage":40},{"category":"TypeScript","percentage":30},{"category":"Logic","percentage":30}],"totalQuestions":30,"model":"gpt-4o-mini"}
2026-03-03 17:35:13 [[32minfo[39m]: Dynamic assessment generated successfully {"service":"talentsecure-api","totalQuestions":17,"categories":[{"category":"JavaScript","count":4,"percentage":40},{"category":"TypeScript","count":5,"percentage":30},{"category":"Logic","count":8,"percentage":30}]}
2026-03-03 17:35:13 [[31merror[39m]: Pool generation batch 58 failed {"service":"talentsecure-api","driveId":"cc4b0046-3d77-4fcd-aa34-e28a53a50f28","error":"Cannot use a pool after calling end on the pool"}
2026-03-03 17:35:16 [[32minfo[39m]: Pool generation batch 59: generating 30 questions (0/30 done) {"service":"talentsecure-api","driveId":"cc4b0046-3d77-4fcd-aa34-e28a53a50f28"}
2026-03-03 17:35:16 [[32minfo[39m]: Calling OpenAI for dynamic assessment generation {"service":"talentsecure-api","weights":[{"category":"JavaScript","percentage":40},{"category":"TypeScript","percentage":30},{"category":"Logic","percentage":30}],"totalQuestions":30,"model":"gpt-4o-mini"}
2026-03-03 17:36:11 [[32minfo[39m]: Dynamic assessment generated successfully {"service":"talentsecure-api","totalQuestions":23,"categories":[{"category":"JavaScript","count":10,"percentage":40},{"category":"TypeScript","count":6,"percentage":30},{"category":"Logic","count":7,"percentage":30}]}
2026-03-03 17:36:11 [[31merror[39m]: Pool generation batch 59 failed {"service":"talentsecure-api","driveId":"cc4b0046-3d77-4fcd-aa34-e28a53a50f28","error":"Cannot use a pool after calling end on the pool"}
2026-03-03 17:36:14 [[32minfo[39m]: Pool generation batch 60: generating 30 questions (0/30 done) {"service":"talentsecure-api","driveId":"cc4b0046-3d77-4fcd-aa34-e28a53a50f28"}
2026-03-03 17:36:14 [[32minfo[39m]: Calling OpenAI for dynamic assessment generation {"service":"talentsecure-api","weights":[{"category":"JavaScript","percentage":40},{"category":"TypeScript","percentage":30},{"category":"Logic","percentage":30}],"totalQuestions":30,"model":"gpt-4o-mini"}
2026-03-03 17:37:00 [[32minfo[39m]: Dynamic assessment generated successfully {"service":"talentsecure-api","totalQuestions":17,"categories":[{"category":"JavaScript","count":5,"percentage":40},{"category":"TypeScript","count":4,"percentage":30},{"category":"Logic","count":8,"percentage":30}]}
2026-03-03 17:37:00 [[31merror[39m]: Pool generation batch 60 failed {"service":"talentsecure-api","driveId":"cc4b0046-3d77-4fcd-aa34-e28a53a50f28","error":"Cannot use a pool after calling end on the pool"}
2026-03-03 17:37:03 [[32minfo[39m]: Pool generation batch 61: generating 30 questions (0/30 done) {"service":"talentsecure-api","driveId":"cc4b0046-3d77-4fcd-aa34-e28a53a50f28"}
2026-03-03 17:37:03 [[32minfo[39m]: Calling OpenAI for dynamic assessment generation {"service":"talentsecure-api","weights":[{"category":"JavaScript","percentage":40},{"category":"TypeScript","percentage":30},{"category":"Logic","percentage":30}],"totalQuestions":30,"model":"gpt-4o-mini"}
2026-03-03 17:37:52 [[32minfo[39m]: Dynamic assessment generated successfully {"service":"talentsecure-api","totalQuestions":19,"categories":[{"category":"JavaScript","count":5,"percentage":40},{"category":"TypeScript","count":5,"percentage":30},{"category":"Logic","count":9,"percentage":30}]}
2026-03-03 17:37:52 [[31merror[39m]: Pool generation batch 61 failed {"service":"talentsecure-api","driveId":"cc4b0046-3d77-4fcd-aa34-e28a53a50f28","error":"Cannot use a pool after calling end on the pool"}
2026-03-03 17:37:55 [[32minfo[39m]: Pool generation batch 62: generating 30 questions (0/30 done) {"service":"talentsecure-api","driveId":"cc4b0046-3d77-4fcd-aa34-e28a53a50f28"}
2026-03-03 17:37:55 [[32minfo[39m]: Calling OpenAI for dynamic assessment generation {"service":"talentsecure-api","weights":[{"category":"JavaScript","percentage":40},{"category":"TypeScript","percentage":30},{"category":"Logic","percentage":30}],"totalQuestions":30,"model":"gpt-4o-mini"}
2026-03-03 17:38:40 [[32minfo[39m]: Dynamic assessment generated successfully {"service":"talentsecure-api","totalQuestions":16,"categories":[{"category":"JavaScript","count":6,"percentage":40},{"category":"TypeScript","count":4,"percentage":30},{"category":"Logic","count":6,"percentage":30}]}
2026-03-03 17:38:40 [[31merror[39m]: Pool generation batch 62 failed {"service":"talentsecure-api","driveId":"cc4b0046-3d77-4fcd-aa34-e28a53a50f28","error":"Cannot use a pool after calling end on the pool"}
2026-03-03 17:38:43 [[32minfo[39m]: Pool generation batch 63: generating 30 questions (0/30 done) {"service":"talentsecure-api","driveId":"cc4b0046-3d77-4fcd-aa34-e28a53a50f28"}
2026-03-03 17:38:43 [[32minfo[39m]: Calling OpenAI for dynamic assessment generation {"service":"talentsecure-api","weights":[{"category":"JavaScript","percentage":40},{"category":"TypeScript","percentage":30},{"category":"Logic","percentage":30}],"totalQuestions":30,"model":"gpt-4o-mini"}
2026-03-03 17:46:56 [[31merror[39m]: LLM service error (generate-dynamic) {"service":"talentsecure-api","error":"fetch failed"}
2026-03-03 17:46:56 [[31merror[39m]: Pool generation batch 63 failed {"service":"talentsecure-api","driveId":"cc4b0046-3d77-4fcd-aa34-e28a53a50f28","error":"Failed to generate dynamic assessment: fetch failed"}
2026-03-03 17:46:59 [[32minfo[39m]: Pool generation batch 64: generating 30 questions (0/30 done) {"service":"talentsecure-api","driveId":"cc4b0046-3d77-4fcd-aa34-e28a53a50f28"}
2026-03-03 17:46:59 [[32minfo[39m]: Calling OpenAI for dynamic assessment generation {"service":"talentsecure-api","weights":[{"category":"JavaScript","percentage":40},{"category":"TypeScript","percentage":30},{"category":"Logic","percentage":30}],"totalQuestions":30,"model":"gpt-4o-mini"}
2026-03-03 17:46:59 [[31merror[39m]: LLM service error (generate-dynamic) {"service":"talentsecure-api","error":"fetch failed"}
2026-03-03 17:46:59 [[31merror[39m]: Pool generation batch 64 failed {"service":"talentsecure-api","driveId":"cc4b0046-3d77-4fcd-aa34-e28a53a50f28","error":"Failed to generate dynamic assessment: fetch failed"}
2026-03-03 18:05:01 [[32minfo[39m]: Pool generation batch 65: generating 30 questions (0/30 done) {"service":"talentsecure-api","driveId":"cc4b0046-3d77-4fcd-aa34-e28a53a50f28"}
2026-03-03 18:05:01 [[32minfo[39m]: Calling OpenAI for dynamic assessment generation {"service":"talentsecure-api","weights":[{"category":"JavaScript","percentage":40},{"category":"TypeScript","percentage":30},{"category":"Logic","percentage":30}],"totalQuestions":30,"model":"gpt-4o-mini"}
2026-03-03 18:05:01 [[31merror[39m]: LLM service error (generate-dynamic) {"service":"talentsecure-api","error":"fetch failed"}
2026-03-03 18:05:01 [[31merror[39m]: Pool generation batch 65 failed {"service":"talentsecure-api","driveId":"cc4b0046-3d77-4fcd-aa34-e28a53a50f28","error":"Failed to generate dynamic assessment: fetch failed"}
2026-03-03 18:05:04 [[32minfo[39m]: Pool generation batch 66: generating 30 questions (0/30 done) {"service":"talentsecure-api","driveId":"cc4b0046-3d77-4fcd-aa34-e28a53a50f28"}
2026-03-03 18:05:04 [[32minfo[39m]: Calling OpenAI for dynamic assessment generation {"service":"talentsecure-api","weights":[{"category":"JavaScript","percentage":40},{"category":"TypeScript","percentage":30},{"category":"Logic","percentage":30}],"totalQuestions":30,"model":"gpt-4o-mini"}
2026-03-03 18:06:01 [[32minfo[39m]: Dynamic assessment generated successfully {"service":"talentsecure-api","totalQuestions":16,"categories":[{"category":"JavaScript","count":4,"percentage":40},{"category":"TypeScript","count":4,"percentage":30},{"category":"Logic","count":8,"percentage":30}]}
2026-03-03 18:06:01 [[31merror[39m]: Pool generation batch 66 failed {"service":"talentsecure-api","driveId":"cc4b0046-3d77-4fcd-aa34-e28a53a50f28","error":"Cannot use a pool after calling end on the pool"}
2026-03-03 18:06:04 [[32minfo[39m]: Pool generation batch 67: generating 30 questions (0/30 done) {"service":"talentsecure-api","driveId":"cc4b0046-3d77-4fcd-aa34-e28a53a50f28"}
2026-03-03 18:06:04 [[32minfo[39m]: Calling OpenAI for dynamic assessment generation {"service":"talentsecure-api","weights":[{"category":"JavaScript","percentage":40},{"category":"TypeScript","percentage":30},{"category":"Logic","percentage":30}],"totalQuestions":30,"model":"gpt-4o-mini"}
2026-03-03 18:06:59 [[32minfo[39m]: Dynamic assessment generated successfully {"service":"talentsecure-api","totalQuestions":16,"categories":[{"category":"JavaScript","count":4,"percentage":40},{"category":"TypeScript","count":4,"percentage":30},{"category":"Logic","count":8,"percentage":30}]}
2026-03-03 18:06:59 [[31merror[39m]: Pool generation batch 67 failed {"service":"talentsecure-api","driveId":"cc4b0046-3d77-4fcd-aa34-e28a53a50f28","error":"Cannot use a pool after calling end on the pool"}
2026-03-03 18:07:02 [[32minfo[39m]: Pool generation batch 68: generating 30 questions (0/30 done) {"service":"talentsecure-api","driveId":"cc4b0046-3d77-4fcd-aa34-e28a53a50f28"}
2026-03-03 18:07:02 [[32minfo[39m]: Calling OpenAI for dynamic assessment generation {"service":"talentsecure-api","weights":[{"category":"JavaScript","percentage":40},{"category":"TypeScript","percentage":30},{"category":"Logic","percentage":30}],"totalQuestions":30,"model":"gpt-4o-mini"}
2026-03-03 18:07:44 [[32minfo[39m]: Dynamic assessment generated successfully {"service":"talentsecure-api","totalQuestions":15,"categories":[{"category":"JavaScript","count":5,"percentage":40},{"category":"TypeScript","count":4,"percentage":30},{"category":"Logic","count":6,"percentage":30}]}
2026-03-03 18:07:44 [[31merror[39m]: Pool generation batch 68 failed {"service":"talentsecure-api","driveId":"cc4b0046-3d77-4fcd-aa34-e28a53a50f28","error":"Cannot use a pool after calling end on the pool"}
2026-03-03 18:07:47 [[32minfo[39m]: Pool generation batch 69: generating 30 questions (0/30 done) {"service":"talentsecure-api","driveId":"cc4b0046-3d77-4fcd-aa34-e28a53a50f28"}
2026-03-03 18:07:47 [[32minfo[39m]: Calling OpenAI for dynamic assessment generation {"service":"talentsecure-api","weights":[{"category":"JavaScript","percentage":40},{"category":"TypeScript","percentage":30},{"category":"Logic","percentage":30}],"totalQuestions":30,"model":"gpt-4o-mini"}
2026-03-03 18:09:11 [[32minfo[39m]: Dynamic assessment generated successfully {"service":"talentsecure-api","totalQuestions":20,"categories":[{"category":"JavaScript","count":6,"percentage":40},{"category":"TypeScript","count":5,"percentage":30},{"category":"Logic","count":9,"percentage":30}]}
2026-03-03 18:09:11 [[31merror[39m]: Pool generation batch 69 failed {"service":"talentsecure-api","driveId":"cc4b0046-3d77-4fcd-aa34-e28a53a50f28","error":"Cannot use a pool after calling end on the pool"}
2026-03-03 18:09:14 [[32minfo[39m]: Pool generation batch 70: generating 30 questions (0/30 done) {"service":"talentsecure-api","driveId":"cc4b0046-3d77-4fcd-aa34-e28a53a50f28"}
2026-03-03 18:09:14 [[32minfo[39m]: Calling OpenAI for dynamic assessment generation {"service":"talentsecure-api","weights":[{"category":"JavaScript","percentage":40},{"category":"TypeScript","percentage":30},{"category":"Logic","percentage":30}],"totalQuestions":30,"model":"gpt-4o-mini"}
2026-03-03 18:14:19 [[31merror[39m]: LLM service error (generate-dynamic) {"service":"talentsecure-api","error":"fetch failed"}
2026-03-03 18:14:19 [[31merror[39m]: Pool generation batch 70 failed {"service":"talentsecure-api","driveId":"cc4b0046-3d77-4fcd-aa34-e28a53a50f28","error":"Failed to generate dynamic assessment: fetch failed"}
2026-03-03 18:14:22 [[32minfo[39m]: Pool generation batch 71: generating 30 questions (0/30 done) {"service":"talentsecure-api","driveId":"cc4b0046-3d77-4fcd-aa34-e28a53a50f28"}
2026-03-03 18:14:22 [[32minfo[39m]: Calling OpenAI for dynamic assessment generation {"service":"talentsecure-api","weights":[{"category":"JavaScript","percentage":40},{"category":"TypeScript","percentage":30},{"category":"Logic","percentage":30}],"totalQuestions":30,"model":"gpt-4o-mini"}
2026-03-03 18:15:11 [[32minfo[39m]: Dynamic assessment generated successfully {"service":"talentsecure-api","totalQuestions":17,"categories":[{"category":"JavaScript","count":5,"percentage":40},{"category":"TypeScript","count":4,"percentage":30},{"category":"Logic","count":8,"percentage":30}]}
2026-03-03 18:15:11 [[31merror[39m]: Pool generation batch 71 failed {"service":"talentsecure-api","driveId":"cc4b0046-3d77-4fcd-aa34-e28a53a50f28","error":"Cannot use a pool after calling end on the pool"}
2026-03-03 18:15:14 [[32minfo[39m]: Pool generation batch 72: generating 30 questions (0/30 done) {"service":"talentsecure-api","driveId":"cc4b0046-3d77-4fcd-aa34-e28a53a50f28"}
2026-03-03 18:15:14 [[32minfo[39m]: Calling OpenAI for dynamic assessment generation {"service":"talentsecure-api","weights":[{"category":"JavaScript","percentage":40},{"category":"TypeScript","percentage":30},{"category":"Logic","percentage":30}],"totalQuestions":30,"model":"gpt-4o-mini"}
2026-03-03 18:16:10 [[32minfo[39m]: Dynamic assessment generated successfully {"service":"talentsecure-api","totalQuestions":16,"categories":[{"category":"JavaScript","count":4,"percentage":40},{"category":"TypeScript","count":4,"percentage":30},{"category":"Logic","count":8,"percentage":30}]}
2026-03-03 18:16:10 [[31merror[39m]: Pool generation batch 72 failed {"service":"talentsecure-api","driveId":"cc4b0046-3d77-4fcd-aa34-e28a53a50f28","error":"Cannot use a pool after calling end on the pool"}
2026-03-03 18:16:13 [[32minfo[39m]: Pool generation batch 73: generating 30 questions (0/30 done) {"service":"talentsecure-api","driveId":"cc4b0046-3d77-4fcd-aa34-e28a53a50f28"}
2026-03-03 18:16:13 [[32minfo[39m]: Calling OpenAI for dynamic assessment generation {"service":"talentsecure-api","weights":[{"category":"JavaScript","percentage":40},{"category":"TypeScript","percentage":30},{"category":"Logic","percentage":30}],"totalQuestions":30,"model":"gpt-4o-mini"}
2026-03-03 18:17:14 [[32minfo[39m]: Dynamic assessment generated successfully {"service":"talentsecure-api","totalQuestions":17,"categories":[{"category":"JavaScript","count":4,"percentage":40},{"category":"TypeScript","count":4,"percentage":30},{"category":"Logic","count":9,"percentage":30}]}
2026-03-03 18:17:14 [[31merror[39m]: Pool generation batch 73 failed {"service":"talentsecure-api","driveId":"cc4b0046-3d77-4fcd-aa34-e28a53a50f28","error":"Cannot use a pool after calling end on the pool"}
2026-03-03 18:17:17 [[32minfo[39m]: Pool generation batch 74: generating 30 questions (0/30 done) {"service":"talentsecure-api","driveId":"cc4b0046-3d77-4fcd-aa34-e28a53a50f28"}
2026-03-03 18:17:17 [[32minfo[39m]: Calling OpenAI for dynamic assessment generation {"service":"talentsecure-api","weights":[{"category":"JavaScript","percentage":40},{"category":"TypeScript","percentage":30},{"category":"Logic","percentage":30}],"totalQuestions":30,"model":"gpt-4o-mini"}
2026-03-03 18:18:08 [[32minfo[39m]: Dynamic assessment generated successfully {"service":"talentsecure-api","totalQuestions":17,"categories":[{"category":"JavaScript","count":5,"percentage":40},{"category":"TypeScript","count":3,"percentage":30},{"category":"Logic","count":9,"percentage":30}]}
2026-03-03 18:18:08 [[31merror[39m]: Pool generation batch 74 failed {"service":"talentsecure-api","driveId":"cc4b0046-3d77-4fcd-aa34-e28a53a50f28","error":"Cannot use a pool after calling end on the pool"}
2026-03-03 18:18:11 [[32minfo[39m]: Pool generation batch 75: generating 30 questions (0/30 done) {"service":"talentsecure-api","driveId":"cc4b0046-3d77-4fcd-aa34-e28a53a50f28"}
2026-03-03 18:18:11 [[32minfo[39m]: Calling OpenAI for dynamic assessment generation {"service":"talentsecure-api","weights":[{"category":"JavaScript","percentage":40},{"category":"TypeScript","percentage":30},{"category":"Logic","percentage":30}],"totalQuestions":30,"model":"gpt-4o-mini"}
2026-03-03 18:19:01 [[32minfo[39m]: Dynamic assessment generated successfully {"service":"talentsecure-api","totalQuestions":21,"categories":[{"category":"JavaScript","count":4,"percentage":40},{"category":"TypeScript","count":9,"percentage":30},{"category":"Logic","count":8,"percentage":30}]}
2026-03-03 18:19:01 [[31merror[39m]: Pool generation batch 75 failed {"service":"talentsecure-api","driveId":"cc4b0046-3d77-4fcd-aa34-e28a53a50f28","error":"Cannot use a pool after calling end on the pool"}
2026-03-03 18:19:04 [[32minfo[39m]: Pool generation batch 76: generating 30 questions (0/30 done) {"service":"talentsecure-api","driveId":"cc4b0046-3d77-4fcd-aa34-e28a53a50f28"}
2026-03-03 18:19:04 [[32minfo[39m]: Calling OpenAI for dynamic assessment generation {"service":"talentsecure-api","weights":[{"category":"JavaScript","percentage":40},{"category":"TypeScript","percentage":30},{"category":"Logic","percentage":30}],"totalQuestions":30,"model":"gpt-4o-mini"}
2026-03-03 18:20:05 [[32minfo[39m]: Dynamic assessment generated successfully {"service":"talentsecure-api","totalQuestions":17,"categories":[{"category":"JavaScript","count":4,"percentage":40},{"category":"TypeScript","count":4,"percentage":30},{"category":"Logic","count":9,"percentage":30}]}
2026-03-03 18:20:05 [[31merror[39m]: Pool generation batch 76 failed {"service":"talentsecure-api","driveId":"cc4b0046-3d77-4fcd-aa34-e28a53a50f28","error":"Cannot use a pool after calling end on the pool"}
2026-03-03 18:20:08 [[32minfo[39m]: Pool generation batch 77: generating 30 questions (0/30 done) {"service":"talentsecure-api","driveId":"cc4b0046-3d77-4fcd-aa34-e28a53a50f28"}
2026-03-03 18:20:08 [[32minfo[39m]: Calling OpenAI for dynamic assessment generation {"service":"talentsecure-api","weights":[{"category":"JavaScript","percentage":40},{"category":"TypeScript","percentage":30},{"category":"Logic","percentage":30}],"totalQuestions":30,"model":"gpt-4o-mini"}
2026-03-03 18:21:11 [[32minfo[39m]: Dynamic assessment generated successfully {"service":"talentsecure-api","totalQuestions":22,"categories":[{"category":"JavaScript","count":11,"percentage":40},{"category":"TypeScript","count":6,"percentage":30},{"category":"Logic","count":5,"percentage":30}]}
2026-03-03 18:21:11 [[31merror[39m]: Pool generation batch 77 failed {"service":"talentsecure-api","driveId":"cc4b0046-3d77-4fcd-aa34-e28a53a50f28","error":"Cannot use a pool after calling end on the pool"}
2026-03-03 18:21:14 [[32minfo[39m]: Pool generation batch 78: generating 30 questions (0/30 done) {"service":"talentsecure-api","driveId":"cc4b0046-3d77-4fcd-aa34-e28a53a50f28"}
2026-03-03 18:21:14 [[32minfo[39m]: Calling OpenAI for dynamic assessment generation {"service":"talentsecure-api","weights":[{"category":"JavaScript","percentage":40},{"category":"TypeScript","percentage":30},{"category":"Logic","percentage":30}],"totalQuestions":30,"model":"gpt-4o-mini"}
2026-03-03 18:22:05 [[32minfo[39m]: Dynamic assessment generated successfully {"service":"talentsecure-api","totalQuestions":17,"categories":[{"category":"JavaScript","count":4,"percentage":40},{"category":"TypeScript","count":4,"percentage":30},{"category":"Logic","count":9,"percentage":30}]}
2026-03-03 18:22:05 [[31merror[39m]: Pool generation batch 78 failed {"service":"talentsecure-api","driveId":"cc4b0046-3d77-4fcd-aa34-e28a53a50f28","error":"Cannot use a pool after calling end on the pool"}
2026-03-03 18:22:08 [[32minfo[39m]: Pool generation batch 79: generating 30 questions (0/30 done) {"service":"talentsecure-api","driveId":"cc4b0046-3d77-4fcd-aa34-e28a53a50f28"}
2026-03-03 18:22:08 [[32minfo[39m]: Calling OpenAI for dynamic assessment generation {"service":"talentsecure-api","weights":[{"category":"JavaScript","percentage":40},{"category":"TypeScript","percentage":30},{"category":"Logic","percentage":30}],"totalQuestions":30,"model":"gpt-4o-mini"}
2026-03-03 18:22:56 [[32minfo[39m]: Dynamic assessment generated successfully {"service":"talentsecure-api","totalQuestions":17,"categories":[{"category":"JavaScript","count":4,"percentage":40},{"category":"TypeScript","count":5,"percentage":30},{"category":"Logic","count":8,"percentage":30}]}
2026-03-03 18:22:56 [[31merror[39m]: Pool generation batch 79 failed {"service":"talentsecure-api","driveId":"cc4b0046-3d77-4fcd-aa34-e28a53a50f28","error":"Cannot use a pool after calling end on the pool"}
2026-03-03 18:22:59 [[32minfo[39m]: Pool generation batch 80: generating 30 questions (0/30 done) {"service":"talentsecure-api","driveId":"cc4b0046-3d77-4fcd-aa34-e28a53a50f28"}
2026-03-03 18:22:59 [[32minfo[39m]: Calling OpenAI for dynamic assessment generation {"service":"talentsecure-api","weights":[{"category":"JavaScript","percentage":40},{"category":"TypeScript","percentage":30},{"category":"Logic","percentage":30}],"totalQuestions":30,"model":"gpt-4o-mini"}
2026-03-03 18:23:46 [[32minfo[39m]: Dynamic assessment generated successfully {"service":"talentsecure-api","totalQuestions":18,"categories":[{"category":"JavaScript","count":4,"percentage":40},{"category":"TypeScript","count":5,"percentage":30},{"category":"Logic","count":9,"percentage":30}]}
2026-03-03 18:23:46 [[31merror[39m]: Pool generation batch 80 failed {"service":"talentsecure-api","driveId":"cc4b0046-3d77-4fcd-aa34-e28a53a50f28","error":"Cannot use a pool after calling end on the pool"}
2026-03-03 18:23:49 [[32minfo[39m]: Pool generation batch 81: generating 30 questions (0/30 done) {"service":"talentsecure-api","driveId":"cc4b0046-3d77-4fcd-aa34-e28a53a50f28"}
2026-03-03 18:23:49 [[32minfo[39m]: Calling OpenAI for dynamic assessment generation {"service":"talentsecure-api","weights":[{"category":"JavaScript","percentage":40},{"category":"TypeScript","percentage":30},{"category":"Logic","percentage":30}],"totalQuestions":30,"model":"gpt-4o-mini"}
2026-03-03 18:24:34 [[32minfo[39m]: Dynamic assessment generated successfully {"service":"talentsecure-api","totalQuestions":17,"categories":[{"category":"JavaScript","count":4,"percentage":40},{"category":"TypeScript","count":4,"percentage":30},{"category":"Logic","count":9,"percentage":30}]}
2026-03-03 18:24:34 [[31merror[39m]: Pool generation batch 81 failed {"service":"talentsecure-api","driveId":"cc4b0046-3d77-4fcd-aa34-e28a53a50f28","error":"Cannot use a pool after calling end on the pool"}
2026-03-03 18:24:37 [[32minfo[39m]: Pool generation batch 82: generating 30 questions (0/30 done) {"service":"talentsecure-api","driveId":"cc4b0046-3d77-4fcd-aa34-e28a53a50f28"}
2026-03-03 18:24:37 [[32minfo[39m]: Calling OpenAI for dynamic assessment generation {"service":"talentsecure-api","weights":[{"category":"JavaScript","percentage":40},{"category":"TypeScript","percentage":30},{"category":"Logic","percentage":30}],"totalQuestions":30,"model":"gpt-4o-mini"}
2026-03-03 18:25:11 [[32minfo[39m]: Dynamic assessment generated successfully {"service":"talentsecure-api","totalQuestions":16,"categories":[{"category":"JavaScript","count":3,"percentage":40},{"category":"TypeScript","count":5,"percentage":30},{"category":"Logic","count":8,"percentage":30}]}
2026-03-03 18:25:11 [[31merror[39m]: Pool generation batch 82 failed {"service":"talentsecure-api","driveId":"cc4b0046-3d77-4fcd-aa34-e28a53a50f28","error":"Cannot use a pool after calling end on the pool"}
2026-03-03 18:25:14 [[32minfo[39m]: Pool generation batch 83: generating 30 questions (0/30 done) {"service":"talentsecure-api","driveId":"cc4b0046-3d77-4fcd-aa34-e28a53a50f28"}
2026-03-03 18:25:14 [[32minfo[39m]: Calling OpenAI for dynamic assessment generation {"service":"talentsecure-api","weights":[{"category":"JavaScript","percentage":40},{"category":"TypeScript","percentage":30},{"category":"Logic","percentage":30}],"totalQuestions":30,"model":"gpt-4o-mini"}
2026-03-03 18:26:04 [[32minfo[39m]: Dynamic assessment generated successfully {"service":"talentsecure-api","totalQuestions":18,"categories":[{"category":"JavaScript","count":5,"percentage":40},{"category":"TypeScript","count":5,"percentage":30},{"category":"Logic","count":8,"percentage":30}]}
2026-03-03 18:26:04 [[31merror[39m]: Pool generation batch 83 failed {"service":"talentsecure-api","driveId":"cc4b0046-3d77-4fcd-aa34-e28a53a50f28","error":"Cannot use a pool after calling end on the pool"}
2026-03-03 18:26:07 [[32minfo[39m]: Pool generation batch 84: generating 30 questions (0/30 done) {"service":"talentsecure-api","driveId":"cc4b0046-3d77-4fcd-aa34-e28a53a50f28"}
2026-03-03 18:26:07 [[32minfo[39m]: Calling OpenAI for dynamic assessment generation {"service":"talentsecure-api","weights":[{"category":"JavaScript","percentage":40},{"category":"TypeScript","percentage":30},{"category":"Logic","percentage":30}],"totalQuestions":30,"model":"gpt-4o-mini"}
2026-03-03 18:26:29 [[32minfo[39m]: Dynamic assessment generated successfully {"service":"talentsecure-api","totalQuestions":18,"categories":[{"category":"JavaScript","count":5,"percentage":40},{"category":"TypeScript","count":5,"percentage":30},{"category":"Logic","count":8,"percentage":30}]}
2026-03-03 18:26:29 [[31merror[39m]: Pool generation batch 84 failed {"service":"talentsecure-api","driveId":"cc4b0046-3d77-4fcd-aa34-e28a53a50f28","error":"Cannot use a pool after calling end on the pool"}
2026-03-03 18:26:32 [[32minfo[39m]: Pool generation batch 85: generating 30 questions (0/30 done) {"service":"talentsecure-api","driveId":"cc4b0046-3d77-4fcd-aa34-e28a53a50f28"}
2026-03-03 18:26:32 [[32minfo[39m]: Calling OpenAI for dynamic assessment generation {"service":"talentsecure-api","weights":[{"category":"JavaScript","percentage":40},{"category":"TypeScript","percentage":30},{"category":"Logic","percentage":30}],"totalQuestions":30,"model":"gpt-4o-mini"}
2026-03-03 18:27:21 [[32minfo[39m]: Dynamic assessment generated successfully {"service":"talentsecure-api","totalQuestions":18,"categories":[{"category":"JavaScript","count":5,"percentage":40},{"category":"TypeScript","count":5,"percentage":30},{"category":"Logic","count":8,"percentage":30}]}
2026-03-03 18:27:21 [[31merror[39m]: Pool generation batch 85 failed {"service":"talentsecure-api","driveId":"cc4b0046-3d77-4fcd-aa34-e28a53a50f28","error":"Cannot use a pool after calling end on the pool"}
2026-03-03 18:27:24 [[32minfo[39m]: Pool generation batch 86: generating 30 questions (0/30 done) {"service":"talentsecure-api","driveId":"cc4b0046-3d77-4fcd-aa34-e28a53a50f28"}
2026-03-03 18:27:24 [[32minfo[39m]: Calling OpenAI for dynamic assessment generation {"service":"talentsecure-api","weights":[{"category":"JavaScript","percentage":40},{"category":"TypeScript","percentage":30},{"category":"Logic","percentage":30}],"totalQuestions":30,"model":"gpt-4o-mini"}
2026-03-03 18:28:04 [[32minfo[39m]: Dynamic assessment generated successfully {"service":"talentsecure-api","totalQuestions":16,"categories":[{"category":"JavaScript","count":4,"percentage":40},{"category":"TypeScript","count":3,"percentage":30},{"category":"Logic","count":9,"percentage":30}]}
2026-03-03 18:28:04 [[31merror[39m]: Pool generation batch 86 failed {"service":"talentsecure-api","driveId":"cc4b0046-3d77-4fcd-aa34-e28a53a50f28","error":"Cannot use a pool after calling end on the pool"}
2026-03-03 18:28:07 [[32minfo[39m]: Pool generation batch 87: generating 30 questions (0/30 done) {"service":"talentsecure-api","driveId":"cc4b0046-3d77-4fcd-aa34-e28a53a50f28"}
2026-03-03 18:28:07 [[32minfo[39m]: Calling OpenAI for dynamic assessment generation {"service":"talentsecure-api","weights":[{"category":"JavaScript","percentage":40},{"category":"TypeScript","percentage":30},{"category":"Logic","percentage":30}],"totalQuestions":30,"model":"gpt-4o-mini"}
2026-03-03 18:29:04 [[32minfo[39m]: Dynamic assessment generated successfully {"service":"talentsecure-api","totalQuestions":18,"categories":[{"category":"JavaScript","count":6,"percentage":40},{"category":"TypeScript","count":5,"percentage":30},{"category":"Logic","count":7,"percentage":30}]}
2026-03-03 18:29:04 [[31merror[39m]: Pool generation batch 87 failed {"service":"talentsecure-api","driveId":"cc4b0046-3d77-4fcd-aa34-e28a53a50f28","error":"Cannot use a pool after calling end on the pool"}
2026-03-03 18:29:07 [[32minfo[39m]: Pool generation batch 88: generating 30 questions (0/30 done) {"service":"talentsecure-api","driveId":"cc4b0046-3d77-4fcd-aa34-e28a53a50f28"}
2026-03-03 18:29:07 [[32minfo[39m]: Calling OpenAI for dynamic assessment generation {"service":"talentsecure-api","weights":[{"category":"JavaScript","percentage":40},{"category":"TypeScript","percentage":30},{"category":"Logic","percentage":30}],"totalQuestions":30,"model":"gpt-4o-mini"}
2026-03-03 18:30:10 [[32minfo[39m]: Dynamic assessment generated successfully {"service":"talentsecure-api","totalQuestions":19,"categories":[{"category":"JavaScript","count":6,"percentage":40},{"category":"TypeScript","count":5,"percentage":30},{"category":"Logic","count":8,"percentage":30}]}
2026-03-03 18:30:10 [[31merror[39m]: Pool generation batch 88 failed {"service":"talentsecure-api","driveId":"cc4b0046-3d77-4fcd-aa34-e28a53a50f28","error":"Cannot use a pool after calling end on the pool"}
2026-03-03 18:30:13 [[32minfo[39m]: Pool generation batch 89: generating 30 questions (0/30 done) {"service":"talentsecure-api","driveId":"cc4b0046-3d77-4fcd-aa34-e28a53a50f28"}
2026-03-03 18:30:13 [[32minfo[39m]: Calling OpenAI for dynamic assessment generation {"service":"talentsecure-api","weights":[{"category":"JavaScript","percentage":40},{"category":"TypeScript","percentage":30},{"category":"Logic","percentage":30}],"totalQuestions":30,"model":"gpt-4o-mini"}
2026-03-03 18:31:06 [[32minfo[39m]: Dynamic assessment generated successfully {"service":"talentsecure-api","totalQuestions":17,"categories":[{"category":"JavaScript","count":4,"percentage":40},{"category":"TypeScript","count":4,"percentage":30},{"category":"Logic","count":9,"percentage":30}]}
2026-03-03 18:31:06 [[31merror[39m]: Pool generation batch 89 failed {"service":"talentsecure-api","driveId":"cc4b0046-3d77-4fcd-aa34-e28a53a50f28","error":"Cannot use a pool after calling end on the pool"}
2026-03-03 18:31:09 [[32minfo[39m]: Pool generation batch 90: generating 30 questions (0/30 done) {"service":"talentsecure-api","driveId":"cc4b0046-3d77-4fcd-aa34-e28a53a50f28"}
2026-03-03 18:31:09 [[32minfo[39m]: Calling OpenAI for dynamic assessment generation {"service":"talentsecure-api","weights":[{"category":"JavaScript","percentage":40},{"category":"TypeScript","percentage":30},{"category":"Logic","percentage":30}],"totalQuestions":30,"model":"gpt-4o-mini"}
2026-03-03 18:31:58 [[32minfo[39m]: Dynamic assessment generated successfully {"service":"talentsecure-api","totalQuestions":18,"categories":[{"category":"JavaScript","count":5,"percentage":40},{"category":"TypeScript","count":5,"percentage":30},{"category":"Logic","count":8,"percentage":30}]}
2026-03-03 18:31:58 [[31merror[39m]: Pool generation batch 90 failed {"service":"talentsecure-api","driveId":"cc4b0046-3d77-4fcd-aa34-e28a53a50f28","error":"Cannot use a pool after calling end on the pool"}
2026-03-03 18:32:01 [[32minfo[39m]: Pool generation batch 91: generating 30 questions (0/30 done) {"service":"talentsecure-api","driveId":"cc4b0046-3d77-4fcd-aa34-e28a53a50f28"}
2026-03-03 18:32:01 [[32minfo[39m]: Calling OpenAI for dynamic assessment generation {"service":"talentsecure-api","weights":[{"category":"JavaScript","percentage":40},{"category":"TypeScript","percentage":30},{"category":"Logic","percentage":30}],"totalQuestions":30,"model":"gpt-4o-mini"}
2026-03-03 18:32:50 [[32minfo[39m]: Dynamic assessment generated successfully {"service":"talentsecure-api","totalQuestions":18,"categories":[{"category":"JavaScript","count":4,"percentage":40},{"category":"TypeScript","count":6,"percentage":30},{"category":"Logic","count":8,"percentage":30}]}
2026-03-03 18:32:50 [[31merror[39m]: Pool generation batch 91 failed {"service":"talentsecure-api","driveId":"cc4b0046-3d77-4fcd-aa34-e28a53a50f28","error":"Cannot use a pool after calling end on the pool"}
2026-03-03 18:32:53 [[32minfo[39m]: Pool generation batch 92: generating 30 questions (0/30 done) {"service":"talentsecure-api","driveId":"cc4b0046-3d77-4fcd-aa34-e28a53a50f28"}
2026-03-03 18:32:53 [[32minfo[39m]: Calling OpenAI for dynamic assessment generation {"service":"talentsecure-api","weights":[{"category":"JavaScript","percentage":40},{"category":"TypeScript","percentage":30},{"category":"Logic","percentage":30}],"totalQuestions":30,"model":"gpt-4o-mini"}
2026-03-03 18:33:44 [[32minfo[39m]: Dynamic assessment generated successfully {"service":"talentsecure-api","totalQuestions":17,"categories":[{"category":"JavaScript","count":5,"percentage":40},{"category":"TypeScript","count":4,"percentage":30},{"category":"Logic","count":8,"percentage":30}]}
2026-03-03 18:33:44 [[31merror[39m]: Pool generation batch 92 failed {"service":"talentsecure-api","driveId":"cc4b0046-3d77-4fcd-aa34-e28a53a50f28","error":"Cannot use a pool after calling end on the pool"}
2026-03-03 18:33:47 [[32minfo[39m]: Pool generation batch 93: generating 30 questions (0/30 done) {"service":"talentsecure-api","driveId":"cc4b0046-3d77-4fcd-aa34-e28a53a50f28"}
2026-03-03 18:33:47 [[32minfo[39m]: Calling OpenAI for dynamic assessment generation {"service":"talentsecure-api","weights":[{"category":"JavaScript","percentage":40},{"category":"TypeScript","percentage":30},{"category":"Logic","percentage":30}],"totalQuestions":30,"model":"gpt-4o-mini"}
2026-03-03 18:34:43 [[32minfo[39m]: Dynamic assessment generated successfully {"service":"talentsecure-api","totalQuestions":16,"categories":[{"category":"JavaScript","count":4,"percentage":40},{"category":"TypeScript","count":4,"percentage":30},{"category":"Logic","count":8,"percentage":30}]}
2026-03-03 18:34:43 [[31merror[39m]: Pool generation batch 93 failed {"service":"talentsecure-api","driveId":"cc4b0046-3d77-4fcd-aa34-e28a53a50f28","error":"Cannot use a pool after calling end on the pool"}
2026-03-03 18:34:46 [[32minfo[39m]: Pool generation batch 94: generating 30 questions (0/30 done) {"service":"talentsecure-api","driveId":"cc4b0046-3d77-4fcd-aa34-e28a53a50f28"}
2026-03-03 18:34:46 [[32minfo[39m]: Calling OpenAI for dynamic assessment generation {"service":"talentsecure-api","weights":[{"category":"JavaScript","percentage":40},{"category":"TypeScript","percentage":30},{"category":"Logic","percentage":30}],"totalQuestions":30,"model":"gpt-4o-mini"}
2026-03-03 18:35:55 [[32minfo[39m]: Dynamic assessment generated successfully {"service":"talentsecure-api","totalQuestions":20,"categories":[{"category":"JavaScript","count":6,"percentage":40},{"category":"TypeScript","count":5,"percentage":30},{"category":"Logic","count":9,"percentage":30}]}
2026-03-03 18:35:55 [[31merror[39m]: Pool generation batch 94 failed {"service":"talentsecure-api","driveId":"cc4b0046-3d77-4fcd-aa34-e28a53a50f28","error":"Cannot use a pool after calling end on the pool"}
2026-03-03 18:35:58 [[32minfo[39m]: Pool generation batch 95: generating 30 questions (0/30 done) {"service":"talentsecure-api","driveId":"cc4b0046-3d77-4fcd-aa34-e28a53a50f28"}
2026-03-03 18:35:58 [[32minfo[39m]: Calling OpenAI for dynamic assessment generation {"service":"talentsecure-api","weights":[{"category":"JavaScript","percentage":40},{"category":"TypeScript","percentage":30},{"category":"Logic","percentage":30}],"totalQuestions":30,"model":"gpt-4o-mini"}
2026-03-03 18:38:59 [[31merror[39m]: LLM service error (generate-dynamic) {"service":"talentsecure-api","error":"fetch failed"}
2026-03-03 18:39:00 [[31merror[39m]: Pool generation batch 95 failed {"service":"talentsecure-api","driveId":"cc4b0046-3d77-4fcd-aa34-e28a53a50f28","error":"Failed to generate dynamic assessment: fetch failed"}
2026-03-03 18:39:03 [[32minfo[39m]: Pool generation batch 96: generating 30 questions (0/30 done) {"service":"talentsecure-api","driveId":"cc4b0046-3d77-4fcd-aa34-e28a53a50f28"}
2026-03-03 18:39:03 [[32minfo[39m]: Calling OpenAI for dynamic assessment generation {"service":"talentsecure-api","weights":[{"category":"JavaScript","percentage":40},{"category":"TypeScript","percentage":30},{"category":"Logic","percentage":30}],"totalQuestions":30,"model":"gpt-4o-mini"}
2026-03-03 18:39:03 [[31merror[39m]: LLM service error (generate-dynamic) {"service":"talentsecure-api","error":"fetch failed"}
2026-03-03 18:39:03 [[31merror[39m]: Pool generation batch 96 failed {"service":"talentsecure-api","driveId":"cc4b0046-3d77-4fcd-aa34-e28a53a50f28","error":"Failed to generate dynamic assessment: fetch failed"}
2026-03-03 18:39:22 [[32minfo[39m]: Pool generation batch 97: generating 30 questions (0/30 done) {"service":"talentsecure-api","driveId":"cc4b0046-3d77-4fcd-aa34-e28a53a50f28"}
2026-03-03 18:39:22 [[32minfo[39m]: Calling OpenAI for dynamic assessment generation {"service":"talentsecure-api","weights":[{"category":"JavaScript","percentage":40},{"category":"TypeScript","percentage":30},{"category":"Logic","percentage":30}],"totalQuestions":30,"model":"gpt-4o-mini"}
2026-03-03 18:39:23 [[31merror[39m]: LLM service error (generate-dynamic) {"service":"talentsecure-api","error":"fetch failed"}
2026-03-03 18:39:23 [[31merror[39m]: Pool generation batch 97 failed {"service":"talentsecure-api","driveId":"cc4b0046-3d77-4fcd-aa34-e28a53a50f28","error":"Failed to generate dynamic assessment: fetch failed"}
2026-03-03 18:39:26 [[32minfo[39m]: Pool generation batch 98: generating 30 questions (0/30 done) {"service":"talentsecure-api","driveId":"cc4b0046-3d77-4fcd-aa34-e28a53a50f28"}
2026-03-03 18:39:26 [[32minfo[39m]: Calling OpenAI for dynamic assessment generation {"service":"talentsecure-api","weights":[{"category":"JavaScript","percentage":40},{"category":"TypeScript","percentage":30},{"category":"Logic","percentage":30}],"totalQuestions":30,"model":"gpt-4o-mini"}
2026-03-03 18:40:28 [[32minfo[39m]: Dynamic assessment generated successfully {"service":"talentsecure-api","totalQuestions":21,"categories":[{"category":"JavaScript","count":8,"percentage":40},{"category":"TypeScript","count":4,"percentage":30},{"category":"Logic","count":9,"percentage":30}]}
2026-03-03 18:40:28 [[31merror[39m]: Pool generation batch 98 failed {"service":"talentsecure-api","driveId":"cc4b0046-3d77-4fcd-aa34-e28a53a50f28","error":"Cannot use a pool after calling end on the pool"}
2026-03-03 18:40:31 [[32minfo[39m]: Pool generation batch 99: generating 30 questions (0/30 done) {"service":"talentsecure-api","driveId":"cc4b0046-3d77-4fcd-aa34-e28a53a50f28"}
2026-03-03 18:40:31 [[32minfo[39m]: Calling OpenAI for dynamic assessment generation {"service":"talentsecure-api","weights":[{"category":"JavaScript","percentage":40},{"category":"TypeScript","percentage":30},{"category":"Logic","percentage":30}],"totalQuestions":30,"model":"gpt-4o-mini"}
2026-03-03 18:41:36 [[32minfo[39m]: Dynamic assessment generated successfully {"service":"talentsecure-api","totalQuestions":18,"categories":[{"category":"JavaScript","count":5,"percentage":40},{"category":"TypeScript","count":4,"percentage":30},{"category":"Logic","count":9,"percentage":30}]}
2026-03-03 18:41:36 [[31merror[39m]: Pool generation batch 99 failed {"service":"talentsecure-api","driveId":"cc4b0046-3d77-4fcd-aa34-e28a53a50f28","error":"Cannot use a pool after calling end on the pool"}
2026-03-03 18:41:39 [[32minfo[39m]: Pool generation batch 100: generating 30 questions (0/30 done) {"service":"talentsecure-api","driveId":"cc4b0046-3d77-4fcd-aa34-e28a53a50f28"}
2026-03-03 18:41:39 [[32minfo[39m]: Calling OpenAI for dynamic assessment generation {"service":"talentsecure-api","weights":[{"category":"JavaScript","percentage":40},{"category":"TypeScript","percentage":30},{"category":"Logic","percentage":30}],"totalQuestions":30,"model":"gpt-4o-mini"}
2026-03-03 18:43:09 [[32minfo[39m]: Dynamic assessment generated successfully {"service":"talentsecure-api","totalQuestions":18,"categories":[{"category":"JavaScript","count":4,"percentage":40},{"category":"TypeScript","count":5,"percentage":30},{"category":"Logic","count":9,"percentage":30}]}
2026-03-03 18:43:09 [[31merror[39m]: Pool generation batch 100 failed {"service":"talentsecure-api","driveId":"cc4b0046-3d77-4fcd-aa34-e28a53a50f28","error":"Cannot use a pool after calling end on the pool"}
2026-03-03 18:43:12 [[32minfo[39m]: Pool generation batch 101: generating 30 questions (0/30 done) {"service":"talentsecure-api","driveId":"cc4b0046-3d77-4fcd-aa34-e28a53a50f28"}
2026-03-03 18:43:12 [[32minfo[39m]: Calling OpenAI for dynamic assessment generation {"service":"talentsecure-api","weights":[{"category":"JavaScript","percentage":40},{"category":"TypeScript","percentage":30},{"category":"Logic","percentage":30}],"totalQuestions":30,"model":"gpt-4o-mini"}
2026-03-03 18:43:58 [[32minfo[39m]: Dynamic assessment generated successfully {"service":"talentsecure-api","totalQuestions":17,"categories":[{"category":"JavaScript","count":4,"percentage":40},{"category":"TypeScript","count":4,"percentage":30},{"category":"Logic","count":9,"percentage":30}]}
2026-03-03 18:43:58 [[31merror[39m]: Pool generation batch 101 failed {"service":"talentsecure-api","driveId":"cc4b0046-3d77-4fcd-aa34-e28a53a50f28","error":"Cannot use a pool after calling end on the pool"}
2026-03-03 18:44:01 [[32minfo[39m]: Pool generation batch 102: generating 30 questions (0/30 done) {"service":"talentsecure-api","driveId":"cc4b0046-3d77-4fcd-aa34-e28a53a50f28"}
2026-03-03 18:44:01 [[32minfo[39m]: Calling OpenAI for dynamic assessment generation {"service":"talentsecure-api","weights":[{"category":"JavaScript","percentage":40},{"category":"TypeScript","percentage":30},{"category":"Logic","percentage":30}],"totalQuestions":30,"model":"gpt-4o-mini"}
2026-03-03 18:45:22 [[32minfo[39m]: Dynamic assessment generated successfully {"service":"talentsecure-api","totalQuestions":21,"categories":[{"category":"JavaScript","count":5,"percentage":40},{"category":"TypeScript","count":8,"percentage":30},{"category":"Logic","count":8,"percentage":30}]}
2026-03-03 18:45:22 [[31merror[39m]: Pool generation batch 102 failed {"service":"talentsecure-api","driveId":"cc4b0046-3d77-4fcd-aa34-e28a53a50f28","error":"Cannot use a pool after calling end on the pool"}
2026-03-03 18:45:25 [[32minfo[39m]: Pool generation batch 103: generating 30 questions (0/30 done) {"service":"talentsecure-api","driveId":"cc4b0046-3d77-4fcd-aa34-e28a53a50f28"}
2026-03-03 18:45:25 [[32minfo[39m]: Calling OpenAI for dynamic assessment generation {"service":"talentsecure-api","weights":[{"category":"JavaScript","percentage":40},{"category":"TypeScript","percentage":30},{"category":"Logic","percentage":30}],"totalQuestions":30,"model":"gpt-4o-mini"}
2026-03-03 18:54:42 [[31merror[39m]: LLM service error (generate-dynamic) {"service":"talentsecure-api","error":"fetch failed"}
2026-03-03 18:54:42 [[31merror[39m]: Pool generation batch 103 failed {"service":"talentsecure-api","driveId":"cc4b0046-3d77-4fcd-aa34-e28a53a50f28","error":"Failed to generate dynamic assessment: fetch failed"}
2026-03-03 18:54:45 [[32minfo[39m]: Pool generation batch 104: generating 30 questions (0/30 done) {"service":"talentsecure-api","driveId":"cc4b0046-3d77-4fcd-aa34-e28a53a50f28"}
2026-03-03 18:54:45 [[32minfo[39m]: Calling OpenAI for dynamic assessment generation {"service":"talentsecure-api","weights":[{"category":"JavaScript","percentage":40},{"category":"TypeScript","percentage":30},{"category":"Logic","percentage":30}],"totalQuestions":30,"model":"gpt-4o-mini"}
2026-03-03 18:55:32 [[32minfo[39m]: Dynamic assessment generated successfully {"service":"talentsecure-api","totalQuestions":20,"categories":[{"category":"JavaScript","count":6,"percentage":40},{"category":"TypeScript","count":5,"percentage":30},{"category":"Logic","count":9,"percentage":30}]}
2026-03-03 18:55:32 [[31merror[39m]: Pool generation batch 104 failed {"service":"talentsecure-api","driveId":"cc4b0046-3d77-4fcd-aa34-e28a53a50f28","error":"Cannot use a pool after calling end on the pool"}
2026-03-03 18:55:35 [[32minfo[39m]: Pool generation batch 105: generating 30 questions (0/30 done) {"service":"talentsecure-api","driveId":"cc4b0046-3d77-4fcd-aa34-e28a53a50f28"}
2026-03-03 18:55:35 [[32minfo[39m]: Calling OpenAI for dynamic assessment generation {"service":"talentsecure-api","weights":[{"category":"JavaScript","percentage":40},{"category":"TypeScript","percentage":30},{"category":"Logic","percentage":30}],"totalQuestions":30,"model":"gpt-4o-mini"}
2026-03-03 19:03:14 [[31merror[39m]: LLM service error (generate-dynamic) {"service":"talentsecure-api","error":"fetch failed"}
2026-03-03 19:03:14 [[31merror[39m]: Pool generation batch 105 failed {"service":"talentsecure-api","driveId":"cc4b0046-3d77-4fcd-aa34-e28a53a50f28","error":"Failed to generate dynamic assessment: fetch failed"}
2026-03-03 19:03:17 [[32minfo[39m]: Pool generation batch 106: generating 30 questions (0/30 done) {"service":"talentsecure-api","driveId":"cc4b0046-3d77-4fcd-aa34-e28a53a50f28"}
2026-03-03 19:03:17 [[32minfo[39m]: Calling OpenAI for dynamic assessment generation {"service":"talentsecure-api","weights":[{"category":"JavaScript","percentage":40},{"category":"TypeScript","percentage":30},{"category":"Logic","percentage":30}],"totalQuestions":30,"model":"gpt-4o-mini"}
2026-03-03 19:04:20 [[32minfo[39m]: Dynamic assessment generated successfully {"service":"talentsecure-api","totalQuestions":21,"categories":[{"category":"JavaScript","count":5,"percentage":40},{"category":"TypeScript","count":8,"percentage":30},{"category":"Logic","count":8,"percentage":30}]}
2026-03-03 19:04:20 [[31merror[39m]: Pool generation batch 106 failed {"service":"talentsecure-api","driveId":"cc4b0046-3d77-4fcd-aa34-e28a53a50f28","error":"Cannot use a pool after calling end on the pool"}
2026-03-03 19:04:23 [[32minfo[39m]: Pool generation batch 107: generating 30 questions (0/30 done) {"service":"talentsecure-api","driveId":"cc4b0046-3d77-4fcd-aa34-e28a53a50f28"}
2026-03-03 19:04:23 [[32minfo[39m]: Calling OpenAI for dynamic assessment generation {"service":"talentsecure-api","weights":[{"category":"JavaScript","percentage":40},{"category":"TypeScript","percentage":30},{"category":"Logic","percentage":30}],"totalQuestions":30,"model":"gpt-4o-mini"}
2026-03-03 19:05:25 [[32minfo[39m]: Dynamic assessment generated successfully {"service":"talentsecure-api","totalQuestions":20,"categories":[{"category":"JavaScript","count":6,"percentage":40},{"category":"TypeScript","count":5,"percentage":30},{"category":"Logic","count":9,"percentage":30}]}
2026-03-03 19:05:25 [[31merror[39m]: Pool generation batch 107 failed {"service":"talentsecure-api","driveId":"cc4b0046-3d77-4fcd-aa34-e28a53a50f28","error":"Cannot use a pool after calling end on the pool"}
2026-03-03 19:05:28 [[32minfo[39m]: Pool generation batch 108: generating 30 questions (0/30 done) {"service":"talentsecure-api","driveId":"cc4b0046-3d77-4fcd-aa34-e28a53a50f28"}
2026-03-03 19:05:28 [[32minfo[39m]: Calling OpenAI for dynamic assessment generation {"service":"talentsecure-api","weights":[{"category":"JavaScript","percentage":40},{"category":"TypeScript","percentage":30},{"category":"Logic","percentage":30}],"totalQuestions":30,"model":"gpt-4o-mini"}
2026-03-03 19:06:10 [[32minfo[39m]: Dynamic assessment generated successfully {"service":"talentsecure-api","totalQuestions":17,"categories":[{"category":"JavaScript","count":4,"percentage":40},{"category":"TypeScript","count":4,"percentage":30},{"category":"Logic","count":9,"percentage":30}]}
2026-03-03 19:06:10 [[31merror[39m]: Pool generation batch 108 failed {"service":"talentsecure-api","driveId":"cc4b0046-3d77-4fcd-aa34-e28a53a50f28","error":"Cannot use a pool after calling end on the pool"}
2026-03-03 19:06:13 [[32minfo[39m]: Pool generation batch 109: generating 30 questions (0/30 done) {"service":"talentsecure-api","driveId":"cc4b0046-3d77-4fcd-aa34-e28a53a50f28"}
2026-03-03 19:06:13 [[32minfo[39m]: Calling OpenAI for dynamic assessment generation {"service":"talentsecure-api","weights":[{"category":"JavaScript","percentage":40},{"category":"TypeScript","percentage":30},{"category":"Logic","percentage":30}],"totalQuestions":30,"model":"gpt-4o-mini"}
2026-03-03 19:06:53 [[32minfo[39m]: Dynamic assessment generated successfully {"service":"talentsecure-api","totalQuestions":14,"categories":[{"category":"JavaScript","count":4,"percentage":40},{"category":"TypeScript","count":4,"percentage":30},{"category":"Logic","count":6,"percentage":30}]}
2026-03-03 19:06:53 [[31merror[39m]: Pool generation batch 109 failed {"service":"talentsecure-api","driveId":"cc4b0046-3d77-4fcd-aa34-e28a53a50f28","error":"Cannot use a pool after calling end on the pool"}
2026-03-03 19:06:56 [[32minfo[39m]: Pool generation batch 110: generating 30 questions (0/30 done) {"service":"talentsecure-api","driveId":"cc4b0046-3d77-4fcd-aa34-e28a53a50f28"}
2026-03-03 19:06:56 [[32minfo[39m]: Calling OpenAI for dynamic assessment generation {"service":"talentsecure-api","weights":[{"category":"JavaScript","percentage":40},{"category":"TypeScript","percentage":30},{"category":"Logic","percentage":30}],"totalQuestions":30,"model":"gpt-4o-mini"}
2026-03-03 19:07:48 [[32minfo[39m]: Dynamic assessment generated successfully {"service":"talentsecure-api","totalQuestions":16,"categories":[{"category":"JavaScript","count":5,"percentage":40},{"category":"TypeScript","count":4,"percentage":30},{"category":"Logic","count":7,"percentage":30}]}
2026-03-03 19:07:48 [[31merror[39m]: Pool generation batch 110 failed {"service":"talentsecure-api","driveId":"cc4b0046-3d77-4fcd-aa34-e28a53a50f28","error":"Cannot use a pool after calling end on the pool"}
2026-03-03 19:07:51 [[32minfo[39m]: Pool generation batch 111: generating 30 questions (0/30 done) {"service":"talentsecure-api","driveId":"cc4b0046-3d77-4fcd-aa34-e28a53a50f28"}
2026-03-03 19:07:51 [[32minfo[39m]: Calling OpenAI for dynamic assessment generation {"service":"talentsecure-api","weights":[{"category":"JavaScript","percentage":40},{"category":"TypeScript","percentage":30},{"category":"Logic","percentage":30}],"totalQuestions":30,"model":"gpt-4o-mini"}
2026-03-03 19:08:43 [[32minfo[39m]: Dynamic assessment generated successfully {"service":"talentsecure-api","totalQuestions":16,"categories":[{"category":"JavaScript","count":3,"percentage":40},{"category":"TypeScript","count":5,"percentage":30},{"category":"Logic","count":8,"percentage":30}]}
2026-03-03 19:08:43 [[31merror[39m]: Pool generation batch 111 failed {"service":"talentsecure-api","driveId":"cc4b0046-3d77-4fcd-aa34-e28a53a50f28","error":"Cannot use a pool after calling end on the pool"}
2026-03-03 19:08:46 [[32minfo[39m]: Pool generation batch 112: generating 30 questions (0/30 done) {"service":"talentsecure-api","driveId":"cc4b0046-3d77-4fcd-aa34-e28a53a50f28"}
2026-03-03 19:08:46 [[32minfo[39m]: Calling OpenAI for dynamic assessment generation {"service":"talentsecure-api","weights":[{"category":"JavaScript","percentage":40},{"category":"TypeScript","percentage":30},{"category":"Logic","percentage":30}],"totalQuestions":30,"model":"gpt-4o-mini"}
2026-03-03 19:09:40 [[32minfo[39m]: Dynamic assessment generated successfully {"service":"talentsecure-api","totalQuestions":20,"categories":[{"category":"JavaScript","count":6,"percentage":40},{"category":"TypeScript","count":5,"percentage":30},{"category":"Logic","count":9,"percentage":30}]}
2026-03-03 19:09:40 [[31merror[39m]: Pool generation batch 112 failed {"service":"talentsecure-api","driveId":"cc4b0046-3d77-4fcd-aa34-e28a53a50f28","error":"Cannot use a pool after calling end on the pool"}
2026-03-03 19:09:43 [[32minfo[39m]: Pool generation batch 113: generating 30 questions (0/30 done) {"service":"talentsecure-api","driveId":"cc4b0046-3d77-4fcd-aa34-e28a53a50f28"}
2026-03-03 19:09:43 [[32minfo[39m]: Calling OpenAI for dynamic assessment generation {"service":"talentsecure-api","weights":[{"category":"JavaScript","percentage":40},{"category":"TypeScript","percentage":30},{"category":"Logic","percentage":30}],"totalQuestions":30,"model":"gpt-4o-mini"}
2026-03-03 19:10:29 [[32minfo[39m]: Dynamic assessment generated successfully {"service":"talentsecure-api","totalQuestions":18,"categories":[{"category":"JavaScript","count":4,"percentage":40},{"category":"TypeScript","count":5,"percentage":30},{"category":"Logic","count":9,"percentage":30}]}
2026-03-03 19:10:29 [[31merror[39m]: Pool generation batch 113 failed {"service":"talentsecure-api","driveId":"cc4b0046-3d77-4fcd-aa34-e28a53a50f28","error":"Cannot use a pool after calling end on the pool"}
2026-03-03 19:10:32 [[32minfo[39m]: Pool generation batch 114: generating 30 questions (0/30 done) {"service":"talentsecure-api","driveId":"cc4b0046-3d77-4fcd-aa34-e28a53a50f28"}
2026-03-03 19:10:32 [[32minfo[39m]: Calling OpenAI for dynamic assessment generation {"service":"talentsecure-api","weights":[{"category":"JavaScript","percentage":40},{"category":"TypeScript","percentage":30},{"category":"Logic","percentage":30}],"totalQuestions":30,"model":"gpt-4o-mini"}
2026-03-03 19:11:18 [[32minfo[39m]: Dynamic assessment generated successfully {"service":"talentsecure-api","totalQuestions":16,"categories":[{"category":"JavaScript","count":4,"percentage":40},{"category":"TypeScript","count":4,"percentage":30},{"category":"Logic","count":8,"percentage":30}]}
2026-03-03 19:11:18 [[31merror[39m]: Pool generation batch 114 failed {"service":"talentsecure-api","driveId":"cc4b0046-3d77-4fcd-aa34-e28a53a50f28","error":"Cannot use a pool after calling end on the pool"}
2026-03-03 19:11:21 [[32minfo[39m]: Pool generation batch 115: generating 30 questions (0/30 done) {"service":"talentsecure-api","driveId":"cc4b0046-3d77-4fcd-aa34-e28a53a50f28"}
2026-03-03 19:11:21 [[32minfo[39m]: Calling OpenAI for dynamic assessment generation {"service":"talentsecure-api","weights":[{"category":"JavaScript","percentage":40},{"category":"TypeScript","percentage":30},{"category":"Logic","percentage":30}],"totalQuestions":30,"model":"gpt-4o-mini"}
2026-03-03 19:12:04 [[32minfo[39m]: Dynamic assessment generated successfully {"service":"talentsecure-api","totalQuestions":18,"categories":[{"category":"JavaScript","count":5,"percentage":40},{"category":"TypeScript","count":5,"percentage":30},{"category":"Logic","count":8,"percentage":30}]}
2026-03-03 19:12:04 [[31merror[39m]: Pool generation batch 115 failed {"service":"talentsecure-api","driveId":"cc4b0046-3d77-4fcd-aa34-e28a53a50f28","error":"Cannot use a pool after calling end on the pool"}
2026-03-03 19:12:07 [[32minfo[39m]: Pool generation batch 116: generating 30 questions (0/30 done) {"service":"talentsecure-api","driveId":"cc4b0046-3d77-4fcd-aa34-e28a53a50f28"}
2026-03-03 19:12:07 [[32minfo[39m]: Calling OpenAI for dynamic assessment generation {"service":"talentsecure-api","weights":[{"category":"JavaScript","percentage":40},{"category":"TypeScript","percentage":30},{"category":"Logic","percentage":30}],"totalQuestions":30,"model":"gpt-4o-mini"}
2026-03-03 19:12:55 [[32minfo[39m]: Dynamic assessment generated successfully {"service":"talentsecure-api","totalQuestions":16,"categories":[{"category":"JavaScript","count":3,"percentage":40},{"category":"TypeScript","count":4,"percentage":30},{"category":"Logic","count":9,"percentage":30}]}
2026-03-03 19:12:55 [[31merror[39m]: Pool generation batch 116 failed {"service":"talentsecure-api","driveId":"cc4b0046-3d77-4fcd-aa34-e28a53a50f28","error":"Cannot use a pool after calling end on the pool"}
2026-03-03 19:12:58 [[32minfo[39m]: Pool generation batch 117: generating 30 questions (0/30 done) {"service":"talentsecure-api","driveId":"cc4b0046-3d77-4fcd-aa34-e28a53a50f28"}
2026-03-03 19:12:58 [[32minfo[39m]: Calling OpenAI for dynamic assessment generation {"service":"talentsecure-api","weights":[{"category":"JavaScript","percentage":40},{"category":"TypeScript","percentage":30},{"category":"Logic","percentage":30}],"totalQuestions":30,"model":"gpt-4o-mini"}
2026-03-03 19:13:49 [[32minfo[39m]: Dynamic assessment generated successfully {"service":"talentsecure-api","totalQuestions":16,"categories":[{"category":"JavaScript","count":3,"percentage":40},{"category":"TypeScript","count":5,"percentage":30},{"category":"Logic","count":8,"percentage":30}]}
2026-03-03 19:13:49 [[31merror[39m]: Pool generation batch 117 failed {"service":"talentsecure-api","driveId":"cc4b0046-3d77-4fcd-aa34-e28a53a50f28","error":"Cannot use a pool after calling end on the pool"}
2026-03-03 19:13:52 [[32minfo[39m]: Pool generation batch 118: generating 30 questions (0/30 done) {"service":"talentsecure-api","driveId":"cc4b0046-3d77-4fcd-aa34-e28a53a50f28"}
2026-03-03 19:13:52 [[32minfo[39m]: Calling OpenAI for dynamic assessment generation {"service":"talentsecure-api","weights":[{"category":"JavaScript","percentage":40},{"category":"TypeScript","percentage":30},{"category":"Logic","percentage":30}],"totalQuestions":30,"model":"gpt-4o-mini"}
2026-03-03 19:14:41 [[32minfo[39m]: Dynamic assessment generated successfully {"service":"talentsecure-api","totalQuestions":16,"categories":[{"category":"JavaScript","count":3,"percentage":40},{"category":"TypeScript","count":5,"percentage":30},{"category":"Logic","count":8,"percentage":30}]}
2026-03-03 19:14:41 [[31merror[39m]: Pool generation batch 118 failed {"service":"talentsecure-api","driveId":"cc4b0046-3d77-4fcd-aa34-e28a53a50f28","error":"Cannot use a pool after calling end on the pool"}
2026-03-03 19:14:44 [[32minfo[39m]: Pool generation batch 119: generating 30 questions (0/30 done) {"service":"talentsecure-api","driveId":"cc4b0046-3d77-4fcd-aa34-e28a53a50f28"}
2026-03-03 19:14:44 [[32minfo[39m]: Calling OpenAI for dynamic assessment generation {"service":"talentsecure-api","weights":[{"category":"JavaScript","percentage":40},{"category":"TypeScript","percentage":30},{"category":"Logic","percentage":30}],"totalQuestions":30,"model":"gpt-4o-mini"}
2026-03-03 19:15:30 [[32minfo[39m]: Dynamic assessment generated successfully {"service":"talentsecure-api","totalQuestions":15,"categories":[{"category":"JavaScript","count":4,"percentage":40},{"category":"TypeScript","count":3,"percentage":30},{"category":"Logic","count":8,"percentage":30}]}
2026-03-03 19:15:30 [[31merror[39m]: Pool generation batch 119 failed {"service":"talentsecure-api","driveId":"cc4b0046-3d77-4fcd-aa34-e28a53a50f28","error":"Cannot use a pool after calling end on the pool"}
2026-03-03 19:15:33 [[32minfo[39m]: Pool generation batch 120: generating 30 questions (0/30 done) {"service":"talentsecure-api","driveId":"cc4b0046-3d77-4fcd-aa34-e28a53a50f28"}
2026-03-03 19:15:33 [[32minfo[39m]: Calling OpenAI for dynamic assessment generation {"service":"talentsecure-api","weights":[{"category":"JavaScript","percentage":40},{"category":"TypeScript","percentage":30},{"category":"Logic","percentage":30}],"totalQuestions":30,"model":"gpt-4o-mini"}
2026-03-03 19:16:38 [[32minfo[39m]: Dynamic assessment generated successfully {"service":"talentsecure-api","totalQuestions":17,"categories":[{"category":"JavaScript","count":3,"percentage":40},{"category":"TypeScript","count":5,"percentage":30},{"category":"Logic","count":9,"percentage":30}]}
2026-03-03 19:16:38 [[31merror[39m]: Pool generation batch 120 failed {"service":"talentsecure-api","driveId":"cc4b0046-3d77-4fcd-aa34-e28a53a50f28","error":"Cannot use a pool after calling end on the pool"}
2026-03-03 19:16:41 [[32minfo[39m]: Pool generation batch 121: generating 30 questions (0/30 done) {"service":"talentsecure-api","driveId":"cc4b0046-3d77-4fcd-aa34-e28a53a50f28"}
2026-03-03 19:16:41 [[32minfo[39m]: Calling OpenAI for dynamic assessment generation {"service":"talentsecure-api","weights":[{"category":"JavaScript","percentage":40},{"category":"TypeScript","percentage":30},{"category":"Logic","percentage":30}],"totalQuestions":30,"model":"gpt-4o-mini"}
2026-03-03 19:17:33 [[32minfo[39m]: Dynamic assessment generated successfully {"service":"talentsecure-api","totalQuestions":17,"categories":[{"category":"JavaScript","count":4,"percentage":40},{"category":"TypeScript","count":5,"percentage":30},{"category":"Logic","count":8,"percentage":30}]}
2026-03-03 19:17:33 [[31merror[39m]: Pool generation batch 121 failed {"service":"talentsecure-api","driveId":"cc4b0046-3d77-4fcd-aa34-e28a53a50f28","error":"Cannot use a pool after calling end on the pool"}
2026-03-03 19:17:36 [[32minfo[39m]: Pool generation batch 122: generating 30 questions (0/30 done) {"service":"talentsecure-api","driveId":"cc4b0046-3d77-4fcd-aa34-e28a53a50f28"}
2026-03-03 19:17:36 [[32minfo[39m]: Calling OpenAI for dynamic assessment generation {"service":"talentsecure-api","weights":[{"category":"JavaScript","percentage":40},{"category":"TypeScript","percentage":30},{"category":"Logic","percentage":30}],"totalQuestions":30,"model":"gpt-4o-mini"}
2026-03-03 19:18:37 [[32minfo[39m]: Dynamic assessment generated successfully {"service":"talentsecure-api","totalQuestions":19,"categories":[{"category":"JavaScript","count":6,"percentage":40},{"category":"TypeScript","count":5,"percentage":30},{"category":"Logic","count":8,"percentage":30}]}
2026-03-03 19:18:37 [[31merror[39m]: Pool generation batch 122 failed {"service":"talentsecure-api","driveId":"cc4b0046-3d77-4fcd-aa34-e28a53a50f28","error":"Cannot use a pool after calling end on the pool"}
2026-03-03 19:18:40 [[32minfo[39m]: Pool generation batch 123: generating 30 questions (0/30 done) {"service":"talentsecure-api","driveId":"cc4b0046-3d77-4fcd-aa34-e28a53a50f28"}
2026-03-03 19:18:40 [[32minfo[39m]: Calling OpenAI for dynamic assessment generation {"service":"talentsecure-api","weights":[{"category":"JavaScript","percentage":40},{"category":"TypeScript","percentage":30},{"category":"Logic","percentage":30}],"totalQuestions":30,"model":"gpt-4o-mini"}
2026-03-03 19:19:55 [[32minfo[39m]: Dynamic assessment generated successfully {"service":"talentsecure-api","totalQuestions":19,"categories":[{"category":"JavaScript","count":5,"percentage":40},{"category":"TypeScript","count":5,"percentage":30},{"category":"Logic","count":9,"percentage":30}]}
2026-03-03 19:19:55 [[31merror[39m]: Pool generation batch 123 failed {"service":"talentsecure-api","driveId":"cc4b0046-3d77-4fcd-aa34-e28a53a50f28","error":"Cannot use a pool after calling end on the pool"}
2026-03-03 19:19:58 [[32minfo[39m]: Pool generation batch 124: generating 30 questions (0/30 done) {"service":"talentsecure-api","driveId":"cc4b0046-3d77-4fcd-aa34-e28a53a50f28"}
2026-03-03 19:19:58 [[32minfo[39m]: Calling OpenAI for dynamic assessment generation {"service":"talentsecure-api","weights":[{"category":"JavaScript","percentage":40},{"category":"TypeScript","percentage":30},{"category":"Logic","percentage":30}],"totalQuestions":30,"model":"gpt-4o-mini"}
2026-03-03 19:21:18 [[32minfo[39m]: Dynamic assessment generated successfully {"service":"talentsecure-api","totalQuestions":20,"categories":[{"category":"JavaScript","count":6,"percentage":40},{"category":"TypeScript","count":5,"percentage":30},{"category":"Logic","count":9,"percentage":30}]}
2026-03-03 19:21:18 [[31merror[39m]: Pool generation batch 124 failed {"service":"talentsecure-api","driveId":"cc4b0046-3d77-4fcd-aa34-e28a53a50f28","error":"Cannot use a pool after calling end on the pool"}
2026-03-03 19:21:21 [[32minfo[39m]: Pool generation batch 125: generating 30 questions (0/30 done) {"service":"talentsecure-api","driveId":"cc4b0046-3d77-4fcd-aa34-e28a53a50f28"}
2026-03-03 19:21:21 [[32minfo[39m]: Calling OpenAI for dynamic assessment generation {"service":"talentsecure-api","weights":[{"category":"JavaScript","percentage":40},{"category":"TypeScript","percentage":30},{"category":"Logic","percentage":30}],"totalQuestions":30,"model":"gpt-4o-mini"}
2026-03-03 19:22:14 [[32minfo[39m]: Dynamic assessment generated successfully {"service":"talentsecure-api","totalQuestions":17,"categories":[{"category":"JavaScript","count":4,"percentage":40},{"category":"TypeScript","count":4,"percentage":30},{"category":"Logic","count":9,"percentage":30}]}
2026-03-03 19:22:14 [[31merror[39m]: Pool generation batch 125 failed {"service":"talentsecure-api","driveId":"cc4b0046-3d77-4fcd-aa34-e28a53a50f28","error":"Cannot use a pool after calling end on the pool"}
2026-03-03 19:22:17 [[32minfo[39m]: Pool generation batch 126: generating 30 questions (0/30 done) {"service":"talentsecure-api","driveId":"cc4b0046-3d77-4fcd-aa34-e28a53a50f28"}
2026-03-03 19:22:17 [[32minfo[39m]: Calling OpenAI for dynamic assessment generation {"service":"talentsecure-api","weights":[{"category":"JavaScript","percentage":40},{"category":"TypeScript","percentage":30},{"category":"Logic","percentage":30}],"totalQuestions":30,"model":"gpt-4o-mini"}
2026-03-03 19:23:08 [[32minfo[39m]: Dynamic assessment generated successfully {"service":"talentsecure-api","totalQuestions":15,"categories":[{"category":"JavaScript","count":4,"percentage":40},{"category":"TypeScript","count":5,"percentage":30},{"category":"Logic","count":6,"percentage":30}]}
2026-03-03 19:23:08 [[31merror[39m]: Pool generation batch 126 failed {"service":"talentsecure-api","driveId":"cc4b0046-3d77-4fcd-aa34-e28a53a50f28","error":"Cannot use a pool after calling end on the pool"}
2026-03-03 19:23:11 [[32minfo[39m]: Pool generation batch 127: generating 30 questions (0/30 done) {"service":"talentsecure-api","driveId":"cc4b0046-3d77-4fcd-aa34-e28a53a50f28"}
2026-03-03 19:23:11 [[32minfo[39m]: Calling OpenAI for dynamic assessment generation {"service":"talentsecure-api","weights":[{"category":"JavaScript","percentage":40},{"category":"TypeScript","percentage":30},{"category":"Logic","percentage":30}],"totalQuestions":30,"model":"gpt-4o-mini"}
2026-03-03 19:24:12 [[32minfo[39m]: Dynamic assessment generated successfully {"service":"talentsecure-api","totalQuestions":19,"categories":[{"category":"JavaScript","count":5,"percentage":40},{"category":"TypeScript","count":5,"percentage":30},{"category":"Logic","count":9,"percentage":30}]}
2026-03-03 19:24:12 [[31merror[39m]: Pool generation batch 127 failed {"service":"talentsecure-api","driveId":"cc4b0046-3d77-4fcd-aa34-e28a53a50f28","error":"Cannot use a pool after calling end on the pool"}
2026-03-03 19:24:15 [[32minfo[39m]: Pool generation batch 128: generating 30 questions (0/30 done) {"service":"talentsecure-api","driveId":"cc4b0046-3d77-4fcd-aa34-e28a53a50f28"}
2026-03-03 19:24:15 [[32minfo[39m]: Calling OpenAI for dynamic assessment generation {"service":"talentsecure-api","weights":[{"category":"JavaScript","percentage":40},{"category":"TypeScript","percentage":30},{"category":"Logic","percentage":30}],"totalQuestions":30,"model":"gpt-4o-mini"}
2026-03-03 19:25:29 [[32minfo[39m]: Dynamic assessment generated successfully {"service":"talentsecure-api","totalQuestions":17,"categories":[{"category":"JavaScript","count":4,"percentage":40},{"category":"TypeScript","count":5,"percentage":30},{"category":"Logic","count":8,"percentage":30}]}
2026-03-03 19:25:29 [[31merror[39m]: Pool generation batch 128 failed {"service":"talentsecure-api","driveId":"cc4b0046-3d77-4fcd-aa34-e28a53a50f28","error":"Cannot use a pool after calling end on the pool"}
2026-03-03 19:25:32 [[32minfo[39m]: Pool generation batch 129: generating 30 questions (0/30 done) {"service":"talentsecure-api","driveId":"cc4b0046-3d77-4fcd-aa34-e28a53a50f28"}
2026-03-03 19:25:32 [[32minfo[39m]: Calling OpenAI for dynamic assessment generation {"service":"talentsecure-api","weights":[{"category":"JavaScript","percentage":40},{"category":"TypeScript","percentage":30},{"category":"Logic","percentage":30}],"totalQuestions":30,"model":"gpt-4o-mini"}
2026-03-03 19:26:16 [[31merror[39m]: LLM service error (generate-dynamic) {"service":"talentsecure-api","error":"fetch failed"}
2026-03-03 19:26:16 [[31merror[39m]: Pool generation batch 129 failed {"service":"talentsecure-api","driveId":"cc4b0046-3d77-4fcd-aa34-e28a53a50f28","error":"Failed to generate dynamic assessment: fetch failed"}
2026-03-03 19:26:19 [[32minfo[39m]: Pool generation batch 130: generating 30 questions (0/30 done) {"service":"talentsecure-api","driveId":"cc4b0046-3d77-4fcd-aa34-e28a53a50f28"}
2026-03-03 19:26:19 [[32minfo[39m]: Calling OpenAI for dynamic assessment generation {"service":"talentsecure-api","weights":[{"category":"JavaScript","percentage":40},{"category":"TypeScript","percentage":30},{"category":"Logic","percentage":30}],"totalQuestions":30,"model":"gpt-4o-mini"}
2026-03-03 19:27:15 [[32minfo[39m]: Dynamic assessment generated successfully {"service":"talentsecure-api","totalQuestions":19,"categories":[{"category":"JavaScript","count":5,"percentage":40},{"category":"TypeScript","count":5,"percentage":30},{"category":"Logic","count":9,"percentage":30}]}
2026-03-03 19:27:15 [[31merror[39m]: Pool generation batch 130 failed {"service":"talentsecure-api","driveId":"cc4b0046-3d77-4fcd-aa34-e28a53a50f28","error":"Cannot use a pool after calling end on the pool"}
2026-03-03 19:27:18 [[32minfo[39m]: Pool generation batch 131: generating 30 questions (0/30 done) {"service":"talentsecure-api","driveId":"cc4b0046-3d77-4fcd-aa34-e28a53a50f28"}
2026-03-03 19:27:18 [[32minfo[39m]: Calling OpenAI for dynamic assessment generation {"service":"talentsecure-api","weights":[{"category":"JavaScript","percentage":40},{"category":"TypeScript","percentage":30},{"category":"Logic","percentage":30}],"totalQuestions":30,"model":"gpt-4o-mini"}
2026-03-03 19:27:37 [[31merror[39m]: LLM service error (generate-dynamic) {"service":"talentsecure-api","error":"fetch failed"}
2026-03-03 19:27:37 [[31merror[39m]: Pool generation batch 131 failed {"service":"talentsecure-api","driveId":"cc4b0046-3d77-4fcd-aa34-e28a53a50f28","error":"Failed to generate dynamic assessment: fetch failed"}
2026-03-03 19:27:40 [[32minfo[39m]: Pool generation batch 132: generating 30 questions (0/30 done) {"service":"talentsecure-api","driveId":"cc4b0046-3d77-4fcd-aa34-e28a53a50f28"}
2026-03-03 19:27:40 [[32minfo[39m]: Calling OpenAI for dynamic assessment generation {"service":"talentsecure-api","weights":[{"category":"JavaScript","percentage":40},{"category":"TypeScript","percentage":30},{"category":"Logic","percentage":30}],"totalQuestions":30,"model":"gpt-4o-mini"}
2026-03-03 19:27:51 [[31merror[39m]: LLM service error (generate-dynamic) {"service":"talentsecure-api","error":"fetch failed"}
2026-03-03 19:27:51 [[31merror[39m]: Pool generation batch 132 failed {"service":"talentsecure-api","driveId":"cc4b0046-3d77-4fcd-aa34-e28a53a50f28","error":"Failed to generate dynamic assessment: fetch failed"}
2026-03-03 19:27:54 [[32minfo[39m]: Pool generation batch 133: generating 30 questions (0/30 done) {"service":"talentsecure-api","driveId":"cc4b0046-3d77-4fcd-aa34-e28a53a50f28"}
2026-03-03 19:27:54 [[32minfo[39m]: Calling OpenAI for dynamic assessment generation {"service":"talentsecure-api","weights":[{"category":"JavaScript","percentage":40},{"category":"TypeScript","percentage":30},{"category":"Logic","percentage":30}],"totalQuestions":30,"model":"gpt-4o-mini"}
2026-03-03 19:28:50 [[32minfo[39m]: Dynamic assessment generated successfully {"service":"talentsecure-api","totalQuestions":16,"categories":[{"category":"JavaScript","count":4,"percentage":40},{"category":"TypeScript","count":4,"percentage":30},{"category":"Logic","count":8,"percentage":30}]}
2026-03-03 19:28:50 [[31merror[39m]: Pool generation batch 133 failed {"service":"talentsecure-api","driveId":"cc4b0046-3d77-4fcd-aa34-e28a53a50f28","error":"Cannot use a pool after calling end on the pool"}
2026-03-03 19:28:53 [[32minfo[39m]: Pool generation batch 134: generating 30 questions (0/30 done) {"service":"talentsecure-api","driveId":"cc4b0046-3d77-4fcd-aa34-e28a53a50f28"}
2026-03-03 19:28:53 [[32minfo[39m]: Calling OpenAI for dynamic assessment generation {"service":"talentsecure-api","weights":[{"category":"JavaScript","percentage":40},{"category":"TypeScript","percentage":30},{"category":"Logic","percentage":30}],"totalQuestions":30,"model":"gpt-4o-mini"}
2026-03-03 19:30:11 [[31merror[39m]: LLM service error (generate-dynamic) {"service":"talentsecure-api","error":"fetch failed"}
2026-03-03 19:30:11 [[31merror[39m]: Pool generation batch 134 failed {"service":"talentsecure-api","driveId":"cc4b0046-3d77-4fcd-aa34-e28a53a50f28","error":"Failed to generate dynamic assessment: fetch failed"}
2026-03-03 19:30:14 [[32minfo[39m]: Pool generation batch 135: generating 30 questions (0/30 done) {"service":"talentsecure-api","driveId":"cc4b0046-3d77-4fcd-aa34-e28a53a50f28"}
2026-03-03 19:30:14 [[32minfo[39m]: Calling OpenAI for dynamic assessment generation {"service":"talentsecure-api","weights":[{"category":"JavaScript","percentage":40},{"category":"TypeScript","percentage":30},{"category":"Logic","percentage":30}],"totalQuestions":30,"model":"gpt-4o-mini"}
2026-03-03 19:30:25 [[31merror[39m]: LLM service error (generate-dynamic) {"service":"talentsecure-api","error":"fetch failed"}
2026-03-03 19:30:25 [[31merror[39m]: Pool generation batch 135 failed {"service":"talentsecure-api","driveId":"cc4b0046-3d77-4fcd-aa34-e28a53a50f28","error":"Failed to generate dynamic assessment: fetch failed"}
2026-03-03 19:30:28 [[32minfo[39m]: Pool generation batch 136: generating 30 questions (0/30 done) {"service":"talentsecure-api","driveId":"cc4b0046-3d77-4fcd-aa34-e28a53a50f28"}
2026-03-03 19:30:28 [[32minfo[39m]: Calling OpenAI for dynamic assessment generation {"service":"talentsecure-api","weights":[{"category":"JavaScript","percentage":40},{"category":"TypeScript","percentage":30},{"category":"Logic","percentage":30}],"totalQuestions":30,"model":"gpt-4o-mini"}
2026-03-03 19:30:38 [[31merror[39m]: LLM service error (generate-dynamic) {"service":"talentsecure-api","error":"fetch failed"}
2026-03-03 19:30:38 [[31merror[39m]: Pool generation batch 136 failed {"service":"talentsecure-api","driveId":"cc4b0046-3d77-4fcd-aa34-e28a53a50f28","error":"Failed to generate dynamic assessment: fetch failed"}
2026-03-03 19:30:41 [[32minfo[39m]: Pool generation batch 137: generating 30 questions (0/30 done) {"service":"talentsecure-api","driveId":"cc4b0046-3d77-4fcd-aa34-e28a53a50f28"}
2026-03-03 19:30:41 [[32minfo[39m]: Calling OpenAI for dynamic assessment generation {"service":"talentsecure-api","weights":[{"category":"JavaScript","percentage":40},{"category":"TypeScript","percentage":30},{"category":"Logic","percentage":30}],"totalQuestions":30,"model":"gpt-4o-mini"}
2026-03-03 19:30:52 [[31merror[39m]: LLM service error (generate-dynamic) {"service":"talentsecure-api","error":"fetch failed"}
2026-03-03 19:30:52 [[31merror[39m]: Pool generation batch 137 failed {"service":"talentsecure-api","driveId":"cc4b0046-3d77-4fcd-aa34-e28a53a50f28","error":"Failed to generate dynamic assessment: fetch failed"}
2026-03-03 19:30:55 [[32minfo[39m]: Pool generation batch 138: generating 30 questions (0/30 done) {"service":"talentsecure-api","driveId":"cc4b0046-3d77-4fcd-aa34-e28a53a50f28"}
2026-03-03 19:30:55 [[32minfo[39m]: Calling OpenAI for dynamic assessment generation {"service":"talentsecure-api","weights":[{"category":"JavaScript","percentage":40},{"category":"TypeScript","percentage":30},{"category":"Logic","percentage":30}],"totalQuestions":30,"model":"gpt-4o-mini"}
2026-03-03 19:31:06 [[31merror[39m]: LLM service error (generate-dynamic) {"service":"talentsecure-api","error":"fetch failed"}
2026-03-03 19:31:06 [[31merror[39m]: Pool generation batch 138 failed {"service":"talentsecure-api","driveId":"cc4b0046-3d77-4fcd-aa34-e28a53a50f28","error":"Failed to generate dynamic assessment: fetch failed"}
2026-03-03 19:31:09 [[32minfo[39m]: Pool generation batch 139: generating 30 questions (0/30 done) {"service":"talentsecure-api","driveId":"cc4b0046-3d77-4fcd-aa34-e28a53a50f28"}
2026-03-03 19:31:09 [[32minfo[39m]: Calling OpenAI for dynamic assessment generation {"service":"talentsecure-api","weights":[{"category":"JavaScript","percentage":40},{"category":"TypeScript","percentage":30},{"category":"Logic","percentage":30}],"totalQuestions":30,"model":"gpt-4o-mini"}
2026-03-03 19:31:19 [[31merror[39m]: LLM service error (generate-dynamic) {"service":"talentsecure-api","error":"fetch failed"}
2026-03-03 19:31:19 [[31merror[39m]: Pool generation batch 139 failed {"service":"talentsecure-api","driveId":"cc4b0046-3d77-4fcd-aa34-e28a53a50f28","error":"Failed to generate dynamic assessment: fetch failed"}
2026-03-03 19:31:22 [[32minfo[39m]: Pool generation batch 140: generating 30 questions (0/30 done) {"service":"talentsecure-api","driveId":"cc4b0046-3d77-4fcd-aa34-e28a53a50f28"}
2026-03-03 19:31:22 [[32minfo[39m]: Calling OpenAI for dynamic assessment generation {"service":"talentsecure-api","weights":[{"category":"JavaScript","percentage":40},{"category":"TypeScript","percentage":30},{"category":"Logic","percentage":30}],"totalQuestions":30,"model":"gpt-4o-mini"}
2026-03-03 19:31:33 [[31merror[39m]: LLM service error (generate-dynamic) {"service":"talentsecure-api","error":"fetch failed"}
2026-03-03 19:31:33 [[31merror[39m]: Pool generation batch 140 failed {"service":"talentsecure-api","driveId":"cc4b0046-3d77-4fcd-aa34-e28a53a50f28","error":"Failed to generate dynamic assessment: fetch failed"}
2026-03-03 19:31:36 [[32minfo[39m]: Pool generation batch 141: generating 30 questions (0/30 done) {"service":"talentsecure-api","driveId":"cc4b0046-3d77-4fcd-aa34-e28a53a50f28"}
2026-03-03 19:31:36 [[32minfo[39m]: Calling OpenAI for dynamic assessment generation {"service":"talentsecure-api","weights":[{"category":"JavaScript","percentage":40},{"category":"TypeScript","percentage":30},{"category":"Logic","percentage":30}],"totalQuestions":30,"model":"gpt-4o-mini"}
2026-03-03 19:31:36 [[31merror[39m]: LLM service error (generate-dynamic) {"service":"talentsecure-api","error":"fetch failed"}
2026-03-03 19:31:36 [[31merror[39m]: Pool generation batch 141 failed {"service":"talentsecure-api","driveId":"cc4b0046-3d77-4fcd-aa34-e28a53a50f28","error":"Failed to generate dynamic assessment: fetch failed"}
2026-03-03 19:31:39 [[32minfo[39m]: Pool generation batch 142: generating 30 questions (0/30 done) {"service":"talentsecure-api","driveId":"cc4b0046-3d77-4fcd-aa34-e28a53a50f28"}
2026-03-03 19:31:39 [[32minfo[39m]: Calling OpenAI for dynamic assessment generation {"service":"talentsecure-api","weights":[{"category":"JavaScript","percentage":40},{"category":"TypeScript","percentage":30},{"category":"Logic","percentage":30}],"totalQuestions":30,"model":"gpt-4o-mini"}
2026-03-03 19:31:39 [[31merror[39m]: LLM service error (generate-dynamic) {"service":"talentsecure-api","error":"fetch failed"}
2026-03-03 19:31:39 [[31merror[39m]: Pool generation batch 142 failed {"service":"talentsecure-api","driveId":"cc4b0046-3d77-4fcd-aa34-e28a53a50f28","error":"Failed to generate dynamic assessment: fetch failed"}
2026-03-03 19:31:42 [[32minfo[39m]: Pool generation batch 143: generating 30 questions (0/30 done) {"service":"talentsecure-api","driveId":"cc4b0046-3d77-4fcd-aa34-e28a53a50f28"}
2026-03-03 19:31:42 [[32minfo[39m]: Calling OpenAI for dynamic assessment generation {"service":"talentsecure-api","weights":[{"category":"JavaScript","percentage":40},{"category":"TypeScript","percentage":30},{"category":"Logic","percentage":30}],"totalQuestions":30,"model":"gpt-4o-mini"}
2026-03-03 19:32:34 [[32minfo[39m]: Dynamic assessment generated successfully {"service":"talentsecure-api","totalQuestions":16,"categories":[{"category":"JavaScript","count":5,"percentage":40},{"category":"TypeScript","count":5,"percentage":30},{"category":"Logic","count":6,"percentage":30}]}
2026-03-03 19:32:34 [[31merror[39m]: Pool generation batch 143 failed {"service":"talentsecure-api","driveId":"cc4b0046-3d77-4fcd-aa34-e28a53a50f28","error":"Cannot use a pool after calling end on the pool"}
2026-03-03 19:32:37 [[32minfo[39m]: Pool generation batch 144: generating 30 questions (0/30 done) {"service":"talentsecure-api","driveId":"cc4b0046-3d77-4fcd-aa34-e28a53a50f28"}
2026-03-03 19:32:37 [[32minfo[39m]: Calling OpenAI for dynamic assessment generation {"service":"talentsecure-api","weights":[{"category":"JavaScript","percentage":40},{"category":"TypeScript","percentage":30},{"category":"Logic","percentage":30}],"totalQuestions":30,"model":"gpt-4o-mini"}
2026-03-03 19:32:56 [[31merror[39m]: LLM service error (generate-dynamic) {"service":"talentsecure-api","error":"fetch failed"}
2026-03-03 19:32:56 [[31merror[39m]: Pool generation batch 144 failed {"service":"talentsecure-api","driveId":"cc4b0046-3d77-4fcd-aa34-e28a53a50f28","error":"Failed to generate dynamic assessment: fetch failed"}
2026-03-03 19:32:59 [[32minfo[39m]: Pool generation batch 145: generating 30 questions (0/30 done) {"service":"talentsecure-api","driveId":"cc4b0046-3d77-4fcd-aa34-e28a53a50f28"}
2026-03-03 19:32:59 [[32minfo[39m]: Calling OpenAI for dynamic assessment generation {"service":"talentsecure-api","weights":[{"category":"JavaScript","percentage":40},{"category":"TypeScript","percentage":30},{"category":"Logic","percentage":30}],"totalQuestions":30,"model":"gpt-4o-mini"}
2026-03-03 19:33:00 [[31merror[39m]: LLM service error (generate-dynamic) {"service":"talentsecure-api","error":"fetch failed"}
2026-03-03 19:33:00 [[31merror[39m]: Pool generation batch 145 failed {"service":"talentsecure-api","driveId":"cc4b0046-3d77-4fcd-aa34-e28a53a50f28","error":"Failed to generate dynamic assessment: fetch failed"}
2026-03-03 19:33:03 [[32minfo[39m]: Pool generation batch 146: generating 30 questions (0/30 done) {"service":"talentsecure-api","driveId":"cc4b0046-3d77-4fcd-aa34-e28a53a50f28"}
2026-03-03 19:33:03 [[32minfo[39m]: Calling OpenAI for dynamic assessment generation {"service":"talentsecure-api","weights":[{"category":"JavaScript","percentage":40},{"category":"TypeScript","percentage":30},{"category":"Logic","percentage":30}],"totalQuestions":30,"model":"gpt-4o-mini"}
2026-03-03 19:33:13 [[31merror[39m]: LLM service error (generate-dynamic) {"service":"talentsecure-api","error":"fetch failed"}
2026-03-03 19:33:13 [[31merror[39m]: Pool generation batch 146 failed {"service":"talentsecure-api","driveId":"cc4b0046-3d77-4fcd-aa34-e28a53a50f28","error":"Failed to generate dynamic assessment: fetch failed"}
2026-03-03 19:33:16 [[32minfo[39m]: Pool generation batch 147: generating 30 questions (0/30 done) {"service":"talentsecure-api","driveId":"cc4b0046-3d77-4fcd-aa34-e28a53a50f28"}
2026-03-03 19:33:16 [[32minfo[39m]: Calling OpenAI for dynamic assessment generation {"service":"talentsecure-api","weights":[{"category":"JavaScript","percentage":40},{"category":"TypeScript","percentage":30},{"category":"Logic","percentage":30}],"totalQuestions":30,"model":"gpt-4o-mini"}
2026-03-03 19:33:27 [[31merror[39m]: LLM service error (generate-dynamic) {"service":"talentsecure-api","error":"fetch failed"}
2026-03-03 19:33:27 [[31merror[39m]: Pool generation batch 147 failed {"service":"talentsecure-api","driveId":"cc4b0046-3d77-4fcd-aa34-e28a53a50f28","error":"Failed to generate dynamic assessment: fetch failed"}
2026-03-03 19:33:30 [[32minfo[39m]: Pool generation batch 148: generating 30 questions (0/30 done) {"service":"talentsecure-api","driveId":"cc4b0046-3d77-4fcd-aa34-e28a53a50f28"}
2026-03-03 19:33:30 [[32minfo[39m]: Calling OpenAI for dynamic assessment generation {"service":"talentsecure-api","weights":[{"category":"JavaScript","percentage":40},{"category":"TypeScript","percentage":30},{"category":"Logic","percentage":30}],"totalQuestions":30,"model":"gpt-4o-mini"}
2026-03-03 19:33:39 [[31merror[39m]: LLM service error (generate-dynamic) {"service":"talentsecure-api","error":"fetch failed"}
2026-03-03 19:33:39 [[31merror[39m]: Pool generation batch 148 failed {"service":"talentsecure-api","driveId":"cc4b0046-3d77-4fcd-aa34-e28a53a50f28","error":"Failed to generate dynamic assessment: fetch failed"}
2026-03-03 19:33:42 [[32minfo[39m]: Pool generation batch 149: generating 30 questions (0/30 done) {"service":"talentsecure-api","driveId":"cc4b0046-3d77-4fcd-aa34-e28a53a50f28"}
2026-03-03 19:33:42 [[32minfo[39m]: Calling OpenAI for dynamic assessment generation {"service":"talentsecure-api","weights":[{"category":"JavaScript","percentage":40},{"category":"TypeScript","percentage":30},{"category":"Logic","percentage":30}],"totalQuestions":30,"model":"gpt-4o-mini"}
2026-03-03 19:33:42 [[31merror[39m]: LLM service error (generate-dynamic) {"service":"talentsecure-api","error":"fetch failed"}
2026-03-03 19:33:42 [[31merror[39m]: Pool generation batch 149 failed {"service":"talentsecure-api","driveId":"cc4b0046-3d77-4fcd-aa34-e28a53a50f28","error":"Failed to generate dynamic assessment: fetch failed"}
2026-03-03 19:33:45 [[32minfo[39m]: Pool generation batch 150: generating 30 questions (0/30 done) {"service":"talentsecure-api","driveId":"cc4b0046-3d77-4fcd-aa34-e28a53a50f28"}
2026-03-03 19:33:45 [[32minfo[39m]: Calling OpenAI for dynamic assessment generation {"service":"talentsecure-api","weights":[{"category":"JavaScript","percentage":40},{"category":"TypeScript","percentage":30},{"category":"Logic","percentage":30}],"totalQuestions":30,"model":"gpt-4o-mini"}
2026-03-03 19:33:55 [[31merror[39m]: LLM service error (generate-dynamic) {"service":"talentsecure-api","error":"fetch failed"}
2026-03-03 19:33:55 [[31merror[39m]: Pool generation batch 150 failed {"service":"talentsecure-api","driveId":"cc4b0046-3d77-4fcd-aa34-e28a53a50f28","error":"Failed to generate dynamic assessment: fetch failed"}
2026-03-03 19:33:59 [[32minfo[39m]: Pool generation batch 151: generating 30 questions (0/30 done) {"service":"talentsecure-api","driveId":"cc4b0046-3d77-4fcd-aa34-e28a53a50f28"}
2026-03-03 19:33:59 [[32minfo[39m]: Calling OpenAI for dynamic assessment generation {"service":"talentsecure-api","weights":[{"category":"JavaScript","percentage":40},{"category":"TypeScript","percentage":30},{"category":"Logic","percentage":30}],"totalQuestions":30,"model":"gpt-4o-mini"}
2026-03-03 19:34:09 [[31merror[39m]: LLM service error (generate-dynamic) {"service":"talentsecure-api","error":"fetch failed"}
2026-03-03 19:34:09 [[31merror[39m]: Pool generation batch 151 failed {"service":"talentsecure-api","driveId":"cc4b0046-3d77-4fcd-aa34-e28a53a50f28","error":"Failed to generate dynamic assessment: fetch failed"}
2026-03-03 19:34:12 [[32minfo[39m]: Pool generation batch 152: generating 30 questions (0/30 done) {"service":"talentsecure-api","driveId":"cc4b0046-3d77-4fcd-aa34-e28a53a50f28"}
2026-03-03 19:34:12 [[32minfo[39m]: Calling OpenAI for dynamic assessment generation {"service":"talentsecure-api","weights":[{"category":"JavaScript","percentage":40},{"category":"TypeScript","percentage":30},{"category":"Logic","percentage":30}],"totalQuestions":30,"model":"gpt-4o-mini"}
2026-03-03 19:34:22 [[31merror[39m]: LLM service error (generate-dynamic) {"service":"talentsecure-api","error":"fetch failed"}
2026-03-03 19:34:22 [[31merror[39m]: Pool generation batch 152 failed {"service":"talentsecure-api","driveId":"cc4b0046-3d77-4fcd-aa34-e28a53a50f28","error":"Failed to generate dynamic assessment: fetch failed"}
2026-03-03 19:34:25 [[32minfo[39m]: Pool generation batch 153: generating 30 questions (0/30 done) {"service":"talentsecure-api","driveId":"cc4b0046-3d77-4fcd-aa34-e28a53a50f28"}
2026-03-03 19:34:25 [[32minfo[39m]: Calling OpenAI for dynamic assessment generation {"service":"talentsecure-api","weights":[{"category":"JavaScript","percentage":40},{"category":"TypeScript","percentage":30},{"category":"Logic","percentage":30}],"totalQuestions":30,"model":"gpt-4o-mini"}
2026-03-03 19:35:38 [[32minfo[39m]: Dynamic assessment generated successfully {"service":"talentsecure-api","totalQuestions":19,"categories":[{"category":"JavaScript","count":5,"percentage":40},{"category":"TypeScript","count":5,"percentage":30},{"category":"Logic","count":9,"percentage":30}]}
2026-03-03 19:35:38 [[31merror[39m]: Pool generation batch 153 failed {"service":"talentsecure-api","driveId":"cc4b0046-3d77-4fcd-aa34-e28a53a50f28","error":"Cannot use a pool after calling end on the pool"}
2026-03-03 19:35:41 [[32minfo[39m]: Pool generation batch 154: generating 30 questions (0/30 done) {"service":"talentsecure-api","driveId":"cc4b0046-3d77-4fcd-aa34-e28a53a50f28"}
2026-03-03 19:35:41 [[32minfo[39m]: Calling OpenAI for dynamic assessment generation {"service":"talentsecure-api","weights":[{"category":"JavaScript","percentage":40},{"category":"TypeScript","percentage":30},{"category":"Logic","percentage":30}],"totalQuestions":30,"model":"gpt-4o-mini"}
2026-03-03 19:36:51 [[32minfo[39m]: Dynamic assessment generated successfully {"service":"talentsecure-api","totalQuestions":18,"categories":[{"category":"JavaScript","count":5,"percentage":40},{"category":"TypeScript","count":4,"percentage":30},{"category":"Logic","count":9,"percentage":30}]}
2026-03-03 19:36:51 [[31merror[39m]: Pool generation batch 154 failed {"service":"talentsecure-api","driveId":"cc4b0046-3d77-4fcd-aa34-e28a53a50f28","error":"Cannot use a pool after calling end on the pool"}
2026-03-03 19:36:54 [[32minfo[39m]: Pool generation batch 155: generating 30 questions (0/30 done) {"service":"talentsecure-api","driveId":"cc4b0046-3d77-4fcd-aa34-e28a53a50f28"}
2026-03-03 19:36:54 [[32minfo[39m]: Calling OpenAI for dynamic assessment generation {"service":"talentsecure-api","weights":[{"category":"JavaScript","percentage":40},{"category":"TypeScript","percentage":30},{"category":"Logic","percentage":30}],"totalQuestions":30,"model":"gpt-4o-mini"}
2026-03-03 19:37:51 [[32minfo[39m]: Dynamic assessment generated successfully {"service":"talentsecure-api","totalQuestions":18,"categories":[{"category":"JavaScript","count":3,"percentage":40},{"category":"TypeScript","count":6,"percentage":30},{"category":"Logic","count":9,"percentage":30}]}
2026-03-03 19:37:51 [[31merror[39m]: Pool generation batch 155 failed {"service":"talentsecure-api","driveId":"cc4b0046-3d77-4fcd-aa34-e28a53a50f28","error":"Cannot use a pool after calling end on the pool"}
2026-03-03 19:37:54 [[32minfo[39m]: Pool generation batch 156: generating 30 questions (0/30 done) {"service":"talentsecure-api","driveId":"cc4b0046-3d77-4fcd-aa34-e28a53a50f28"}
2026-03-03 19:37:54 [[32minfo[39m]: Calling OpenAI for dynamic assessment generation {"service":"talentsecure-api","weights":[{"category":"JavaScript","percentage":40},{"category":"TypeScript","percentage":30},{"category":"Logic","percentage":30}],"totalQuestions":30,"model":"gpt-4o-mini"}
2026-03-03 19:38:58 [[32minfo[39m]: Dynamic assessment generated successfully {"service":"talentsecure-api","totalQuestions":17,"categories":[{"category":"JavaScript","count":4,"percentage":40},{"category":"TypeScript","count":4,"percentage":30},{"category":"Logic","count":9,"percentage":30}]}
2026-03-03 19:38:58 [[31merror[39m]: Pool generation batch 156 failed {"service":"talentsecure-api","driveId":"cc4b0046-3d77-4fcd-aa34-e28a53a50f28","error":"Cannot use a pool after calling end on the pool"}
2026-03-03 19:39:01 [[32minfo[39m]: Pool generation batch 157: generating 30 questions (0/30 done) {"service":"talentsecure-api","driveId":"cc4b0046-3d77-4fcd-aa34-e28a53a50f28"}
2026-03-03 19:39:01 [[32minfo[39m]: Calling OpenAI for dynamic assessment generation {"service":"talentsecure-api","weights":[{"category":"JavaScript","percentage":40},{"category":"TypeScript","percentage":30},{"category":"Logic","percentage":30}],"totalQuestions":30,"model":"gpt-4o-mini"}
2026-03-03 19:40:23 [[32minfo[39m]: Dynamic assessment generated successfully {"service":"talentsecure-api","totalQuestions":21,"categories":[{"category":"JavaScript","count":6,"percentage":40},{"category":"TypeScript","count":5,"percentage":30},{"category":"Logic","count":10,"percentage":30}]}
2026-03-03 19:40:23 [[31merror[39m]: Pool generation batch 157 failed {"service":"talentsecure-api","driveId":"cc4b0046-3d77-4fcd-aa34-e28a53a50f28","error":"Cannot use a pool after calling end on the pool"}
2026-03-03 19:40:26 [[32minfo[39m]: Pool generation batch 158: generating 30 questions (0/30 done) {"service":"talentsecure-api","driveId":"cc4b0046-3d77-4fcd-aa34-e28a53a50f28"}
2026-03-03 19:40:26 [[32minfo[39m]: Calling OpenAI for dynamic assessment generation {"service":"talentsecure-api","weights":[{"category":"JavaScript","percentage":40},{"category":"TypeScript","percentage":30},{"category":"Logic","percentage":30}],"totalQuestions":30,"model":"gpt-4o-mini"}
2026-03-03 19:41:15 [[32minfo[39m]: Dynamic assessment generated successfully {"service":"talentsecure-api","totalQuestions":16,"categories":[{"category":"JavaScript","count":4,"percentage":40},{"category":"TypeScript","count":4,"percentage":30},{"category":"Logic","count":8,"percentage":30}]}
2026-03-03 19:41:15 [[31merror[39m]: Pool generation batch 158 failed {"service":"talentsecure-api","driveId":"cc4b0046-3d77-4fcd-aa34-e28a53a50f28","error":"Cannot use a pool after calling end on the pool"}
2026-03-03 19:41:18 [[32minfo[39m]: Pool generation batch 159: generating 30 questions (0/30 done) {"service":"talentsecure-api","driveId":"cc4b0046-3d77-4fcd-aa34-e28a53a50f28"}
2026-03-03 19:41:18 [[32minfo[39m]: Calling OpenAI for dynamic assessment generation {"service":"talentsecure-api","weights":[{"category":"JavaScript","percentage":40},{"category":"TypeScript","percentage":30},{"category":"Logic","percentage":30}],"totalQuestions":30,"model":"gpt-4o-mini"}
2026-03-03 19:42:19 [[32minfo[39m]: Dynamic assessment generated successfully {"service":"talentsecure-api","totalQuestions":18,"categories":[{"category":"JavaScript","count":5,"percentage":40},{"category":"TypeScript","count":5,"percentage":30},{"category":"Logic","count":8,"percentage":30}]}
2026-03-03 19:42:19 [[31merror[39m]: Pool generation batch 159 failed {"service":"talentsecure-api","driveId":"cc4b0046-3d77-4fcd-aa34-e28a53a50f28","error":"Cannot use a pool after calling end on the pool"}
2026-03-03 19:42:22 [[32minfo[39m]: Pool generation batch 160: generating 30 questions (0/30 done) {"service":"talentsecure-api","driveId":"cc4b0046-3d77-4fcd-aa34-e28a53a50f28"}
2026-03-03 19:42:22 [[32minfo[39m]: Calling OpenAI for dynamic assessment generation {"service":"talentsecure-api","weights":[{"category":"JavaScript","percentage":40},{"category":"TypeScript","percentage":30},{"category":"Logic","percentage":30}],"totalQuestions":30,"model":"gpt-4o-mini"}
2026-03-03 19:43:21 [[32minfo[39m]: Dynamic assessment generated successfully {"service":"talentsecure-api","totalQuestions":18,"categories":[{"category":"JavaScript","count":6,"percentage":40},{"category":"TypeScript","count":3,"percentage":30},{"category":"Logic","count":9,"percentage":30}]}
2026-03-03 19:43:21 [[31merror[39m]: Pool generation batch 160 failed {"service":"talentsecure-api","driveId":"cc4b0046-3d77-4fcd-aa34-e28a53a50f28","error":"Cannot use a pool after calling end on the pool"}
2026-03-03 19:43:24 [[32minfo[39m]: Pool generation batch 161: generating 30 questions (0/30 done) {"service":"talentsecure-api","driveId":"cc4b0046-3d77-4fcd-aa34-e28a53a50f28"}
2026-03-03 19:43:24 [[32minfo[39m]: Calling OpenAI for dynamic assessment generation {"service":"talentsecure-api","weights":[{"category":"JavaScript","percentage":40},{"category":"TypeScript","percentage":30},{"category":"Logic","percentage":30}],"totalQuestions":30,"model":"gpt-4o-mini"}
2026-03-03 19:44:23 [[32minfo[39m]: Dynamic assessment generated successfully {"service":"talentsecure-api","totalQuestions":15,"categories":[{"category":"JavaScript","count":4,"percentage":40},{"category":"TypeScript","count":5,"percentage":30},{"category":"Logic","count":6,"percentage":30}]}
2026-03-03 19:44:23 [[31merror[39m]: Pool generation batch 161 failed {"service":"talentsecure-api","driveId":"cc4b0046-3d77-4fcd-aa34-e28a53a50f28","error":"Cannot use a pool after calling end on the pool"}
2026-03-03 19:44:26 [[32minfo[39m]: Pool generation batch 162: generating 30 questions (0/30 done) {"service":"talentsecure-api","driveId":"cc4b0046-3d77-4fcd-aa34-e28a53a50f28"}
2026-03-03 19:44:26 [[32minfo[39m]: Calling OpenAI for dynamic assessment generation {"service":"talentsecure-api","weights":[{"category":"JavaScript","percentage":40},{"category":"TypeScript","percentage":30},{"category":"Logic","percentage":30}],"totalQuestions":30,"model":"gpt-4o-mini"}
2026-03-03 19:45:17 [[32minfo[39m]: Dynamic assessment generated successfully {"service":"talentsecure-api","totalQuestions":17,"categories":[{"category":"JavaScript","count":5,"percentage":40},{"category":"TypeScript","count":4,"percentage":30},{"category":"Logic","count":8,"percentage":30}]}
2026-03-03 19:45:17 [[31merror[39m]: Pool generation batch 162 failed {"service":"talentsecure-api","driveId":"cc4b0046-3d77-4fcd-aa34-e28a53a50f28","error":"Cannot use a pool after calling end on the pool"}
2026-03-03 19:45:20 [[32minfo[39m]: Pool generation batch 163: generating 30 questions (0/30 done) {"service":"talentsecure-api","driveId":"cc4b0046-3d77-4fcd-aa34-e28a53a50f28"}
2026-03-03 19:45:20 [[32minfo[39m]: Calling OpenAI for dynamic assessment generation {"service":"talentsecure-api","weights":[{"category":"JavaScript","percentage":40},{"category":"TypeScript","percentage":30},{"category":"Logic","percentage":30}],"totalQuestions":30,"model":"gpt-4o-mini"}
2026-03-03 19:46:26 [[32minfo[39m]: Dynamic assessment generated successfully {"service":"talentsecure-api","totalQuestions":19,"categories":[{"category":"JavaScript","count":6,"percentage":40},{"category":"TypeScript","count":5,"percentage":30},{"category":"Logic","count":8,"percentage":30}]}
2026-03-03 19:46:26 [[31merror[39m]: Pool generation batch 163 failed {"service":"talentsecure-api","driveId":"cc4b0046-3d77-4fcd-aa34-e28a53a50f28","error":"Cannot use a pool after calling end on the pool"}
2026-03-03 19:46:29 [[32minfo[39m]: Pool generation batch 164: generating 30 questions (0/30 done) {"service":"talentsecure-api","driveId":"cc4b0046-3d77-4fcd-aa34-e28a53a50f28"}
2026-03-03 19:46:29 [[32minfo[39m]: Calling OpenAI for dynamic assessment generation {"service":"talentsecure-api","weights":[{"category":"JavaScript","percentage":40},{"category":"TypeScript","percentage":30},{"category":"Logic","percentage":30}],"totalQuestions":30,"model":"gpt-4o-mini"}
2026-03-03 19:47:36 [[32minfo[39m]: Dynamic assessment generated successfully {"service":"talentsecure-api","totalQuestions":19,"categories":[{"category":"JavaScript","count":5,"percentage":40},{"category":"TypeScript","count":5,"percentage":30},{"category":"Logic","count":9,"percentage":30}]}
2026-03-03 19:47:36 [[31merror[39m]: Pool generation batch 164 failed {"service":"talentsecure-api","driveId":"cc4b0046-3d77-4fcd-aa34-e28a53a50f28","error":"Cannot use a pool after calling end on the pool"}
2026-03-03 19:47:39 [[32minfo[39m]: Pool generation batch 165: generating 30 questions (0/30 done) {"service":"talentsecure-api","driveId":"cc4b0046-3d77-4fcd-aa34-e28a53a50f28"}
2026-03-03 19:47:39 [[32minfo[39m]: Calling OpenAI for dynamic assessment generation {"service":"talentsecure-api","weights":[{"category":"JavaScript","percentage":40},{"category":"TypeScript","percentage":30},{"category":"Logic","percentage":30}],"totalQuestions":30,"model":"gpt-4o-mini"}
2026-03-03 19:48:50 [[32minfo[39m]: Dynamic assessment generated successfully {"service":"talentsecure-api","totalQuestions":20,"categories":[{"category":"JavaScript","count":6,"percentage":40},{"category":"TypeScript","count":5,"percentage":30},{"category":"Logic","count":9,"percentage":30}]}
2026-03-03 19:48:50 [[31merror[39m]: Pool generation batch 165 failed {"service":"talentsecure-api","driveId":"cc4b0046-3d77-4fcd-aa34-e28a53a50f28","error":"Cannot use a pool after calling end on the pool"}
2026-03-03 19:48:53 [[32minfo[39m]: Pool generation batch 166: generating 30 questions (0/30 done) {"service":"talentsecure-api","driveId":"cc4b0046-3d77-4fcd-aa34-e28a53a50f28"}
2026-03-03 19:48:53 [[32minfo[39m]: Calling OpenAI for dynamic assessment generation {"service":"talentsecure-api","weights":[{"category":"JavaScript","percentage":40},{"category":"TypeScript","percentage":30},{"category":"Logic","percentage":30}],"totalQuestions":30,"model":"gpt-4o-mini"}
2026-03-03 19:49:55 [[32minfo[39m]: Dynamic assessment generated successfully {"service":"talentsecure-api","totalQuestions":18,"categories":[{"category":"JavaScript","count":6,"percentage":40},{"category":"TypeScript","count":4,"percentage":30},{"category":"Logic","count":8,"percentage":30}]}
2026-03-03 19:49:55 [[31merror[39m]: Pool generation batch 166 failed {"service":"talentsecure-api","driveId":"cc4b0046-3d77-4fcd-aa34-e28a53a50f28","error":"Cannot use a pool after calling end on the pool"}
2026-03-03 19:49:58 [[32minfo[39m]: Pool generation batch 167: generating 30 questions (0/30 done) {"service":"talentsecure-api","driveId":"cc4b0046-3d77-4fcd-aa34-e28a53a50f28"}
2026-03-03 19:49:58 [[32minfo[39m]: Calling OpenAI for dynamic assessment generation {"service":"talentsecure-api","weights":[{"category":"JavaScript","percentage":40},{"category":"TypeScript","percentage":30},{"category":"Logic","percentage":30}],"totalQuestions":30,"model":"gpt-4o-mini"}
2026-03-03 20:05:08 [[31merror[39m]: LLM service error (generate-dynamic) {"service":"talentsecure-api","error":"fetch failed"}
2026-03-03 20:05:08 [[31merror[39m]: Pool generation batch 167 failed {"service":"talentsecure-api","driveId":"cc4b0046-3d77-4fcd-aa34-e28a53a50f28","error":"Failed to generate dynamic assessment: fetch failed"}
2026-03-03 20:05:11 [[32minfo[39m]: Pool generation batch 168: generating 30 questions (0/30 done) {"service":"talentsecure-api","driveId":"cc4b0046-3d77-4fcd-aa34-e28a53a50f28"}
2026-03-03 20:05:11 [[32minfo[39m]: Calling OpenAI for dynamic assessment generation {"service":"talentsecure-api","weights":[{"category":"JavaScript","percentage":40},{"category":"TypeScript","percentage":30},{"category":"Logic","percentage":30}],"totalQuestions":30,"model":"gpt-4o-mini"}
2026-03-03 20:06:48 [[32minfo[39m]: Dynamic assessment generated successfully {"service":"talentsecure-api","totalQuestions":17,"categories":[{"category":"JavaScript","count":5,"percentage":40},{"category":"TypeScript","count":4,"percentage":30},{"category":"Logic","count":8,"percentage":30}]}
2026-03-03 20:06:48 [[31merror[39m]: Pool generation batch 168 failed {"service":"talentsecure-api","driveId":"cc4b0046-3d77-4fcd-aa34-e28a53a50f28","error":"Cannot use a pool after calling end on the pool"}
2026-03-03 20:06:51 [[32minfo[39m]: Pool generation batch 169: generating 30 questions (0/30 done) {"service":"talentsecure-api","driveId":"cc4b0046-3d77-4fcd-aa34-e28a53a50f28"}
2026-03-03 20:06:51 [[32minfo[39m]: Calling OpenAI for dynamic assessment generation {"service":"talentsecure-api","weights":[{"category":"JavaScript","percentage":40},{"category":"TypeScript","percentage":30},{"category":"Logic","percentage":30}],"totalQuestions":30,"model":"gpt-4o-mini"}
2026-03-03 20:07:45 [[32minfo[39m]: Dynamic assessment generated successfully {"service":"talentsecure-api","totalQuestions":17,"categories":[{"category":"JavaScript","count":5,"percentage":40},{"category":"TypeScript","count":4,"percentage":30},{"category":"Logic","count":8,"percentage":30}]}
2026-03-03 20:07:45 [[31merror[39m]: Pool generation batch 169 failed {"service":"talentsecure-api","driveId":"cc4b0046-3d77-4fcd-aa34-e28a53a50f28","error":"Cannot use a pool after calling end on the pool"}
2026-03-03 20:07:48 [[32minfo[39m]: Pool generation batch 170: generating 30 questions (0/30 done) {"service":"talentsecure-api","driveId":"cc4b0046-3d77-4fcd-aa34-e28a53a50f28"}
2026-03-03 20:07:48 [[32minfo[39m]: Calling OpenAI for dynamic assessment generation {"service":"talentsecure-api","weights":[{"category":"JavaScript","percentage":40},{"category":"TypeScript","percentage":30},{"category":"Logic","percentage":30}],"totalQuestions":30,"model":"gpt-4o-mini"}
2026-03-03 20:08:37 [[32minfo[39m]: Dynamic assessment generated successfully {"service":"talentsecure-api","totalQuestions":18,"categories":[{"category":"JavaScript","count":5,"percentage":40},{"category":"TypeScript","count":4,"percentage":30},{"category":"Logic","count":9,"percentage":30}]}
2026-03-03 20:08:37 [[31merror[39m]: Pool generation batch 170 failed {"service":"talentsecure-api","driveId":"cc4b0046-3d77-4fcd-aa34-e28a53a50f28","error":"Cannot use a pool after calling end on the pool"}
2026-03-03 20:08:40 [[32minfo[39m]: Pool generation batch 171: generating 30 questions (0/30 done) {"service":"talentsecure-api","driveId":"cc4b0046-3d77-4fcd-aa34-e28a53a50f28"}
2026-03-03 20:08:40 [[32minfo[39m]: Calling OpenAI for dynamic assessment generation {"service":"talentsecure-api","weights":[{"category":"JavaScript","percentage":40},{"category":"TypeScript","percentage":30},{"category":"Logic","percentage":30}],"totalQuestions":30,"model":"gpt-4o-mini"}
2026-03-03 20:09:40 [[32minfo[39m]: Dynamic assessment generated successfully {"service":"talentsecure-api","totalQuestions":20,"categories":[{"category":"JavaScript","count":6,"percentage":40},{"category":"TypeScript","count":5,"percentage":30},{"category":"Logic","count":9,"percentage":30}]}
2026-03-03 20:09:40 [[31merror[39m]: Pool generation batch 171 failed {"service":"talentsecure-api","driveId":"cc4b0046-3d77-4fcd-aa34-e28a53a50f28","error":"Cannot use a pool after calling end on the pool"}
2026-03-03 20:09:43 [[32minfo[39m]: Pool generation batch 172: generating 30 questions (0/30 done) {"service":"talentsecure-api","driveId":"cc4b0046-3d77-4fcd-aa34-e28a53a50f28"}
2026-03-03 20:09:43 [[32minfo[39m]: Calling OpenAI for dynamic assessment generation {"service":"talentsecure-api","weights":[{"category":"JavaScript","percentage":40},{"category":"TypeScript","percentage":30},{"category":"Logic","percentage":30}],"totalQuestions":30,"model":"gpt-4o-mini"}
2026-03-03 20:10:27 [[32minfo[39m]: Dynamic assessment generated successfully {"service":"talentsecure-api","totalQuestions":18,"categories":[{"category":"JavaScript","count":4,"percentage":40},{"category":"TypeScript","count":5,"percentage":30},{"category":"Logic","count":9,"percentage":30}]}
2026-03-03 20:10:27 [[31merror[39m]: Pool generation batch 172 failed {"service":"talentsecure-api","driveId":"cc4b0046-3d77-4fcd-aa34-e28a53a50f28","error":"Cannot use a pool after calling end on the pool"}
2026-03-03 20:10:30 [[32minfo[39m]: Pool generation batch 173: generating 30 questions (0/30 done) {"service":"talentsecure-api","driveId":"cc4b0046-3d77-4fcd-aa34-e28a53a50f28"}
2026-03-03 20:10:30 [[32minfo[39m]: Calling OpenAI for dynamic assessment generation {"service":"talentsecure-api","weights":[{"category":"JavaScript","percentage":40},{"category":"TypeScript","percentage":30},{"category":"Logic","percentage":30}],"totalQuestions":30,"model":"gpt-4o-mini"}
2026-03-03 20:11:18 [[32minfo[39m]: Dynamic assessment generated successfully {"service":"talentsecure-api","totalQuestions":17,"categories":[{"category":"JavaScript","count":4,"percentage":40},{"category":"TypeScript","count":4,"percentage":30},{"category":"Logic","count":9,"percentage":30}]}
2026-03-03 20:11:18 [[31merror[39m]: Pool generation batch 173 failed {"service":"talentsecure-api","driveId":"cc4b0046-3d77-4fcd-aa34-e28a53a50f28","error":"Cannot use a pool after calling end on the pool"}
2026-03-03 20:11:21 [[32minfo[39m]: Pool generation batch 174: generating 30 questions (0/30 done) {"service":"talentsecure-api","driveId":"cc4b0046-3d77-4fcd-aa34-e28a53a50f28"}
2026-03-03 20:11:21 [[32minfo[39m]: Calling OpenAI for dynamic assessment generation {"service":"talentsecure-api","weights":[{"category":"JavaScript","percentage":40},{"category":"TypeScript","percentage":30},{"category":"Logic","percentage":30}],"totalQuestions":30,"model":"gpt-4o-mini"}
2026-03-03 20:12:22 [[32minfo[39m]: Dynamic assessment generated successfully {"service":"talentsecure-api","totalQuestions":17,"categories":[{"category":"JavaScript","count":5,"percentage":40},{"category":"TypeScript","count":4,"percentage":30},{"category":"Logic","count":8,"percentage":30}]}
2026-03-03 20:12:22 [[31merror[39m]: Pool generation batch 174 failed {"service":"talentsecure-api","driveId":"cc4b0046-3d77-4fcd-aa34-e28a53a50f28","error":"Cannot use a pool after calling end on the pool"}
2026-03-03 20:12:25 [[32minfo[39m]: Pool generation batch 175: generating 30 questions (0/30 done) {"service":"talentsecure-api","driveId":"cc4b0046-3d77-4fcd-aa34-e28a53a50f28"}
2026-03-03 20:12:25 [[32minfo[39m]: Calling OpenAI for dynamic assessment generation {"service":"talentsecure-api","weights":[{"category":"JavaScript","percentage":40},{"category":"TypeScript","percentage":30},{"category":"Logic","percentage":30}],"totalQuestions":30,"model":"gpt-4o-mini"}
2026-03-03 20:13:13 [[32minfo[39m]: Dynamic assessment generated successfully {"service":"talentsecure-api","totalQuestions":18,"categories":[{"category":"JavaScript","count":5,"percentage":40},{"category":"TypeScript","count":5,"percentage":30},{"category":"Logic","count":8,"percentage":30}]}
2026-03-03 20:13:13 [[31merror[39m]: Pool generation batch 175 failed {"service":"talentsecure-api","driveId":"cc4b0046-3d77-4fcd-aa34-e28a53a50f28","error":"Cannot use a pool after calling end on the pool"}
2026-03-03 20:13:16 [[32minfo[39m]: Pool generation batch 176: generating 30 questions (0/30 done) {"service":"talentsecure-api","driveId":"cc4b0046-3d77-4fcd-aa34-e28a53a50f28"}
2026-03-03 20:13:16 [[32minfo[39m]: Calling OpenAI for dynamic assessment generation {"service":"talentsecure-api","weights":[{"category":"JavaScript","percentage":40},{"category":"TypeScript","percentage":30},{"category":"Logic","percentage":30}],"totalQuestions":30,"model":"gpt-4o-mini"}
2026-03-03 20:14:04 [[32minfo[39m]: Dynamic assessment generated successfully {"service":"talentsecure-api","totalQuestions":16,"categories":[{"category":"JavaScript","count":5,"percentage":40},{"category":"TypeScript","count":5,"percentage":30},{"category":"Logic","count":6,"percentage":30}]}
2026-03-03 20:14:04 [[31merror[39m]: Pool generation batch 176 failed {"service":"talentsecure-api","driveId":"cc4b0046-3d77-4fcd-aa34-e28a53a50f28","error":"Cannot use a pool after calling end on the pool"}
2026-03-03 20:14:07 [[32minfo[39m]: Pool generation batch 177: generating 30 questions (0/30 done) {"service":"talentsecure-api","driveId":"cc4b0046-3d77-4fcd-aa34-e28a53a50f28"}
2026-03-03 20:14:07 [[32minfo[39m]: Calling OpenAI for dynamic assessment generation {"service":"talentsecure-api","weights":[{"category":"JavaScript","percentage":40},{"category":"TypeScript","percentage":30},{"category":"Logic","percentage":30}],"totalQuestions":30,"model":"gpt-4o-mini"}
2026-03-03 20:15:11 [[32minfo[39m]: Dynamic assessment generated successfully {"service":"talentsecure-api","totalQuestions":18,"categories":[{"category":"JavaScript","count":6,"percentage":40},{"category":"TypeScript","count":4,"percentage":30},{"category":"Logic","count":8,"percentage":30}]}
2026-03-03 20:15:11 [[31merror[39m]: Pool generation batch 177 failed {"service":"talentsecure-api","driveId":"cc4b0046-3d77-4fcd-aa34-e28a53a50f28","error":"Cannot use a pool after calling end on the pool"}
2026-03-03 20:15:14 [[32minfo[39m]: Pool generation batch 178: generating 30 questions (0/30 done) {"service":"talentsecure-api","driveId":"cc4b0046-3d77-4fcd-aa34-e28a53a50f28"}
2026-03-03 20:15:14 [[32minfo[39m]: Calling OpenAI for dynamic assessment generation {"service":"talentsecure-api","weights":[{"category":"JavaScript","percentage":40},{"category":"TypeScript","percentage":30},{"category":"Logic","percentage":30}],"totalQuestions":30,"model":"gpt-4o-mini"}
2026-03-03 20:21:49 [[31merror[39m]: LLM service error (generate-dynamic) {"service":"talentsecure-api","error":"fetch failed"}
2026-03-03 20:21:49 [[31merror[39m]: Pool generation batch 178 failed {"service":"talentsecure-api","driveId":"cc4b0046-3d77-4fcd-aa34-e28a53a50f28","error":"Failed to generate dynamic assessment: fetch failed"}
2026-03-03 20:21:52 [[32minfo[39m]: Pool generation batch 179: generating 30 questions (0/30 done) {"service":"talentsecure-api","driveId":"cc4b0046-3d77-4fcd-aa34-e28a53a50f28"}
2026-03-03 20:21:52 [[32minfo[39m]: Calling OpenAI for dynamic assessment generation {"service":"talentsecure-api","weights":[{"category":"JavaScript","percentage":40},{"category":"TypeScript","percentage":30},{"category":"Logic","percentage":30}],"totalQuestions":30,"model":"gpt-4o-mini"}
2026-03-03 20:21:52 [[31merror[39m]: LLM service error (generate-dynamic) {"service":"talentsecure-api","error":"fetch failed"}
2026-03-03 20:21:52 [[31merror[39m]: Pool generation batch 179 failed {"service":"talentsecure-api","driveId":"cc4b0046-3d77-4fcd-aa34-e28a53a50f28","error":"Failed to generate dynamic assessment: fetch failed"}
2026-03-03 20:54:37 [[32minfo[39m]: Pool generation batch 180: generating 30 questions (0/30 done) {"service":"talentsecure-api","driveId":"cc4b0046-3d77-4fcd-aa34-e28a53a50f28"}
2026-03-03 20:54:37 [[32minfo[39m]: Calling OpenAI for dynamic assessment generation {"service":"talentsecure-api","weights":[{"category":"JavaScript","percentage":40},{"category":"TypeScript","percentage":30},{"category":"Logic","percentage":30}],"totalQuestions":30,"model":"gpt-4o-mini"}
2026-03-03 20:54:37 [[31merror[39m]: LLM service error (generate-dynamic) {"service":"talentsecure-api","error":"fetch failed"}
2026-03-03 20:54:37 [[31merror[39m]: Pool generation batch 180 failed {"service":"talentsecure-api","driveId":"cc4b0046-3d77-4fcd-aa34-e28a53a50f28","error":"Failed to generate dynamic assessment: fetch failed"}
2026-03-03 20:54:40 [[32minfo[39m]: Pool generation batch 181: generating 30 questions (0/30 done) {"service":"talentsecure-api","driveId":"cc4b0046-3d77-4fcd-aa34-e28a53a50f28"}
2026-03-03 20:54:40 [[32minfo[39m]: Calling OpenAI for dynamic assessment generation {"service":"talentsecure-api","weights":[{"category":"JavaScript","percentage":40},{"category":"TypeScript","percentage":30},{"category":"Logic","percentage":30}],"totalQuestions":30,"model":"gpt-4o-mini"}
2026-03-03 20:54:40 [[31merror[39m]: LLM service error (generate-dynamic) {"service":"talentsecure-api","error":"fetch failed"}
2026-03-03 20:54:40 [[31merror[39m]: Pool generation batch 181 failed {"service":"talentsecure-api","driveId":"cc4b0046-3d77-4fcd-aa34-e28a53a50f28","error":"Failed to generate dynamic assessment: fetch failed"}
2026-03-03 20:54:43 [[32minfo[39m]: Pool generation batch 182: generating 30 questions (0/30 done) {"service":"talentsecure-api","driveId":"cc4b0046-3d77-4fcd-aa34-e28a53a50f28"}
2026-03-03 20:54:43 [[32minfo[39m]: Calling OpenAI for dynamic assessment generation {"service":"talentsecure-api","weights":[{"category":"JavaScript","percentage":40},{"category":"TypeScript","percentage":30},{"category":"Logic","percentage":30}],"totalQuestions":30,"model":"gpt-4o-mini"}
2026-03-03 20:54:43 [[31merror[39m]: LLM service error (generate-dynamic) {"service":"talentsecure-api","error":"fetch failed"}
2026-03-03 20:54:43 [[31merror[39m]: Pool generation batch 182 failed {"service":"talentsecure-api","driveId":"cc4b0046-3d77-4fcd-aa34-e28a53a50f28","error":"Failed to generate dynamic assessment: fetch failed"}
2026-03-03 20:54:46 [[32minfo[39m]: Pool generation batch 183: generating 30 questions (0/30 done) {"service":"talentsecure-api","driveId":"cc4b0046-3d77-4fcd-aa34-e28a53a50f28"}
2026-03-03 20:54:46 [[32minfo[39m]: Calling OpenAI for dynamic assessment generation {"service":"talentsecure-api","weights":[{"category":"JavaScript","percentage":40},{"category":"TypeScript","percentage":30},{"category":"Logic","percentage":30}],"totalQuestions":30,"model":"gpt-4o-mini"}
2026-03-03 20:54:46 [[31merror[39m]: LLM service error (generate-dynamic) {"service":"talentsecure-api","error":"fetch failed"}
2026-03-03 20:54:46 [[31merror[39m]: Pool generation batch 183 failed {"service":"talentsecure-api","driveId":"cc4b0046-3d77-4fcd-aa34-e28a53a50f28","error":"Failed to generate dynamic assessment: fetch failed"}
2026-03-03 20:54:49 [[32minfo[39m]: Pool generation batch 184: generating 30 questions (0/30 done) {"service":"talentsecure-api","driveId":"cc4b0046-3d77-4fcd-aa34-e28a53a50f28"}
2026-03-03 20:54:49 [[32minfo[39m]: Calling OpenAI for dynamic assessment generation {"service":"talentsecure-api","weights":[{"category":"JavaScript","percentage":40},{"category":"TypeScript","percentage":30},{"category":"Logic","percentage":30}],"totalQuestions":30,"model":"gpt-4o-mini"}
2026-03-03 20:54:49 [[31merror[39m]: LLM service error (generate-dynamic) {"service":"talentsecure-api","error":"fetch failed"}
2026-03-03 20:54:49 [[31merror[39m]: Pool generation batch 184 failed {"service":"talentsecure-api","driveId":"cc4b0046-3d77-4fcd-aa34-e28a53a50f28","error":"Failed to generate dynamic assessment: fetch failed"}
2026-03-03 20:54:52 [[32minfo[39m]: Pool generation batch 185: generating 30 questions (0/30 done) {"service":"talentsecure-api","driveId":"cc4b0046-3d77-4fcd-aa34-e28a53a50f28"}
2026-03-03 20:54:52 [[32minfo[39m]: Calling OpenAI for dynamic assessment generation {"service":"talentsecure-api","weights":[{"category":"JavaScript","percentage":40},{"category":"TypeScript","percentage":30},{"category":"Logic","percentage":30}],"totalQuestions":30,"model":"gpt-4o-mini"}
2026-03-03 20:54:52 [[31merror[39m]: LLM service error (generate-dynamic) {"service":"talentsecure-api","error":"fetch failed"}
2026-03-03 20:54:52 [[31merror[39m]: Pool generation batch 185 failed {"service":"talentsecure-api","driveId":"cc4b0046-3d77-4fcd-aa34-e28a53a50f28","error":"Failed to generate dynamic assessment: fetch failed"}
2026-03-03 20:54:55 [[32minfo[39m]: Pool generation batch 186: generating 30 questions (0/30 done) {"service":"talentsecure-api","driveId":"cc4b0046-3d77-4fcd-aa34-e28a53a50f28"}
2026-03-03 20:54:55 [[32minfo[39m]: Calling OpenAI for dynamic assessment generation {"service":"talentsecure-api","weights":[{"category":"JavaScript","percentage":40},{"category":"TypeScript","percentage":30},{"category":"Logic","percentage":30}],"totalQuestions":30,"model":"gpt-4o-mini"}
2026-03-03 20:54:55 [[31merror[39m]: LLM service error (generate-dynamic) {"service":"talentsecure-api","error":"fetch failed"}
2026-03-03 20:54:55 [[31merror[39m]: Pool generation batch 186 failed {"service":"talentsecure-api","driveId":"cc4b0046-3d77-4fcd-aa34-e28a53a50f28","error":"Failed to generate dynamic assessment: fetch failed"}
2026-03-03 20:54:58 [[32minfo[39m]: Pool generation batch 187: generating 30 questions (0/30 done) {"service":"talentsecure-api","driveId":"cc4b0046-3d77-4fcd-aa34-e28a53a50f28"}
2026-03-03 20:54:58 [[32minfo[39m]: Calling OpenAI for dynamic assessment generation {"service":"talentsecure-api","weights":[{"category":"JavaScript","percentage":40},{"category":"TypeScript","percentage":30},{"category":"Logic","percentage":30}],"totalQuestions":30,"model":"gpt-4o-mini"}
2026-03-03 20:54:58 [[31merror[39m]: LLM service error (generate-dynamic) {"service":"talentsecure-api","error":"fetch failed"}
2026-03-03 20:54:58 [[31merror[39m]: Pool generation batch 187 failed {"service":"talentsecure-api","driveId":"cc4b0046-3d77-4fcd-aa34-e28a53a50f28","error":"Failed to generate dynamic assessment: fetch failed"}
2026-03-03 20:55:01 [[32minfo[39m]: Pool generation batch 188: generating 30 questions (0/30 done) {"service":"talentsecure-api","driveId":"cc4b0046-3d77-4fcd-aa34-e28a53a50f28"}
2026-03-03 20:55:01 [[32minfo[39m]: Calling OpenAI for dynamic assessment generation {"service":"talentsecure-api","weights":[{"category":"JavaScript","percentage":40},{"category":"TypeScript","percentage":30},{"category":"Logic","percentage":30}],"totalQuestions":30,"model":"gpt-4o-mini"}
2026-03-03 20:55:01 [[31merror[39m]: LLM service error (generate-dynamic) {"service":"talentsecure-api","error":"fetch failed"}
2026-03-03 20:55:01 [[31merror[39m]: Pool generation batch 188 failed {"service":"talentsecure-api","driveId":"cc4b0046-3d77-4fcd-aa34-e28a53a50f28","error":"Failed to generate dynamic assessment: fetch failed"}
2026-03-03 20:55:04 [[32minfo[39m]: Pool generation batch 189: generating 30 questions (0/30 done) {"service":"talentsecure-api","driveId":"cc4b0046-3d77-4fcd-aa34-e28a53a50f28"}
2026-03-03 20:55:04 [[32minfo[39m]: Calling OpenAI for dynamic assessment generation {"service":"talentsecure-api","weights":[{"category":"JavaScript","percentage":40},{"category":"TypeScript","percentage":30},{"category":"Logic","percentage":30}],"totalQuestions":30,"model":"gpt-4o-mini"}
2026-03-03 20:55:04 [[31merror[39m]: LLM service error (generate-dynamic) {"service":"talentsecure-api","error":"fetch failed"}
2026-03-03 20:55:04 [[31merror[39m]: Pool generation batch 189 failed {"service":"talentsecure-api","driveId":"cc4b0046-3d77-4fcd-aa34-e28a53a50f28","error":"Failed to generate dynamic assessment: fetch failed"}
2026-03-03 20:55:07 [[32minfo[39m]: Pool generation batch 190: generating 30 questions (0/30 done) {"service":"talentsecure-api","driveId":"cc4b0046-3d77-4fcd-aa34-e28a53a50f28"}
2026-03-03 20:55:07 [[32minfo[39m]: Calling OpenAI for dynamic assessment generation {"service":"talentsecure-api","weights":[{"category":"JavaScript","percentage":40},{"category":"TypeScript","percentage":30},{"category":"Logic","percentage":30}],"totalQuestions":30,"model":"gpt-4o-mini"}
2026-03-03 20:55:07 [[31merror[39m]: LLM service error (generate-dynamic) {"service":"talentsecure-api","error":"fetch failed"}
2026-03-03 20:55:07 [[31merror[39m]: Pool generation batch 190 failed {"service":"talentsecure-api","driveId":"cc4b0046-3d77-4fcd-aa34-e28a53a50f28","error":"Failed to generate dynamic assessment: fetch failed"}
2026-03-03 20:55:10 [[32minfo[39m]: Pool generation batch 191: generating 30 questions (0/30 done) {"service":"talentsecure-api","driveId":"cc4b0046-3d77-4fcd-aa34-e28a53a50f28"}
2026-03-03 20:55:10 [[32minfo[39m]: Calling OpenAI for dynamic assessment generation {"service":"talentsecure-api","weights":[{"category":"JavaScript","percentage":40},{"category":"TypeScript","percentage":30},{"category":"Logic","percentage":30}],"totalQuestions":30,"model":"gpt-4o-mini"}
2026-03-03 20:55:10 [[31merror[39m]: LLM service error (generate-dynamic) {"service":"talentsecure-api","error":"fetch failed"}
2026-03-03 20:55:10 [[31merror[39m]: Pool generation batch 191 failed {"service":"talentsecure-api","driveId":"cc4b0046-3d77-4fcd-aa34-e28a53a50f28","error":"Failed to generate dynamic assessment: fetch failed"}
2026-03-03 20:55:13 [[32minfo[39m]: Pool generation batch 192: generating 30 questions (0/30 done) {"service":"talentsecure-api","driveId":"cc4b0046-3d77-4fcd-aa34-e28a53a50f28"}
2026-03-03 20:55:13 [[32minfo[39m]: Calling OpenAI for dynamic assessment generation {"service":"talentsecure-api","weights":[{"category":"JavaScript","percentage":40},{"category":"TypeScript","percentage":30},{"category":"Logic","percentage":30}],"totalQuestions":30,"model":"gpt-4o-mini"}
2026-03-03 20:55:13 [[31merror[39m]: LLM service error (generate-dynamic) {"service":"talentsecure-api","error":"fetch failed"}
2026-03-03 20:55:13 [[31merror[39m]: Pool generation batch 192 failed {"service":"talentsecure-api","driveId":"cc4b0046-3d77-4fcd-aa34-e28a53a50f28","error":"Failed to generate dynamic assessment: fetch failed"}
2026-03-03 20:55:16 [[32minfo[39m]: Pool generation batch 193: generating 30 questions (0/30 done) {"service":"talentsecure-api","driveId":"cc4b0046-3d77-4fcd-aa34-e28a53a50f28"}
2026-03-03 20:55:16 [[32minfo[39m]: Calling OpenAI for dynamic assessment generation {"service":"talentsecure-api","weights":[{"category":"JavaScript","percentage":40},{"category":"TypeScript","percentage":30},{"category":"Logic","percentage":30}],"totalQuestions":30,"model":"gpt-4o-mini"}
2026-03-03 20:55:16 [[31merror[39m]: LLM service error (generate-dynamic) {"service":"talentsecure-api","error":"fetch failed"}
2026-03-03 20:55:16 [[31merror[39m]: Pool generation batch 193 failed {"service":"talentsecure-api","driveId":"cc4b0046-3d77-4fcd-aa34-e28a53a50f28","error":"Failed to generate dynamic assessment: fetch failed"}
2026-03-03 20:55:19 [[32minfo[39m]: Pool generation batch 194: generating 30 questions (0/30 done) {"service":"talentsecure-api","driveId":"cc4b0046-3d77-4fcd-aa34-e28a53a50f28"}
2026-03-03 20:55:19 [[32minfo[39m]: Calling OpenAI for dynamic assessment generation {"service":"talentsecure-api","weights":[{"category":"JavaScript","percentage":40},{"category":"TypeScript","percentage":30},{"category":"Logic","percentage":30}],"totalQuestions":30,"model":"gpt-4o-mini"}
2026-03-03 20:55:19 [[31merror[39m]: LLM service error (generate-dynamic) {"service":"talentsecure-api","error":"fetch failed"}
2026-03-03 20:55:19 [[31merror[39m]: Pool generation batch 194 failed {"service":"talentsecure-api","driveId":"cc4b0046-3d77-4fcd-aa34-e28a53a50f28","error":"Failed to generate dynamic assessment: fetch failed"}
2026-03-03 20:55:22 [[32minfo[39m]: Pool generation batch 195: generating 30 questions (0/30 done) {"service":"talentsecure-api","driveId":"cc4b0046-3d77-4fcd-aa34-e28a53a50f28"}
2026-03-03 20:55:22 [[32minfo[39m]: Calling OpenAI for dynamic assessment generation {"service":"talentsecure-api","weights":[{"category":"JavaScript","percentage":40},{"category":"TypeScript","percentage":30},{"category":"Logic","percentage":30}],"totalQuestions":30,"model":"gpt-4o-mini"}
2026-03-03 20:55:22 [[31merror[39m]: LLM service error (generate-dynamic) {"service":"talentsecure-api","error":"fetch failed"}
2026-03-03 20:55:22 [[31merror[39m]: Pool generation batch 195 failed {"service":"talentsecure-api","driveId":"cc4b0046-3d77-4fcd-aa34-e28a53a50f28","error":"Failed to generate dynamic assessment: fetch failed"}
2026-03-03 20:55:25 [[32minfo[39m]: Pool generation batch 196: generating 30 questions (0/30 done) {"service":"talentsecure-api","driveId":"cc4b0046-3d77-4fcd-aa34-e28a53a50f28"}
2026-03-03 20:55:25 [[32minfo[39m]: Calling OpenAI for dynamic assessment generation {"service":"talentsecure-api","weights":[{"category":"JavaScript","percentage":40},{"category":"TypeScript","percentage":30},{"category":"Logic","percentage":30}],"totalQuestions":30,"model":"gpt-4o-mini"}
2026-03-03 20:55:25 [[31merror[39m]: LLM service error (generate-dynamic) {"service":"talentsecure-api","error":"fetch failed"}
2026-03-03 20:55:25 [[31merror[39m]: Pool generation batch 196 failed {"service":"talentsecure-api","driveId":"cc4b0046-3d77-4fcd-aa34-e28a53a50f28","error":"Failed to generate dynamic assessment: fetch failed"}
2026-03-03 20:55:28 [[32minfo[39m]: Pool generation batch 197: generating 30 questions (0/30 done) {"service":"talentsecure-api","driveId":"cc4b0046-3d77-4fcd-aa34-e28a53a50f28"}
2026-03-03 20:55:28 [[32minfo[39m]: Calling OpenAI for dynamic assessment generation {"service":"talentsecure-api","weights":[{"category":"JavaScript","percentage":40},{"category":"TypeScript","percentage":30},{"category":"Logic","percentage":30}],"totalQuestions":30,"model":"gpt-4o-mini"}
2026-03-03 20:57:13 [[32minfo[39m]: Dynamic assessment generated successfully {"service":"talentsecure-api","totalQuestions":21,"categories":[{"category":"JavaScript","count":5,"percentage":40},{"category":"TypeScript","count":5,"percentage":30},{"category":"Logic","count":11,"percentage":30}]}
2026-03-03 20:57:13 [[31merror[39m]: Pool generation batch 197 failed {"service":"talentsecure-api","driveId":"cc4b0046-3d77-4fcd-aa34-e28a53a50f28","error":"Cannot use a pool after calling end on the pool"}
2026-03-03 20:57:16 [[32minfo[39m]: Pool generation batch 198: generating 30 questions (0/30 done) {"service":"talentsecure-api","driveId":"cc4b0046-3d77-4fcd-aa34-e28a53a50f28"}
2026-03-03 20:57:16 [[32minfo[39m]: Calling OpenAI for dynamic assessment generation {"service":"talentsecure-api","weights":[{"category":"JavaScript","percentage":40},{"category":"TypeScript","percentage":30},{"category":"Logic","percentage":30}],"totalQuestions":30,"model":"gpt-4o-mini"}
2026-03-03 20:58:16 [[32minfo[39m]: Dynamic assessment generated successfully {"service":"talentsecure-api","totalQuestions":20,"categories":[{"category":"JavaScript","count":6,"percentage":40},{"category":"TypeScript","count":5,"percentage":30},{"category":"Logic","count":9,"percentage":30}]}
2026-03-03 20:58:16 [[31merror[39m]: Pool generation batch 198 failed {"service":"talentsecure-api","driveId":"cc4b0046-3d77-4fcd-aa34-e28a53a50f28","error":"Cannot use a pool after calling end on the pool"}
2026-03-03 20:58:19 [[32minfo[39m]: Pool generation batch 199: generating 30 questions (0/30 done) {"service":"talentsecure-api","driveId":"cc4b0046-3d77-4fcd-aa34-e28a53a50f28"}
2026-03-03 20:58:19 [[32minfo[39m]: Calling OpenAI for dynamic assessment generation {"service":"talentsecure-api","weights":[{"category":"JavaScript","percentage":40},{"category":"TypeScript","percentage":30},{"category":"Logic","percentage":30}],"totalQuestions":30,"model":"gpt-4o-mini"}
2026-03-03 20:59:03 [[32minfo[39m]: Dynamic assessment generated successfully {"service":"talentsecure-api","totalQuestions":16,"categories":[{"category":"JavaScript","count":4,"percentage":40},{"category":"TypeScript","count":4,"percentage":30},{"category":"Logic","count":8,"percentage":30}]}
2026-03-03 20:59:03 [[31merror[39m]: Pool generation batch 199 failed {"service":"talentsecure-api","driveId":"cc4b0046-3d77-4fcd-aa34-e28a53a50f28","error":"Cannot use a pool after calling end on the pool"}
2026-03-03 20:59:06 [[32minfo[39m]: Pool generation batch 200: generating 30 questions (0/30 done) {"service":"talentsecure-api","driveId":"cc4b0046-3d77-4fcd-aa34-e28a53a50f28"}
2026-03-03 20:59:06 [[32minfo[39m]: Calling OpenAI for dynamic assessment generation {"service":"talentsecure-api","weights":[{"category":"JavaScript","percentage":40},{"category":"TypeScript","percentage":30},{"category":"Logic","percentage":30}],"totalQuestions":30,"model":"gpt-4o-mini"}
2026-03-03 21:00:07 [[32minfo[39m]: Dynamic assessment generated successfully {"service":"talentsecure-api","totalQuestions":20,"categories":[{"category":"JavaScript","count":8,"percentage":40},{"category":"TypeScript","count":4,"percentage":30},{"category":"Logic","count":8,"percentage":30}]}
2026-03-03 21:00:07 [[31merror[39m]: Pool generation batch 200 failed {"service":"talentsecure-api","driveId":"cc4b0046-3d77-4fcd-aa34-e28a53a50f28","error":"Cannot use a pool after calling end on the pool"}
2026-03-03 21:00:10 [[32minfo[39m]: Pool generation batch 201: generating 30 questions (0/30 done) {"service":"talentsecure-api","driveId":"cc4b0046-3d77-4fcd-aa34-e28a53a50f28"}
2026-03-03 21:00:10 [[32minfo[39m]: Calling OpenAI for dynamic assessment generation {"service":"talentsecure-api","weights":[{"category":"JavaScript","percentage":40},{"category":"TypeScript","percentage":30},{"category":"Logic","percentage":30}],"totalQuestions":30,"model":"gpt-4o-mini"}
2026-03-03 21:01:06 [[32minfo[39m]: Dynamic assessment generated successfully {"service":"talentsecure-api","totalQuestions":17,"categories":[{"category":"JavaScript","count":4,"percentage":40},{"category":"TypeScript","count":5,"percentage":30},{"category":"Logic","count":8,"percentage":30}]}
2026-03-03 21:01:06 [[31merror[39m]: Pool generation batch 201 failed {"service":"talentsecure-api","driveId":"cc4b0046-3d77-4fcd-aa34-e28a53a50f28","error":"Cannot use a pool after calling end on the pool"}
2026-03-03 21:01:09 [[32minfo[39m]: Pool generation batch 202: generating 30 questions (0/30 done) {"service":"talentsecure-api","driveId":"cc4b0046-3d77-4fcd-aa34-e28a53a50f28"}
2026-03-03 21:01:09 [[32minfo[39m]: Calling OpenAI for dynamic assessment generation {"service":"talentsecure-api","weights":[{"category":"JavaScript","percentage":40},{"category":"TypeScript","percentage":30},{"category":"Logic","percentage":30}],"totalQuestions":30,"model":"gpt-4o-mini"}
2026-03-03 21:02:00 [[32minfo[39m]: Dynamic assessment generated successfully {"service":"talentsecure-api","totalQuestions":17,"categories":[{"category":"JavaScript","count":3,"percentage":40},{"category":"TypeScript","count":5,"percentage":30},{"category":"Logic","count":9,"percentage":30}]}
2026-03-03 21:02:00 [[31merror[39m]: Pool generation batch 202 failed {"service":"talentsecure-api","driveId":"cc4b0046-3d77-4fcd-aa34-e28a53a50f28","error":"Cannot use a pool after calling end on the pool"}
2026-03-03 21:02:03 [[32minfo[39m]: Pool generation batch 203: generating 30 questions (0/30 done) {"service":"talentsecure-api","driveId":"cc4b0046-3d77-4fcd-aa34-e28a53a50f28"}
2026-03-03 21:02:03 [[32minfo[39m]: Calling OpenAI for dynamic assessment generation {"service":"talentsecure-api","weights":[{"category":"JavaScript","percentage":40},{"category":"TypeScript","percentage":30},{"category":"Logic","percentage":30}],"totalQuestions":30,"model":"gpt-4o-mini"}
2026-03-03 21:03:02 [[32minfo[39m]: Dynamic assessment generated successfully {"service":"talentsecure-api","totalQuestions":19,"categories":[{"category":"JavaScript","count":5,"percentage":40},{"category":"TypeScript","count":5,"percentage":30},{"category":"Logic","count":9,"percentage":30}]}
2026-03-03 21:03:02 [[31merror[39m]: Pool generation batch 203 failed {"service":"talentsecure-api","driveId":"cc4b0046-3d77-4fcd-aa34-e28a53a50f28","error":"Cannot use a pool after calling end on the pool"}
2026-03-03 21:03:05 [[32minfo[39m]: Pool generation batch 204: generating 30 questions (0/30 done) {"service":"talentsecure-api","driveId":"cc4b0046-3d77-4fcd-aa34-e28a53a50f28"}
2026-03-03 21:03:05 [[32minfo[39m]: Calling OpenAI for dynamic assessment generation {"service":"talentsecure-api","weights":[{"category":"JavaScript","percentage":40},{"category":"TypeScript","percentage":30},{"category":"Logic","percentage":30}],"totalQuestions":30,"model":"gpt-4o-mini"}
2026-03-03 21:04:02 [[32minfo[39m]: Dynamic assessment generated successfully {"service":"talentsecure-api","totalQuestions":18,"categories":[{"category":"JavaScript","count":4,"percentage":40},{"category":"TypeScript","count":5,"percentage":30},{"category":"Logic","count":9,"percentage":30}]}
2026-03-03 21:04:02 [[31merror[39m]: Pool generation batch 204 failed {"service":"talentsecure-api","driveId":"cc4b0046-3d77-4fcd-aa34-e28a53a50f28","error":"Cannot use a pool after calling end on the pool"}
2026-03-03 21:04:05 [[32minfo[39m]: Pool generation batch 205: generating 30 questions (0/30 done) {"service":"talentsecure-api","driveId":"cc4b0046-3d77-4fcd-aa34-e28a53a50f28"}
2026-03-03 21:04:05 [[32minfo[39m]: Calling OpenAI for dynamic assessment generation {"service":"talentsecure-api","weights":[{"category":"JavaScript","percentage":40},{"category":"TypeScript","percentage":30},{"category":"Logic","percentage":30}],"totalQuestions":30,"model":"gpt-4o-mini"}
2026-03-03 21:05:00 [[32minfo[39m]: Dynamic assessment generated successfully {"service":"talentsecure-api","totalQuestions":18,"categories":[{"category":"JavaScript","count":5,"percentage":40},{"category":"TypeScript","count":5,"percentage":30},{"category":"Logic","count":8,"percentage":30}]}
2026-03-03 21:05:00 [[31merror[39m]: Pool generation batch 205 failed {"service":"talentsecure-api","driveId":"cc4b0046-3d77-4fcd-aa34-e28a53a50f28","error":"Cannot use a pool after calling end on the pool"}
2026-03-03 21:05:03 [[32minfo[39m]: Pool generation batch 206: generating 30 questions (0/30 done) {"service":"talentsecure-api","driveId":"cc4b0046-3d77-4fcd-aa34-e28a53a50f28"}
2026-03-03 21:05:03 [[32minfo[39m]: Calling OpenAI for dynamic assessment generation {"service":"talentsecure-api","weights":[{"category":"JavaScript","percentage":40},{"category":"TypeScript","percentage":30},{"category":"Logic","percentage":30}],"totalQuestions":30,"model":"gpt-4o-mini"}
2026-03-03 21:06:05 [[32minfo[39m]: Dynamic assessment generated successfully {"service":"talentsecure-api","totalQuestions":20,"categories":[{"category":"JavaScript","count":6,"percentage":40},{"category":"TypeScript","count":5,"percentage":30},{"category":"Logic","count":9,"percentage":30}]}
2026-03-03 21:06:05 [[31merror[39m]: Pool generation batch 206 failed {"service":"talentsecure-api","driveId":"cc4b0046-3d77-4fcd-aa34-e28a53a50f28","error":"Cannot use a pool after calling end on the pool"}
2026-03-03 21:06:08 [[32minfo[39m]: Pool generation batch 207: generating 30 questions (0/30 done) {"service":"talentsecure-api","driveId":"cc4b0046-3d77-4fcd-aa34-e28a53a50f28"}
2026-03-03 21:06:08 [[32minfo[39m]: Calling OpenAI for dynamic assessment generation {"service":"talentsecure-api","weights":[{"category":"JavaScript","percentage":40},{"category":"TypeScript","percentage":30},{"category":"Logic","percentage":30}],"totalQuestions":30,"model":"gpt-4o-mini"}
2026-03-03 21:06:59 [[32minfo[39m]: Dynamic assessment generated successfully {"service":"talentsecure-api","totalQuestions":17,"categories":[{"category":"JavaScript","count":4,"percentage":40},{"category":"TypeScript","count":5,"percentage":30},{"category":"Logic","count":8,"percentage":30}]}
2026-03-03 21:06:59 [[31merror[39m]: Pool generation batch 207 failed {"service":"talentsecure-api","driveId":"cc4b0046-3d77-4fcd-aa34-e28a53a50f28","error":"Cannot use a pool after calling end on the pool"}
2026-03-03 21:07:02 [[32minfo[39m]: Pool generation batch 208: generating 30 questions (0/30 done) {"service":"talentsecure-api","driveId":"cc4b0046-3d77-4fcd-aa34-e28a53a50f28"}
2026-03-03 21:07:02 [[32minfo[39m]: Calling OpenAI for dynamic assessment generation {"service":"talentsecure-api","weights":[{"category":"JavaScript","percentage":40},{"category":"TypeScript","percentage":30},{"category":"Logic","percentage":30}],"totalQuestions":30,"model":"gpt-4o-mini"}
2026-03-03 21:08:02 [[32minfo[39m]: Dynamic assessment generated successfully {"service":"talentsecure-api","totalQuestions":17,"categories":[{"category":"JavaScript","count":5,"percentage":40},{"category":"TypeScript","count":4,"percentage":30},{"category":"Logic","count":8,"percentage":30}]}
2026-03-03 21:08:02 [[31merror[39m]: Pool generation batch 208 failed {"service":"talentsecure-api","driveId":"cc4b0046-3d77-4fcd-aa34-e28a53a50f28","error":"Cannot use a pool after calling end on the pool"}
2026-03-03 21:08:05 [[32minfo[39m]: Pool generation batch 209: generating 30 questions (0/30 done) {"service":"talentsecure-api","driveId":"cc4b0046-3d77-4fcd-aa34-e28a53a50f28"}
2026-03-03 21:08:05 [[32minfo[39m]: Calling OpenAI for dynamic assessment generation {"service":"talentsecure-api","weights":[{"category":"JavaScript","percentage":40},{"category":"TypeScript","percentage":30},{"category":"Logic","percentage":30}],"totalQuestions":30,"model":"gpt-4o-mini"}
2026-03-03 21:09:04 [[32minfo[39m]: Dynamic assessment generated successfully {"service":"talentsecure-api","totalQuestions":17,"categories":[{"category":"JavaScript","count":5,"percentage":40},{"category":"TypeScript","count":4,"percentage":30},{"category":"Logic","count":8,"percentage":30}]}
2026-03-03 21:09:04 [[31merror[39m]: Pool generation batch 209 failed {"service":"talentsecure-api","driveId":"cc4b0046-3d77-4fcd-aa34-e28a53a50f28","error":"Cannot use a pool after calling end on the pool"}
2026-03-03 21:09:07 [[32minfo[39m]: Pool generation batch 210: generating 30 questions (0/30 done) {"service":"talentsecure-api","driveId":"cc4b0046-3d77-4fcd-aa34-e28a53a50f28"}
2026-03-03 21:09:07 [[32minfo[39m]: Calling OpenAI for dynamic assessment generation {"service":"talentsecure-api","weights":[{"category":"JavaScript","percentage":40},{"category":"TypeScript","percentage":30},{"category":"Logic","percentage":30}],"totalQuestions":30,"model":"gpt-4o-mini"}
2026-03-03 21:10:11 [[32minfo[39m]: Dynamic assessment generated successfully {"service":"talentsecure-api","totalQuestions":19,"categories":[{"category":"JavaScript","count":6,"percentage":40},{"category":"TypeScript","count":4,"percentage":30},{"category":"Logic","count":9,"percentage":30}]}
2026-03-03 21:10:11 [[31merror[39m]: Pool generation batch 210 failed {"service":"talentsecure-api","driveId":"cc4b0046-3d77-4fcd-aa34-e28a53a50f28","error":"Cannot use a pool after calling end on the pool"}
2026-03-03 21:10:14 [[32minfo[39m]: Pool generation batch 211: generating 30 questions (0/30 done) {"service":"talentsecure-api","driveId":"cc4b0046-3d77-4fcd-aa34-e28a53a50f28"}
2026-03-03 21:10:14 [[32minfo[39m]: Calling OpenAI for dynamic assessment generation {"service":"talentsecure-api","weights":[{"category":"JavaScript","percentage":40},{"category":"TypeScript","percentage":30},{"category":"Logic","percentage":30}],"totalQuestions":30,"model":"gpt-4o-mini"}
2026-03-03 21:23:24 [[31merror[39m]: LLM service error (generate-dynamic) {"service":"talentsecure-api","error":"fetch failed"}
2026-03-03 21:23:24 [[31merror[39m]: Pool generation batch 211 failed {"service":"talentsecure-api","driveId":"cc4b0046-3d77-4fcd-aa34-e28a53a50f28","error":"Failed to generate dynamic assessment: fetch failed"}
2026-03-03 21:23:27 [[32minfo[39m]: Pool generation batch 212: generating 30 questions (0/30 done) {"service":"talentsecure-api","driveId":"cc4b0046-3d77-4fcd-aa34-e28a53a50f28"}
2026-03-03 21:23:27 [[32minfo[39m]: Calling OpenAI for dynamic assessment generation {"service":"talentsecure-api","weights":[{"category":"JavaScript","percentage":40},{"category":"TypeScript","percentage":30},{"category":"Logic","percentage":30}],"totalQuestions":30,"model":"gpt-4o-mini"}
2026-03-03 21:24:26 [[32minfo[39m]: Dynamic assessment generated successfully {"service":"talentsecure-api","totalQuestions":19,"categories":[{"category":"JavaScript","count":7,"percentage":40},{"category":"TypeScript","count":4,"percentage":30},{"category":"Logic","count":8,"percentage":30}]}
2026-03-03 21:24:26 [[31merror[39m]: Pool generation batch 212 failed {"service":"talentsecure-api","driveId":"cc4b0046-3d77-4fcd-aa34-e28a53a50f28","error":"Cannot use a pool after calling end on the pool"}
2026-03-03 21:24:29 [[32minfo[39m]: Pool generation batch 213: generating 30 questions (0/30 done) {"service":"talentsecure-api","driveId":"cc4b0046-3d77-4fcd-aa34-e28a53a50f28"}
2026-03-03 21:24:29 [[32minfo[39m]: Calling OpenAI for dynamic assessment generation {"service":"talentsecure-api","weights":[{"category":"JavaScript","percentage":40},{"category":"TypeScript","percentage":30},{"category":"Logic","percentage":30}],"totalQuestions":30,"model":"gpt-4o-mini"}
2026-03-03 21:25:42 [[32minfo[39m]: Dynamic assessment generated successfully {"service":"talentsecure-api","totalQuestions":19,"categories":[{"category":"JavaScript","count":6,"percentage":40},{"category":"TypeScript","count":5,"percentage":30},{"category":"Logic","count":8,"percentage":30}]}
2026-03-03 21:25:42 [[31merror[39m]: Pool generation batch 213 failed {"service":"talentsecure-api","driveId":"cc4b0046-3d77-4fcd-aa34-e28a53a50f28","error":"Cannot use a pool after calling end on the pool"}
2026-03-03 21:25:45 [[32minfo[39m]: Pool generation batch 214: generating 30 questions (0/30 done) {"service":"talentsecure-api","driveId":"cc4b0046-3d77-4fcd-aa34-e28a53a50f28"}
2026-03-03 21:25:45 [[32minfo[39m]: Calling OpenAI for dynamic assessment generation {"service":"talentsecure-api","weights":[{"category":"JavaScript","percentage":40},{"category":"TypeScript","percentage":30},{"category":"Logic","percentage":30}],"totalQuestions":30,"model":"gpt-4o-mini"}
2026-03-03 21:26:54 [[32minfo[39m]: Dynamic assessment generated successfully {"service":"talentsecure-api","totalQuestions":20,"categories":[{"category":"JavaScript","count":6,"percentage":40},{"category":"TypeScript","count":5,"percentage":30},{"category":"Logic","count":9,"percentage":30}]}
2026-03-03 21:26:54 [[31merror[39m]: Pool generation batch 214 failed {"service":"talentsecure-api","driveId":"cc4b0046-3d77-4fcd-aa34-e28a53a50f28","error":"Cannot use a pool after calling end on the pool"}
2026-03-03 21:26:57 [[32minfo[39m]: Pool generation batch 215: generating 30 questions (0/30 done) {"service":"talentsecure-api","driveId":"cc4b0046-3d77-4fcd-aa34-e28a53a50f28"}
2026-03-03 21:26:57 [[32minfo[39m]: Calling OpenAI for dynamic assessment generation {"service":"talentsecure-api","weights":[{"category":"JavaScript","percentage":40},{"category":"TypeScript","percentage":30},{"category":"Logic","percentage":30}],"totalQuestions":30,"model":"gpt-4o-mini"}
2026-03-03 21:27:57 [[32minfo[39m]: Dynamic assessment generated successfully {"service":"talentsecure-api","totalQuestions":15,"categories":[{"category":"JavaScript","count":3,"percentage":40},{"category":"TypeScript","count":3,"percentage":30},{"category":"Logic","count":9,"percentage":30}]}
2026-03-03 21:27:57 [[31merror[39m]: Pool generation batch 215 failed {"service":"talentsecure-api","driveId":"cc4b0046-3d77-4fcd-aa34-e28a53a50f28","error":"Cannot use a pool after calling end on the pool"}
2026-03-03 21:28:00 [[32minfo[39m]: Pool generation batch 216: generating 30 questions (0/30 done) {"service":"talentsecure-api","driveId":"cc4b0046-3d77-4fcd-aa34-e28a53a50f28"}
2026-03-03 21:28:00 [[32minfo[39m]: Calling OpenAI for dynamic assessment generation {"service":"talentsecure-api","weights":[{"category":"JavaScript","percentage":40},{"category":"TypeScript","percentage":30},{"category":"Logic","percentage":30}],"totalQuestions":30,"model":"gpt-4o-mini"}
2026-03-03 21:28:52 [[32minfo[39m]: Dynamic assessment generated successfully {"service":"talentsecure-api","totalQuestions":16,"categories":[{"category":"JavaScript","count":3,"percentage":40},{"category":"TypeScript","count":5,"percentage":30},{"category":"Logic","count":8,"percentage":30}]}
2026-03-03 21:28:52 [[31merror[39m]: Pool generation batch 216 failed {"service":"talentsecure-api","driveId":"cc4b0046-3d77-4fcd-aa34-e28a53a50f28","error":"Cannot use a pool after calling end on the pool"}
2026-03-03 21:28:55 [[32minfo[39m]: Pool generation batch 217: generating 30 questions (0/30 done) {"service":"talentsecure-api","driveId":"cc4b0046-3d77-4fcd-aa34-e28a53a50f28"}
2026-03-03 21:28:55 [[32minfo[39m]: Calling OpenAI for dynamic assessment generation {"service":"talentsecure-api","weights":[{"category":"JavaScript","percentage":40},{"category":"TypeScript","percentage":30},{"category":"Logic","percentage":30}],"totalQuestions":30,"model":"gpt-4o-mini"}
2026-03-03 21:29:50 [[32minfo[39m]: Dynamic assessment generated successfully {"service":"talentsecure-api","totalQuestions":17,"categories":[{"category":"JavaScript","count":3,"percentage":40},{"category":"TypeScript","count":6,"percentage":30},{"category":"Logic","count":8,"percentage":30}]}
2026-03-03 21:29:50 [[31merror[39m]: Pool generation batch 217 failed {"service":"talentsecure-api","driveId":"cc4b0046-3d77-4fcd-aa34-e28a53a50f28","error":"Cannot use a pool after calling end on the pool"}
2026-03-03 21:29:53 [[32minfo[39m]: Pool generation batch 218: generating 30 questions (0/30 done) {"service":"talentsecure-api","driveId":"cc4b0046-3d77-4fcd-aa34-e28a53a50f28"}
2026-03-03 21:29:53 [[32minfo[39m]: Calling OpenAI for dynamic assessment generation {"service":"talentsecure-api","weights":[{"category":"JavaScript","percentage":40},{"category":"TypeScript","percentage":30},{"category":"Logic","percentage":30}],"totalQuestions":30,"model":"gpt-4o-mini"}
2026-03-03 21:30:52 [[32minfo[39m]: Dynamic assessment generated successfully {"service":"talentsecure-api","totalQuestions":16,"categories":[{"category":"JavaScript","count":4,"percentage":40},{"category":"TypeScript","count":4,"percentage":30},{"category":"Logic","count":8,"percentage":30}]}
2026-03-03 21:30:52 [[31merror[39m]: Pool generation batch 218 failed {"service":"talentsecure-api","driveId":"cc4b0046-3d77-4fcd-aa34-e28a53a50f28","error":"Cannot use a pool after calling end on the pool"}
2026-03-03 21:30:55 [[32minfo[39m]: Pool generation batch 219: generating 30 questions (0/30 done) {"service":"talentsecure-api","driveId":"cc4b0046-3d77-4fcd-aa34-e28a53a50f28"}
2026-03-03 21:30:55 [[32minfo[39m]: Calling OpenAI for dynamic assessment generation {"service":"talentsecure-api","weights":[{"category":"JavaScript","percentage":40},{"category":"TypeScript","percentage":30},{"category":"Logic","percentage":30}],"totalQuestions":30,"model":"gpt-4o-mini"}
2026-03-03 21:31:59 [[32minfo[39m]: Dynamic assessment generated successfully {"service":"talentsecure-api","totalQuestions":17,"categories":[{"category":"JavaScript","count":5,"percentage":40},{"category":"TypeScript","count":4,"percentage":30},{"category":"Logic","count":8,"percentage":30}]}
2026-03-03 21:31:59 [[31merror[39m]: Pool generation batch 219 failed {"service":"talentsecure-api","driveId":"cc4b0046-3d77-4fcd-aa34-e28a53a50f28","error":"Cannot use a pool after calling end on the pool"}
2026-03-03 21:32:02 [[32minfo[39m]: Pool generation batch 220: generating 30 questions (0/30 done) {"service":"talentsecure-api","driveId":"cc4b0046-3d77-4fcd-aa34-e28a53a50f28"}
2026-03-03 21:32:02 [[32minfo[39m]: Calling OpenAI for dynamic assessment generation {"service":"talentsecure-api","weights":[{"category":"JavaScript","percentage":40},{"category":"TypeScript","percentage":30},{"category":"Logic","percentage":30}],"totalQuestions":30,"model":"gpt-4o-mini"}
2026-03-03 21:33:13 [[32minfo[39m]: Dynamic assessment generated successfully {"service":"talentsecure-api","totalQuestions":18,"categories":[{"category":"JavaScript","count":6,"percentage":40},{"category":"TypeScript","count":4,"percentage":30},{"category":"Logic","count":8,"percentage":30}]}
2026-03-03 21:33:13 [[31merror[39m]: Pool generation batch 220 failed {"service":"talentsecure-api","driveId":"cc4b0046-3d77-4fcd-aa34-e28a53a50f28","error":"Cannot use a pool after calling end on the pool"}
2026-03-03 21:33:16 [[32minfo[39m]: Pool generation batch 221: generating 30 questions (0/30 done) {"service":"talentsecure-api","driveId":"cc4b0046-3d77-4fcd-aa34-e28a53a50f28"}
2026-03-03 21:33:16 [[32minfo[39m]: Calling OpenAI for dynamic assessment generation {"service":"talentsecure-api","weights":[{"category":"JavaScript","percentage":40},{"category":"TypeScript","percentage":30},{"category":"Logic","percentage":30}],"totalQuestions":30,"model":"gpt-4o-mini"}
2026-03-03 21:34:12 [[32minfo[39m]: Dynamic assessment generated successfully {"service":"talentsecure-api","totalQuestions":18,"categories":[{"category":"JavaScript","count":4,"percentage":40},{"category":"TypeScript","count":5,"percentage":30},{"category":"Logic","count":9,"percentage":30}]}
2026-03-03 21:34:12 [[31merror[39m]: Pool generation batch 221 failed {"service":"talentsecure-api","driveId":"cc4b0046-3d77-4fcd-aa34-e28a53a50f28","error":"Cannot use a pool after calling end on the pool"}
2026-03-03 21:34:15 [[32minfo[39m]: Pool generation batch 222: generating 30 questions (0/30 done) {"service":"talentsecure-api","driveId":"cc4b0046-3d77-4fcd-aa34-e28a53a50f28"}
2026-03-03 21:34:15 [[32minfo[39m]: Calling OpenAI for dynamic assessment generation {"service":"talentsecure-api","weights":[{"category":"JavaScript","percentage":40},{"category":"TypeScript","percentage":30},{"category":"Logic","percentage":30}],"totalQuestions":30,"model":"gpt-4o-mini"}
2026-03-03 21:35:03 [[32minfo[39m]: Dynamic assessment generated successfully {"service":"talentsecure-api","totalQuestions":13,"categories":[{"category":"JavaScript","count":4,"percentage":40},{"category":"TypeScript","count":4,"percentage":30},{"category":"Logic","count":5,"percentage":30}]}
2026-03-03 21:35:03 [[31merror[39m]: Pool generation batch 222 failed {"service":"talentsecure-api","driveId":"cc4b0046-3d77-4fcd-aa34-e28a53a50f28","error":"Cannot use a pool after calling end on the pool"}
2026-03-03 21:35:06 [[32minfo[39m]: Pool generation batch 223: generating 30 questions (0/30 done) {"service":"talentsecure-api","driveId":"cc4b0046-3d77-4fcd-aa34-e28a53a50f28"}
2026-03-03 21:35:06 [[32minfo[39m]: Calling OpenAI for dynamic assessment generation {"service":"talentsecure-api","weights":[{"category":"JavaScript","percentage":40},{"category":"TypeScript","percentage":30},{"category":"Logic","percentage":30}],"totalQuestions":30,"model":"gpt-4o-mini"}
2026-03-03 21:36:08 [[32minfo[39m]: Dynamic assessment generated successfully {"service":"talentsecure-api","totalQuestions":16,"categories":[{"category":"JavaScript","count":4,"percentage":40},{"category":"TypeScript","count":4,"percentage":30},{"category":"Logic","count":8,"percentage":30}]}
2026-03-03 21:36:08 [[31merror[39m]: Pool generation batch 223 failed {"service":"talentsecure-api","driveId":"cc4b0046-3d77-4fcd-aa34-e28a53a50f28","error":"Cannot use a pool after calling end on the pool"}
2026-03-03 21:36:11 [[32minfo[39m]: Pool generation batch 224: generating 30 questions (0/30 done) {"service":"talentsecure-api","driveId":"cc4b0046-3d77-4fcd-aa34-e28a53a50f28"}
2026-03-03 21:36:11 [[32minfo[39m]: Calling OpenAI for dynamic assessment generation {"service":"talentsecure-api","weights":[{"category":"JavaScript","percentage":40},{"category":"TypeScript","percentage":30},{"category":"Logic","percentage":30}],"totalQuestions":30,"model":"gpt-4o-mini"}
2026-03-03 21:37:27 [[32minfo[39m]: Dynamic assessment generated successfully {"service":"talentsecure-api","totalQuestions":17,"categories":[{"category":"JavaScript","count":5,"percentage":40},{"category":"TypeScript","count":4,"percentage":30},{"category":"Logic","count":8,"percentage":30}]}
2026-03-03 21:37:27 [[31merror[39m]: Pool generation batch 224 failed {"service":"talentsecure-api","driveId":"cc4b0046-3d77-4fcd-aa34-e28a53a50f28","error":"Cannot use a pool after calling end on the pool"}
2026-03-03 21:37:30 [[32minfo[39m]: Pool generation batch 225: generating 30 questions (0/30 done) {"service":"talentsecure-api","driveId":"cc4b0046-3d77-4fcd-aa34-e28a53a50f28"}
2026-03-03 21:37:30 [[32minfo[39m]: Calling OpenAI for dynamic assessment generation {"service":"talentsecure-api","weights":[{"category":"JavaScript","percentage":40},{"category":"TypeScript","percentage":30},{"category":"Logic","percentage":30}],"totalQuestions":30,"model":"gpt-4o-mini"}
2026-03-03 21:38:37 [[32minfo[39m]: Dynamic assessment generated successfully {"service":"talentsecure-api","totalQuestions":17,"categories":[{"category":"JavaScript","count":4,"percentage":40},{"category":"TypeScript","count":4,"percentage":30},{"category":"Logic","count":9,"percentage":30}]}
2026-03-03 21:38:37 [[31merror[39m]: Pool generation batch 225 failed {"service":"talentsecure-api","driveId":"cc4b0046-3d77-4fcd-aa34-e28a53a50f28","error":"Cannot use a pool after calling end on the pool"}
2026-03-03 21:38:40 [[32minfo[39m]: Pool generation batch 226: generating 30 questions (0/30 done) {"service":"talentsecure-api","driveId":"cc4b0046-3d77-4fcd-aa34-e28a53a50f28"}
2026-03-03 21:38:40 [[32minfo[39m]: Calling OpenAI for dynamic assessment generation {"service":"talentsecure-api","weights":[{"category":"JavaScript","percentage":40},{"category":"TypeScript","percentage":30},{"category":"Logic","percentage":30}],"totalQuestions":30,"model":"gpt-4o-mini"}
2026-03-03 21:39:51 [[32minfo[39m]: Dynamic assessment generated successfully {"service":"talentsecure-api","totalQuestions":18,"categories":[{"category":"JavaScript","count":5,"percentage":40},{"category":"TypeScript","count":5,"percentage":30},{"category":"Logic","count":8,"percentage":30}]}
2026-03-03 21:39:51 [[31merror[39m]: Pool generation batch 226 failed {"service":"talentsecure-api","driveId":"cc4b0046-3d77-4fcd-aa34-e28a53a50f28","error":"Cannot use a pool after calling end on the pool"}
2026-03-03 21:39:54 [[32minfo[39m]: Pool generation batch 227: generating 30 questions (0/30 done) {"service":"talentsecure-api","driveId":"cc4b0046-3d77-4fcd-aa34-e28a53a50f28"}
2026-03-03 21:39:54 [[32minfo[39m]: Calling OpenAI for dynamic assessment generation {"service":"talentsecure-api","weights":[{"category":"JavaScript","percentage":40},{"category":"TypeScript","percentage":30},{"category":"Logic","percentage":30}],"totalQuestions":30,"model":"gpt-4o-mini"}
2026-03-03 21:41:02 [[32minfo[39m]: Dynamic assessment generated successfully {"service":"talentsecure-api","totalQuestions":18,"categories":[{"category":"JavaScript","count":5,"percentage":40},{"category":"TypeScript","count":5,"percentage":30},{"category":"Logic","count":8,"percentage":30}]}
2026-03-03 21:41:02 [[31merror[39m]: Pool generation batch 227 failed {"service":"talentsecure-api","driveId":"cc4b0046-3d77-4fcd-aa34-e28a53a50f28","error":"Cannot use a pool after calling end on the pool"}
2026-03-03 21:41:05 [[32minfo[39m]: Pool generation batch 228: generating 30 questions (0/30 done) {"service":"talentsecure-api","driveId":"cc4b0046-3d77-4fcd-aa34-e28a53a50f28"}
2026-03-03 21:41:05 [[32minfo[39m]: Calling OpenAI for dynamic assessment generation {"service":"talentsecure-api","weights":[{"category":"JavaScript","percentage":40},{"category":"TypeScript","percentage":30},{"category":"Logic","percentage":30}],"totalQuestions":30,"model":"gpt-4o-mini"}
2026-03-03 21:41:55 [[32minfo[39m]: Dynamic assessment generated successfully {"service":"talentsecure-api","totalQuestions":17,"categories":[{"category":"JavaScript","count":5,"percentage":40},{"category":"TypeScript","count":4,"percentage":30},{"category":"Logic","count":8,"percentage":30}]}
2026-03-03 21:41:55 [[31merror[39m]: Pool generation batch 228 failed {"service":"talentsecure-api","driveId":"cc4b0046-3d77-4fcd-aa34-e28a53a50f28","error":"Cannot use a pool after calling end on the pool"}
2026-03-03 21:41:58 [[32minfo[39m]: Pool generation batch 229: generating 30 questions (0/30 done) {"service":"talentsecure-api","driveId":"cc4b0046-3d77-4fcd-aa34-e28a53a50f28"}
2026-03-03 21:41:58 [[32minfo[39m]: Calling OpenAI for dynamic assessment generation {"service":"talentsecure-api","weights":[{"category":"JavaScript","percentage":40},{"category":"TypeScript","percentage":30},{"category":"Logic","percentage":30}],"totalQuestions":30,"model":"gpt-4o-mini"}
2026-03-03 21:43:12 [[32minfo[39m]: Dynamic assessment generated successfully {"service":"talentsecure-api","totalQuestions":18,"categories":[{"category":"JavaScript","count":5,"percentage":40},{"category":"TypeScript","count":5,"percentage":30},{"category":"Logic","count":8,"percentage":30}]}
2026-03-03 21:43:12 [[31merror[39m]: Pool generation batch 229 failed {"service":"talentsecure-api","driveId":"cc4b0046-3d77-4fcd-aa34-e28a53a50f28","error":"Cannot use a pool after calling end on the pool"}
2026-03-03 21:43:15 [[32minfo[39m]: Pool generation batch 230: generating 30 questions (0/30 done) {"service":"talentsecure-api","driveId":"cc4b0046-3d77-4fcd-aa34-e28a53a50f28"}
2026-03-03 21:43:15 [[32minfo[39m]: Calling OpenAI for dynamic assessment generation {"service":"talentsecure-api","weights":[{"category":"JavaScript","percentage":40},{"category":"TypeScript","percentage":30},{"category":"Logic","percentage":30}],"totalQuestions":30,"model":"gpt-4o-mini"}
2026-03-03 21:45:00 [[32minfo[39m]: Dynamic assessment generated successfully {"service":"talentsecure-api","totalQuestions":20,"categories":[{"category":"JavaScript","count":6,"percentage":40},{"category":"TypeScript","count":5,"percentage":30},{"category":"Logic","count":9,"percentage":30}]}
2026-03-03 21:45:00 [[31merror[39m]: Pool generation batch 230 failed {"service":"talentsecure-api","driveId":"cc4b0046-3d77-4fcd-aa34-e28a53a50f28","error":"Cannot use a pool after calling end on the pool"}
2026-03-03 21:45:03 [[32minfo[39m]: Pool generation batch 231: generating 30 questions (0/30 done) {"service":"talentsecure-api","driveId":"cc4b0046-3d77-4fcd-aa34-e28a53a50f28"}
2026-03-03 21:45:03 [[32minfo[39m]: Calling OpenAI for dynamic assessment generation {"service":"talentsecure-api","weights":[{"category":"JavaScript","percentage":40},{"category":"TypeScript","percentage":30},{"category":"Logic","percentage":30}],"totalQuestions":30,"model":"gpt-4o-mini"}
2026-03-03 21:46:08 [[32minfo[39m]: Dynamic assessment generated successfully {"service":"talentsecure-api","totalQuestions":17,"categories":[{"category":"JavaScript","count":4,"percentage":40},{"category":"TypeScript","count":5,"percentage":30},{"category":"Logic","count":8,"percentage":30}]}
2026-03-03 21:46:08 [[31merror[39m]: Pool generation batch 231 failed {"service":"talentsecure-api","driveId":"cc4b0046-3d77-4fcd-aa34-e28a53a50f28","error":"Cannot use a pool after calling end on the pool"}
2026-03-03 21:46:11 [[32minfo[39m]: Pool generation batch 232: generating 30 questions (0/30 done) {"service":"talentsecure-api","driveId":"cc4b0046-3d77-4fcd-aa34-e28a53a50f28"}
2026-03-03 21:46:11 [[32minfo[39m]: Calling OpenAI for dynamic assessment generation {"service":"talentsecure-api","weights":[{"category":"JavaScript","percentage":40},{"category":"TypeScript","percentage":30},{"category":"Logic","percentage":30}],"totalQuestions":30,"model":"gpt-4o-mini"}
2026-03-03 21:47:03 [[32minfo[39m]: Dynamic assessment generated successfully {"service":"talentsecure-api","totalQuestions":17,"categories":[{"category":"JavaScript","count":3,"percentage":40},{"category":"TypeScript","count":5,"percentage":30},{"category":"Logic","count":9,"percentage":30}]}
2026-03-03 21:47:03 [[31merror[39m]: Pool generation batch 232 failed {"service":"talentsecure-api","driveId":"cc4b0046-3d77-4fcd-aa34-e28a53a50f28","error":"Cannot use a pool after calling end on the pool"}
2026-03-03 21:47:06 [[32minfo[39m]: Pool generation batch 233: generating 30 questions (0/30 done) {"service":"talentsecure-api","driveId":"cc4b0046-3d77-4fcd-aa34-e28a53a50f28"}
2026-03-03 21:47:06 [[32minfo[39m]: Calling OpenAI for dynamic assessment generation {"service":"talentsecure-api","weights":[{"category":"JavaScript","percentage":40},{"category":"TypeScript","percentage":30},{"category":"Logic","percentage":30}],"totalQuestions":30,"model":"gpt-4o-mini"}
2026-03-03 21:48:13 [[32minfo[39m]: Dynamic assessment generated successfully {"service":"talentsecure-api","totalQuestions":16,"categories":[{"category":"JavaScript","count":4,"percentage":40},{"category":"TypeScript","count":4,"percentage":30},{"category":"Logic","count":8,"percentage":30}]}
2026-03-03 21:48:13 [[31merror[39m]: Pool generation batch 233 failed {"service":"talentsecure-api","driveId":"cc4b0046-3d77-4fcd-aa34-e28a53a50f28","error":"Cannot use a pool after calling end on the pool"}
2026-03-03 21:48:17 [[32minfo[39m]: Pool generation batch 234: generating 30 questions (0/30 done) {"service":"talentsecure-api","driveId":"cc4b0046-3d77-4fcd-aa34-e28a53a50f28"}
2026-03-03 21:48:17 [[32minfo[39m]: Calling OpenAI for dynamic assessment generation {"service":"talentsecure-api","weights":[{"category":"JavaScript","percentage":40},{"category":"TypeScript","percentage":30},{"category":"Logic","percentage":30}],"totalQuestions":30,"model":"gpt-4o-mini"}
2026-03-03 21:49:18 [[32minfo[39m]: Dynamic assessment generated successfully {"service":"talentsecure-api","totalQuestions":20,"categories":[{"category":"JavaScript","count":6,"percentage":40},{"category":"TypeScript","count":5,"percentage":30},{"category":"Logic","count":9,"percentage":30}]}
2026-03-03 21:49:18 [[31merror[39m]: Pool generation batch 234 failed {"service":"talentsecure-api","driveId":"cc4b0046-3d77-4fcd-aa34-e28a53a50f28","error":"Cannot use a pool after calling end on the pool"}
2026-03-03 21:49:21 [[32minfo[39m]: Pool generation batch 235: generating 30 questions (0/30 done) {"service":"talentsecure-api","driveId":"cc4b0046-3d77-4fcd-aa34-e28a53a50f28"}
2026-03-03 21:49:21 [[32minfo[39m]: Calling OpenAI for dynamic assessment generation {"service":"talentsecure-api","weights":[{"category":"JavaScript","percentage":40},{"category":"TypeScript","percentage":30},{"category":"Logic","percentage":30}],"totalQuestions":30,"model":"gpt-4o-mini"}
2026-03-03 21:50:14 [[32minfo[39m]: Dynamic assessment generated successfully {"service":"talentsecure-api","totalQuestions":18,"categories":[{"category":"JavaScript","count":5,"percentage":40},{"category":"TypeScript","count":4,"percentage":30},{"category":"Logic","count":9,"percentage":30}]}
2026-03-03 21:50:14 [[31merror[39m]: Pool generation batch 235 failed {"service":"talentsecure-api","driveId":"cc4b0046-3d77-4fcd-aa34-e28a53a50f28","error":"Cannot use a pool after calling end on the pool"}
2026-03-03 21:50:17 [[32minfo[39m]: Pool generation batch 236: generating 30 questions (0/30 done) {"service":"talentsecure-api","driveId":"cc4b0046-3d77-4fcd-aa34-e28a53a50f28"}
2026-03-03 21:50:17 [[32minfo[39m]: Calling OpenAI for dynamic assessment generation {"service":"talentsecure-api","weights":[{"category":"JavaScript","percentage":40},{"category":"TypeScript","percentage":30},{"category":"Logic","percentage":30}],"totalQuestions":30,"model":"gpt-4o-mini"}
2026-03-03 21:51:02 [[32minfo[39m]: Dynamic assessment generated successfully {"service":"talentsecure-api","totalQuestions":18,"categories":[{"category":"JavaScript","count":3,"percentage":40},{"category":"TypeScript","count":7,"percentage":30},{"category":"Logic","count":8,"percentage":30}]}
2026-03-03 21:51:02 [[31merror[39m]: Pool generation batch 236 failed {"service":"talentsecure-api","driveId":"cc4b0046-3d77-4fcd-aa34-e28a53a50f28","error":"Cannot use a pool after calling end on the pool"}
2026-03-03 21:51:05 [[32minfo[39m]: Pool generation batch 237: generating 30 questions (0/30 done) {"service":"talentsecure-api","driveId":"cc4b0046-3d77-4fcd-aa34-e28a53a50f28"}
2026-03-03 21:51:05 [[32minfo[39m]: Calling OpenAI for dynamic assessment generation {"service":"talentsecure-api","weights":[{"category":"JavaScript","percentage":40},{"category":"TypeScript","percentage":30},{"category":"Logic","percentage":30}],"totalQuestions":30,"model":"gpt-4o-mini"}
2026-03-03 21:51:56 [[32minfo[39m]: Dynamic assessment generated successfully {"service":"talentsecure-api","totalQuestions":18,"categories":[{"category":"JavaScript","count":4,"percentage":40},{"category":"TypeScript","count":5,"percentage":30},{"category":"Logic","count":9,"percentage":30}]}
2026-03-03 21:51:56 [[31merror[39m]: Pool generation batch 237 failed {"service":"talentsecure-api","driveId":"cc4b0046-3d77-4fcd-aa34-e28a53a50f28","error":"Cannot use a pool after calling end on the pool"}
2026-03-03 21:51:59 [[32minfo[39m]: Pool generation batch 238: generating 30 questions (0/30 done) {"service":"talentsecure-api","driveId":"cc4b0046-3d77-4fcd-aa34-e28a53a50f28"}
2026-03-03 21:51:59 [[32minfo[39m]: Calling OpenAI for dynamic assessment generation {"service":"talentsecure-api","weights":[{"category":"JavaScript","percentage":40},{"category":"TypeScript","percentage":30},{"category":"Logic","percentage":30}],"totalQuestions":30,"model":"gpt-4o-mini"}
2026-03-03 21:53:03 [[32minfo[39m]: Dynamic assessment generated successfully {"service":"talentsecure-api","totalQuestions":22,"categories":[{"category":"JavaScript","count":4,"percentage":40},{"category":"TypeScript","count":9,"percentage":30},{"category":"Logic","count":9,"percentage":30}]}
2026-03-03 21:53:03 [[31merror[39m]: Pool generation batch 238 failed {"service":"talentsecure-api","driveId":"cc4b0046-3d77-4fcd-aa34-e28a53a50f28","error":"Cannot use a pool after calling end on the pool"}
2026-03-03 21:53:06 [[32minfo[39m]: Pool generation batch 239: generating 30 questions (0/30 done) {"service":"talentsecure-api","driveId":"cc4b0046-3d77-4fcd-aa34-e28a53a50f28"}
2026-03-03 21:53:06 [[32minfo[39m]: Calling OpenAI for dynamic assessment generation {"service":"talentsecure-api","weights":[{"category":"JavaScript","percentage":40},{"category":"TypeScript","percentage":30},{"category":"Logic","percentage":30}],"totalQuestions":30,"model":"gpt-4o-mini"}
2026-03-03 21:54:05 [[32minfo[39m]: Dynamic assessment generated successfully {"service":"talentsecure-api","totalQuestions":20,"categories":[{"category":"JavaScript","count":6,"percentage":40},{"category":"TypeScript","count":5,"percentage":30},{"category":"Logic","count":9,"percentage":30}]}
2026-03-03 21:54:05 [[31merror[39m]: Pool generation batch 239 failed {"service":"talentsecure-api","driveId":"cc4b0046-3d77-4fcd-aa34-e28a53a50f28","error":"Cannot use a pool after calling end on the pool"}
2026-03-03 21:54:08 [[32minfo[39m]: Pool generation batch 240: generating 30 questions (0/30 done) {"service":"talentsecure-api","driveId":"cc4b0046-3d77-4fcd-aa34-e28a53a50f28"}
2026-03-03 21:54:08 [[32minfo[39m]: Calling OpenAI for dynamic assessment generation {"service":"talentsecure-api","weights":[{"category":"JavaScript","percentage":40},{"category":"TypeScript","percentage":30},{"category":"Logic","percentage":30}],"totalQuestions":30,"model":"gpt-4o-mini"}
2026-03-03 21:55:05 [[32minfo[39m]: Dynamic assessment generated successfully {"service":"talentsecure-api","totalQuestions":18,"categories":[{"category":"JavaScript","count":4,"percentage":40},{"category":"TypeScript","count":5,"percentage":30},{"category":"Logic","count":9,"percentage":30}]}
2026-03-03 21:55:05 [[31merror[39m]: Pool generation batch 240 failed {"service":"talentsecure-api","driveId":"cc4b0046-3d77-4fcd-aa34-e28a53a50f28","error":"Cannot use a pool after calling end on the pool"}
2026-03-03 21:55:08 [[32minfo[39m]: Pool generation batch 241: generating 30 questions (0/30 done) {"service":"talentsecure-api","driveId":"cc4b0046-3d77-4fcd-aa34-e28a53a50f28"}
2026-03-03 21:55:08 [[32minfo[39m]: Calling OpenAI for dynamic assessment generation {"service":"talentsecure-api","weights":[{"category":"JavaScript","percentage":40},{"category":"TypeScript","percentage":30},{"category":"Logic","percentage":30}],"totalQuestions":30,"model":"gpt-4o-mini"}
2026-03-03 21:56:07 [[32minfo[39m]: Dynamic assessment generated successfully {"service":"talentsecure-api","totalQuestions":18,"categories":[{"category":"JavaScript","count":6,"percentage":40},{"category":"TypeScript","count":4,"percentage":30},{"category":"Logic","count":8,"percentage":30}]}
2026-03-03 21:56:07 [[31merror[39m]: Pool generation batch 241 failed {"service":"talentsecure-api","driveId":"cc4b0046-3d77-4fcd-aa34-e28a53a50f28","error":"Cannot use a pool after calling end on the pool"}
2026-03-03 21:56:10 [[32minfo[39m]: Pool generation batch 242: generating 30 questions (0/30 done) {"service":"talentsecure-api","driveId":"cc4b0046-3d77-4fcd-aa34-e28a53a50f28"}
2026-03-03 21:56:10 [[32minfo[39m]: Calling OpenAI for dynamic assessment generation {"service":"talentsecure-api","weights":[{"category":"JavaScript","percentage":40},{"category":"TypeScript","percentage":30},{"category":"Logic","percentage":30}],"totalQuestions":30,"model":"gpt-4o-mini"}
2026-03-03 21:57:02 [[32minfo[39m]: Dynamic assessment generated successfully {"service":"talentsecure-api","totalQuestions":16,"categories":[{"category":"JavaScript","count":4,"percentage":40},{"category":"TypeScript","count":4,"percentage":30},{"category":"Logic","count":8,"percentage":30}]}
2026-03-03 21:57:02 [[31merror[39m]: Pool generation batch 242 failed {"service":"talentsecure-api","driveId":"cc4b0046-3d77-4fcd-aa34-e28a53a50f28","error":"Cannot use a pool after calling end on the pool"}
2026-03-03 21:57:05 [[32minfo[39m]: Pool generation batch 243: generating 30 questions (0/30 done) {"service":"talentsecure-api","driveId":"cc4b0046-3d77-4fcd-aa34-e28a53a50f28"}
2026-03-03 21:57:05 [[32minfo[39m]: Calling OpenAI for dynamic assessment generation {"service":"talentsecure-api","weights":[{"category":"JavaScript","percentage":40},{"category":"TypeScript","percentage":30},{"category":"Logic","percentage":30}],"totalQuestions":30,"model":"gpt-4o-mini"}
2026-03-03 21:57:49 [[32minfo[39m]: Dynamic assessment generated successfully {"service":"talentsecure-api","totalQuestions":15,"categories":[{"category":"JavaScript","count":4,"percentage":40},{"category":"TypeScript","count":3,"percentage":30},{"category":"Logic","count":8,"percentage":30}]}
2026-03-03 21:57:49 [[31merror[39m]: Pool generation batch 243 failed {"service":"talentsecure-api","driveId":"cc4b0046-3d77-4fcd-aa34-e28a53a50f28","error":"Cannot use a pool after calling end on the pool"}
2026-03-03 21:57:52 [[32minfo[39m]: Pool generation batch 244: generating 30 questions (0/30 done) {"service":"talentsecure-api","driveId":"cc4b0046-3d77-4fcd-aa34-e28a53a50f28"}
2026-03-03 21:57:52 [[32minfo[39m]: Calling OpenAI for dynamic assessment generation {"service":"talentsecure-api","weights":[{"category":"JavaScript","percentage":40},{"category":"TypeScript","percentage":30},{"category":"Logic","percentage":30}],"totalQuestions":30,"model":"gpt-4o-mini"}
2026-03-03 21:58:51 [[32minfo[39m]: Dynamic assessment generated successfully {"service":"talentsecure-api","totalQuestions":17,"categories":[{"category":"JavaScript","count":4,"percentage":40},{"category":"TypeScript","count":4,"percentage":30},{"category":"Logic","count":9,"percentage":30}]}
2026-03-03 21:58:51 [[31merror[39m]: Pool generation batch 244 failed {"service":"talentsecure-api","driveId":"cc4b0046-3d77-4fcd-aa34-e28a53a50f28","error":"Cannot use a pool after calling end on the pool"}
2026-03-03 21:58:54 [[32minfo[39m]: Pool generation batch 245: generating 30 questions (0/30 done) {"service":"talentsecure-api","driveId":"cc4b0046-3d77-4fcd-aa34-e28a53a50f28"}
2026-03-03 21:58:54 [[32minfo[39m]: Calling OpenAI for dynamic assessment generation {"service":"talentsecure-api","weights":[{"category":"JavaScript","percentage":40},{"category":"TypeScript","percentage":30},{"category":"Logic","percentage":30}],"totalQuestions":30,"model":"gpt-4o-mini"}
2026-03-03 21:59:56 [[32minfo[39m]: Dynamic assessment generated successfully {"service":"talentsecure-api","totalQuestions":17,"categories":[{"category":"JavaScript","count":4,"percentage":40},{"category":"TypeScript","count":4,"percentage":30},{"category":"Logic","count":9,"percentage":30}]}
2026-03-03 21:59:56 [[31merror[39m]: Pool generation batch 245 failed {"service":"talentsecure-api","driveId":"cc4b0046-3d77-4fcd-aa34-e28a53a50f28","error":"Cannot use a pool after calling end on the pool"}
2026-03-03 21:59:59 [[32minfo[39m]: Pool generation batch 246: generating 30 questions (0/30 done) {"service":"talentsecure-api","driveId":"cc4b0046-3d77-4fcd-aa34-e28a53a50f28"}
2026-03-03 21:59:59 [[32minfo[39m]: Calling OpenAI for dynamic assessment generation {"service":"talentsecure-api","weights":[{"category":"JavaScript","percentage":40},{"category":"TypeScript","percentage":30},{"category":"Logic","percentage":30}],"totalQuestions":30,"model":"gpt-4o-mini"}
2026-03-03 22:00:53 [[32minfo[39m]: Dynamic assessment generated successfully {"service":"talentsecure-api","totalQuestions":17,"categories":[{"category":"JavaScript","count":4,"percentage":40},{"category":"TypeScript","count":5,"percentage":30},{"category":"Logic","count":8,"percentage":30}]}
2026-03-03 22:00:53 [[31merror[39m]: Pool generation batch 246 failed {"service":"talentsecure-api","driveId":"cc4b0046-3d77-4fcd-aa34-e28a53a50f28","error":"Cannot use a pool after calling end on the pool"}
2026-03-03 22:00:56 [[32minfo[39m]: Pool generation batch 247: generating 30 questions (0/30 done) {"service":"talentsecure-api","driveId":"cc4b0046-3d77-4fcd-aa34-e28a53a50f28"}
2026-03-03 22:00:56 [[32minfo[39m]: Calling OpenAI for dynamic assessment generation {"service":"talentsecure-api","weights":[{"category":"JavaScript","percentage":40},{"category":"TypeScript","percentage":30},{"category":"Logic","percentage":30}],"totalQuestions":30,"model":"gpt-4o-mini"}
2026-03-03 22:01:39 [[32minfo[39m]: Dynamic assessment generated successfully {"service":"talentsecure-api","totalQuestions":15,"categories":[{"category":"JavaScript","count":3,"percentage":40},{"category":"TypeScript","count":4,"percentage":30},{"category":"Logic","count":8,"percentage":30}]}
2026-03-03 22:01:39 [[31merror[39m]: Pool generation batch 247 failed {"service":"talentsecure-api","driveId":"cc4b0046-3d77-4fcd-aa34-e28a53a50f28","error":"Cannot use a pool after calling end on the pool"}
2026-03-03 22:01:42 [[32minfo[39m]: Pool generation batch 248: generating 30 questions (0/30 done) {"service":"talentsecure-api","driveId":"cc4b0046-3d77-4fcd-aa34-e28a53a50f28"}
2026-03-03 22:01:42 [[32minfo[39m]: Calling OpenAI for dynamic assessment generation {"service":"talentsecure-api","weights":[{"category":"JavaScript","percentage":40},{"category":"TypeScript","percentage":30},{"category":"Logic","percentage":30}],"totalQuestions":30,"model":"gpt-4o-mini"}
2026-03-03 22:02:48 [[32minfo[39m]: Dynamic assessment generated successfully {"service":"talentsecure-api","totalQuestions":16,"categories":[{"category":"JavaScript","count":4,"percentage":40},{"category":"TypeScript","count":4,"percentage":30},{"category":"Logic","count":8,"percentage":30}]}
2026-03-03 22:02:48 [[31merror[39m]: Pool generation batch 248 failed {"service":"talentsecure-api","driveId":"cc4b0046-3d77-4fcd-aa34-e28a53a50f28","error":"Cannot use a pool after calling end on the pool"}
2026-03-03 22:02:51 [[32minfo[39m]: Pool generation batch 249: generating 30 questions (0/30 done) {"service":"talentsecure-api","driveId":"cc4b0046-3d77-4fcd-aa34-e28a53a50f28"}
2026-03-03 22:02:51 [[32minfo[39m]: Calling OpenAI for dynamic assessment generation {"service":"talentsecure-api","weights":[{"category":"JavaScript","percentage":40},{"category":"TypeScript","percentage":30},{"category":"Logic","percentage":30}],"totalQuestions":30,"model":"gpt-4o-mini"}
2026-03-03 22:04:04 [[32minfo[39m]: Dynamic assessment generated successfully {"service":"talentsecure-api","totalQuestions":19,"categories":[{"category":"JavaScript","count":5,"percentage":40},{"category":"TypeScript","count":5,"percentage":30},{"category":"Logic","count":9,"percentage":30}]}
2026-03-03 22:04:04 [[31merror[39m]: Pool generation batch 249 failed {"service":"talentsecure-api","driveId":"cc4b0046-3d77-4fcd-aa34-e28a53a50f28","error":"Cannot use a pool after calling end on the pool"}
2026-03-03 22:04:07 [[32minfo[39m]: Pool generation batch 250: generating 30 questions (0/30 done) {"service":"talentsecure-api","driveId":"cc4b0046-3d77-4fcd-aa34-e28a53a50f28"}
2026-03-03 22:04:07 [[32minfo[39m]: Calling OpenAI for dynamic assessment generation {"service":"talentsecure-api","weights":[{"category":"JavaScript","percentage":40},{"category":"TypeScript","percentage":30},{"category":"Logic","percentage":30}],"totalQuestions":30,"model":"gpt-4o-mini"}
2026-03-03 22:05:02 [[32minfo[39m]: Dynamic assessment generated successfully {"service":"talentsecure-api","totalQuestions":18,"categories":[{"category":"JavaScript","count":5,"percentage":40},{"category":"TypeScript","count":5,"percentage":30},{"category":"Logic","count":8,"percentage":30}]}
2026-03-03 22:05:02 [[31merror[39m]: Pool generation batch 250 failed {"service":"talentsecure-api","driveId":"cc4b0046-3d77-4fcd-aa34-e28a53a50f28","error":"Cannot use a pool after calling end on the pool"}
2026-03-03 22:05:05 [[32minfo[39m]: Pool generation batch 251: generating 30 questions (0/30 done) {"service":"talentsecure-api","driveId":"cc4b0046-3d77-4fcd-aa34-e28a53a50f28"}
2026-03-03 22:05:05 [[32minfo[39m]: Calling OpenAI for dynamic assessment generation {"service":"talentsecure-api","weights":[{"category":"JavaScript","percentage":40},{"category":"TypeScript","percentage":30},{"category":"Logic","percentage":30}],"totalQuestions":30,"model":"gpt-4o-mini"}
2026-03-03 22:06:07 [[32minfo[39m]: Dynamic assessment generated successfully {"service":"talentsecure-api","totalQuestions":19,"categories":[{"category":"JavaScript","count":7,"percentage":40},{"category":"TypeScript","count":4,"percentage":30},{"category":"Logic","count":8,"percentage":30}]}
2026-03-03 22:06:07 [[31merror[39m]: Pool generation batch 251 failed {"service":"talentsecure-api","driveId":"cc4b0046-3d77-4fcd-aa34-e28a53a50f28","error":"Cannot use a pool after calling end on the pool"}
2026-03-03 22:06:10 [[32minfo[39m]: Pool generation batch 252: generating 30 questions (0/30 done) {"service":"talentsecure-api","driveId":"cc4b0046-3d77-4fcd-aa34-e28a53a50f28"}
2026-03-03 22:06:10 [[32minfo[39m]: Calling OpenAI for dynamic assessment generation {"service":"talentsecure-api","weights":[{"category":"JavaScript","percentage":40},{"category":"TypeScript","percentage":30},{"category":"Logic","percentage":30}],"totalQuestions":30,"model":"gpt-4o-mini"}
2026-03-03 22:07:16 [[32minfo[39m]: Dynamic assessment generated successfully {"service":"talentsecure-api","totalQuestions":19,"categories":[{"category":"JavaScript","count":5,"percentage":40},{"category":"TypeScript","count":5,"percentage":30},{"category":"Logic","count":9,"percentage":30}]}
2026-03-03 22:07:16 [[31merror[39m]: Pool generation batch 252 failed {"service":"talentsecure-api","driveId":"cc4b0046-3d77-4fcd-aa34-e28a53a50f28","error":"Cannot use a pool after calling end on the pool"}
2026-03-03 22:07:19 [[32minfo[39m]: Pool generation batch 253: generating 30 questions (0/30 done) {"service":"talentsecure-api","driveId":"cc4b0046-3d77-4fcd-aa34-e28a53a50f28"}
2026-03-03 22:07:19 [[32minfo[39m]: Calling OpenAI for dynamic assessment generation {"service":"talentsecure-api","weights":[{"category":"JavaScript","percentage":40},{"category":"TypeScript","percentage":30},{"category":"Logic","percentage":30}],"totalQuestions":30,"model":"gpt-4o-mini"}
2026-03-03 22:08:05 [[32minfo[39m]: Dynamic assessment generated successfully {"service":"talentsecure-api","totalQuestions":17,"categories":[{"category":"JavaScript","count":3,"percentage":40},{"category":"TypeScript","count":5,"percentage":30},{"category":"Logic","count":9,"percentage":30}]}
2026-03-03 22:08:05 [[31merror[39m]: Pool generation batch 253 failed {"service":"talentsecure-api","driveId":"cc4b0046-3d77-4fcd-aa34-e28a53a50f28","error":"Cannot use a pool after calling end on the pool"}
2026-03-03 22:08:08 [[32minfo[39m]: Pool generation batch 254: generating 30 questions (0/30 done) {"service":"talentsecure-api","driveId":"cc4b0046-3d77-4fcd-aa34-e28a53a50f28"}
2026-03-03 22:08:08 [[32minfo[39m]: Calling OpenAI for dynamic assessment generation {"service":"talentsecure-api","weights":[{"category":"JavaScript","percentage":40},{"category":"TypeScript","percentage":30},{"category":"Logic","percentage":30}],"totalQuestions":30,"model":"gpt-4o-mini"}
2026-03-03 22:09:01 [[32minfo[39m]: Dynamic assessment generated successfully {"service":"talentsecure-api","totalQuestions":18,"categories":[{"category":"JavaScript","count":4,"percentage":40},{"category":"TypeScript","count":5,"percentage":30},{"category":"Logic","count":9,"percentage":30}]}
2026-03-03 22:09:01 [[31merror[39m]: Pool generation batch 254 failed {"service":"talentsecure-api","driveId":"cc4b0046-3d77-4fcd-aa34-e28a53a50f28","error":"Cannot use a pool after calling end on the pool"}
2026-03-03 22:09:04 [[32minfo[39m]: Pool generation batch 255: generating 30 questions (0/30 done) {"service":"talentsecure-api","driveId":"cc4b0046-3d77-4fcd-aa34-e28a53a50f28"}
2026-03-03 22:09:04 [[32minfo[39m]: Calling OpenAI for dynamic assessment generation {"service":"talentsecure-api","weights":[{"category":"JavaScript","percentage":40},{"category":"TypeScript","percentage":30},{"category":"Logic","percentage":30}],"totalQuestions":30,"model":"gpt-4o-mini"}
2026-03-03 22:09:59 [[32minfo[39m]: Dynamic assessment generated successfully {"service":"talentsecure-api","totalQuestions":17,"categories":[{"category":"JavaScript","count":5,"percentage":40},{"category":"TypeScript","count":4,"percentage":30},{"category":"Logic","count":8,"percentage":30}]}
2026-03-03 22:09:59 [[31merror[39m]: Pool generation batch 255 failed {"service":"talentsecure-api","driveId":"cc4b0046-3d77-4fcd-aa34-e28a53a50f28","error":"Cannot use a pool after calling end on the pool"}
2026-03-03 22:10:02 [[32minfo[39m]: Pool generation batch 256: generating 30 questions (0/30 done) {"service":"talentsecure-api","driveId":"cc4b0046-3d77-4fcd-aa34-e28a53a50f28"}
2026-03-03 22:10:02 [[32minfo[39m]: Calling OpenAI for dynamic assessment generation {"service":"talentsecure-api","weights":[{"category":"JavaScript","percentage":40},{"category":"TypeScript","percentage":30},{"category":"Logic","percentage":30}],"totalQuestions":30,"model":"gpt-4o-mini"}
2026-03-03 22:10:52 [[32minfo[39m]: Dynamic assessment generated successfully {"service":"talentsecure-api","totalQuestions":17,"categories":[{"category":"JavaScript","count":5,"percentage":40},{"category":"TypeScript","count":4,"percentage":30},{"category":"Logic","count":8,"percentage":30}]}
2026-03-03 22:10:52 [[31merror[39m]: Pool generation batch 256 failed {"service":"talentsecure-api","driveId":"cc4b0046-3d77-4fcd-aa34-e28a53a50f28","error":"Cannot use a pool after calling end on the pool"}
2026-03-03 22:10:55 [[32minfo[39m]: Pool generation batch 257: generating 30 questions (0/30 done) {"service":"talentsecure-api","driveId":"cc4b0046-3d77-4fcd-aa34-e28a53a50f28"}
2026-03-03 22:10:55 [[32minfo[39m]: Calling OpenAI for dynamic assessment generation {"service":"talentsecure-api","weights":[{"category":"JavaScript","percentage":40},{"category":"TypeScript","percentage":30},{"category":"Logic","percentage":30}],"totalQuestions":30,"model":"gpt-4o-mini"}
2026-03-03 22:12:01 [[32minfo[39m]: Dynamic assessment generated successfully {"service":"talentsecure-api","totalQuestions":20,"categories":[{"category":"JavaScript","count":4,"percentage":40},{"category":"TypeScript","count":7,"percentage":30},{"category":"Logic","count":9,"percentage":30}]}
2026-03-03 22:12:01 [[31merror[39m]: Pool generation batch 257 failed {"service":"talentsecure-api","driveId":"cc4b0046-3d77-4fcd-aa34-e28a53a50f28","error":"Cannot use a pool after calling end on the pool"}
2026-03-03 22:12:04 [[32minfo[39m]: Pool generation batch 258: generating 30 questions (0/30 done) {"service":"talentsecure-api","driveId":"cc4b0046-3d77-4fcd-aa34-e28a53a50f28"}
2026-03-03 22:12:04 [[32minfo[39m]: Calling OpenAI for dynamic assessment generation {"service":"talentsecure-api","weights":[{"category":"JavaScript","percentage":40},{"category":"TypeScript","percentage":30},{"category":"Logic","percentage":30}],"totalQuestions":30,"model":"gpt-4o-mini"}
2026-03-03 22:13:03 [[32minfo[39m]: Dynamic assessment generated successfully {"service":"talentsecure-api","totalQuestions":20,"categories":[{"category":"JavaScript","count":6,"percentage":40},{"category":"TypeScript","count":5,"percentage":30},{"category":"Logic","count":9,"percentage":30}]}
2026-03-03 22:13:03 [[31merror[39m]: Pool generation batch 258 failed {"service":"talentsecure-api","driveId":"cc4b0046-3d77-4fcd-aa34-e28a53a50f28","error":"Cannot use a pool after calling end on the pool"}
2026-03-03 22:13:06 [[32minfo[39m]: Pool generation batch 259: generating 30 questions (0/30 done) {"service":"talentsecure-api","driveId":"cc4b0046-3d77-4fcd-aa34-e28a53a50f28"}
2026-03-03 22:13:06 [[32minfo[39m]: Calling OpenAI for dynamic assessment generation {"service":"talentsecure-api","weights":[{"category":"JavaScript","percentage":40},{"category":"TypeScript","percentage":30},{"category":"Logic","percentage":30}],"totalQuestions":30,"model":"gpt-4o-mini"}
2026-03-03 22:14:03 [[32minfo[39m]: Dynamic assessment generated successfully {"service":"talentsecure-api","totalQuestions":17,"categories":[{"category":"JavaScript","count":4,"percentage":40},{"category":"TypeScript","count":5,"percentage":30},{"category":"Logic","count":8,"percentage":30}]}
2026-03-03 22:14:03 [[31merror[39m]: Pool generation batch 259 failed {"service":"talentsecure-api","driveId":"cc4b0046-3d77-4fcd-aa34-e28a53a50f28","error":"Cannot use a pool after calling end on the pool"}
2026-03-03 22:14:06 [[32minfo[39m]: Pool generation batch 260: generating 30 questions (0/30 done) {"service":"talentsecure-api","driveId":"cc4b0046-3d77-4fcd-aa34-e28a53a50f28"}
2026-03-03 22:14:06 [[32minfo[39m]: Calling OpenAI for dynamic assessment generation {"service":"talentsecure-api","weights":[{"category":"JavaScript","percentage":40},{"category":"TypeScript","percentage":30},{"category":"Logic","percentage":30}],"totalQuestions":30,"model":"gpt-4o-mini"}
2026-03-03 22:15:00 [[32minfo[39m]: Dynamic assessment generated successfully {"service":"talentsecure-api","totalQuestions":17,"categories":[{"category":"JavaScript","count":4,"percentage":40},{"category":"TypeScript","count":4,"percentage":30},{"category":"Logic","count":9,"percentage":30}]}
2026-03-03 22:15:00 [[31merror[39m]: Pool generation batch 260 failed {"service":"talentsecure-api","driveId":"cc4b0046-3d77-4fcd-aa34-e28a53a50f28","error":"Cannot use a pool after calling end on the pool"}
2026-03-03 22:15:03 [[32minfo[39m]: Pool generation batch 261: generating 30 questions (0/30 done) {"service":"talentsecure-api","driveId":"cc4b0046-3d77-4fcd-aa34-e28a53a50f28"}
2026-03-03 22:15:03 [[32minfo[39m]: Calling OpenAI for dynamic assessment generation {"service":"talentsecure-api","weights":[{"category":"JavaScript","percentage":40},{"category":"TypeScript","percentage":30},{"category":"Logic","percentage":30}],"totalQuestions":30,"model":"gpt-4o-mini"}
2026-03-03 22:15:55 [[32minfo[39m]: Dynamic assessment generated successfully {"service":"talentsecure-api","totalQuestions":21,"categories":[{"category":"JavaScript","count":4,"percentage":40},{"category":"TypeScript","count":9,"percentage":30},{"category":"Logic","count":8,"percentage":30}]}
2026-03-03 22:15:55 [[31merror[39m]: Pool generation batch 261 failed {"service":"talentsecure-api","driveId":"cc4b0046-3d77-4fcd-aa34-e28a53a50f28","error":"Cannot use a pool after calling end on the pool"}
2026-03-03 22:15:58 [[32minfo[39m]: Pool generation batch 262: generating 30 questions (0/30 done) {"service":"talentsecure-api","driveId":"cc4b0046-3d77-4fcd-aa34-e28a53a50f28"}
2026-03-03 22:15:58 [[32minfo[39m]: Calling OpenAI for dynamic assessment generation {"service":"talentsecure-api","weights":[{"category":"JavaScript","percentage":40},{"category":"TypeScript","percentage":30},{"category":"Logic","percentage":30}],"totalQuestions":30,"model":"gpt-4o-mini"}
2026-03-03 22:17:07 [[32minfo[39m]: Dynamic assessment generated successfully {"service":"talentsecure-api","totalQuestions":17,"categories":[{"category":"JavaScript","count":5,"percentage":40},{"category":"TypeScript","count":4,"percentage":30},{"category":"Logic","count":8,"percentage":30}]}
2026-03-03 22:17:07 [[31merror[39m]: Pool generation batch 262 failed {"service":"talentsecure-api","driveId":"cc4b0046-3d77-4fcd-aa34-e28a53a50f28","error":"Cannot use a pool after calling end on the pool"}
2026-03-03 22:17:10 [[32minfo[39m]: Pool generation batch 263: generating 30 questions (0/30 done) {"service":"talentsecure-api","driveId":"cc4b0046-3d77-4fcd-aa34-e28a53a50f28"}
2026-03-03 22:17:10 [[32minfo[39m]: Calling OpenAI for dynamic assessment generation {"service":"talentsecure-api","weights":[{"category":"JavaScript","percentage":40},{"category":"TypeScript","percentage":30},{"category":"Logic","percentage":30}],"totalQuestions":30,"model":"gpt-4o-mini"}
2026-03-03 22:18:33 [[32minfo[39m]: Dynamic assessment generated successfully {"service":"talentsecure-api","totalQuestions":16,"categories":[{"category":"JavaScript","count":5,"percentage":40},{"category":"TypeScript","count":3,"percentage":30},{"category":"Logic","count":8,"percentage":30}]}
2026-03-03 22:18:33 [[31merror[39m]: Pool generation batch 263 failed {"service":"talentsecure-api","driveId":"cc4b0046-3d77-4fcd-aa34-e28a53a50f28","error":"Cannot use a pool after calling end on the pool"}
2026-03-03 22:18:36 [[32minfo[39m]: Pool generation batch 264: generating 30 questions (0/30 done) {"service":"talentsecure-api","driveId":"cc4b0046-3d77-4fcd-aa34-e28a53a50f28"}
2026-03-03 22:18:36 [[32minfo[39m]: Calling OpenAI for dynamic assessment generation {"service":"talentsecure-api","weights":[{"category":"JavaScript","percentage":40},{"category":"TypeScript","percentage":30},{"category":"Logic","percentage":30}],"totalQuestions":30,"model":"gpt-4o-mini"}
2026-03-03 22:19:45 [[32minfo[39m]: Dynamic assessment generated successfully {"service":"talentsecure-api","totalQuestions":21,"categories":[{"category":"JavaScript","count":7,"percentage":40},{"category":"TypeScript","count":5,"percentage":30},{"category":"Logic","count":9,"percentage":30}]}
2026-03-03 22:19:45 [[31merror[39m]: Pool generation batch 264 failed {"service":"talentsecure-api","driveId":"cc4b0046-3d77-4fcd-aa34-e28a53a50f28","error":"Cannot use a pool after calling end on the pool"}
2026-03-03 22:19:48 [[32minfo[39m]: Pool generation batch 265: generating 30 questions (0/30 done) {"service":"talentsecure-api","driveId":"cc4b0046-3d77-4fcd-aa34-e28a53a50f28"}
2026-03-03 22:19:48 [[32minfo[39m]: Calling OpenAI for dynamic assessment generation {"service":"talentsecure-api","weights":[{"category":"JavaScript","percentage":40},{"category":"TypeScript","percentage":30},{"category":"Logic","percentage":30}],"totalQuestions":30,"model":"gpt-4o-mini"}
2026-03-03 22:20:35 [[32minfo[39m]: Dynamic assessment generated successfully {"service":"talentsecure-api","totalQuestions":16,"categories":[{"category":"JavaScript","count":3,"percentage":40},{"category":"TypeScript","count":5,"percentage":30},{"category":"Logic","count":8,"percentage":30}]}
2026-03-03 22:20:35 [[31merror[39m]: Pool generation batch 265 failed {"service":"talentsecure-api","driveId":"cc4b0046-3d77-4fcd-aa34-e28a53a50f28","error":"Cannot use a pool after calling end on the pool"}
2026-03-03 22:20:38 [[32minfo[39m]: Pool generation batch 266: generating 30 questions (0/30 done) {"service":"talentsecure-api","driveId":"cc4b0046-3d77-4fcd-aa34-e28a53a50f28"}
2026-03-03 22:20:38 [[32minfo[39m]: Calling OpenAI for dynamic assessment generation {"service":"talentsecure-api","weights":[{"category":"JavaScript","percentage":40},{"category":"TypeScript","percentage":30},{"category":"Logic","percentage":30}],"totalQuestions":30,"model":"gpt-4o-mini"}
2026-03-03 22:21:32 [[32minfo[39m]: Dynamic assessment generated successfully {"service":"talentsecure-api","totalQuestions":18,"categories":[{"category":"JavaScript","count":5,"percentage":40},{"category":"TypeScript","count":4,"percentage":30},{"category":"Logic","count":9,"percentage":30}]}
2026-03-03 22:21:32 [[31merror[39m]: Pool generation batch 266 failed {"service":"talentsecure-api","driveId":"cc4b0046-3d77-4fcd-aa34-e28a53a50f28","error":"Cannot use a pool after calling end on the pool"}
2026-03-03 22:21:35 [[32minfo[39m]: Pool generation batch 267: generating 30 questions (0/30 done) {"service":"talentsecure-api","driveId":"cc4b0046-3d77-4fcd-aa34-e28a53a50f28"}
2026-03-03 22:21:35 [[32minfo[39m]: Calling OpenAI for dynamic assessment generation {"service":"talentsecure-api","weights":[{"category":"JavaScript","percentage":40},{"category":"TypeScript","percentage":30},{"category":"Logic","percentage":30}],"totalQuestions":30,"model":"gpt-4o-mini"}
2026-03-03 22:23:00 [[32minfo[39m]: Dynamic assessment generated successfully {"service":"talentsecure-api","totalQuestions":18,"categories":[{"category":"JavaScript","count":5,"percentage":40},{"category":"TypeScript","count":5,"percentage":30},{"category":"Logic","count":8,"percentage":30}]}
2026-03-03 22:23:00 [[31merror[39m]: Pool generation batch 267 failed {"service":"talentsecure-api","driveId":"cc4b0046-3d77-4fcd-aa34-e28a53a50f28","error":"Cannot use a pool after calling end on the pool"}
2026-03-03 22:23:03 [[32minfo[39m]: Pool generation batch 268: generating 30 questions (0/30 done) {"service":"talentsecure-api","driveId":"cc4b0046-3d77-4fcd-aa34-e28a53a50f28"}
2026-03-03 22:23:03 [[32minfo[39m]: Calling OpenAI for dynamic assessment generation {"service":"talentsecure-api","weights":[{"category":"JavaScript","percentage":40},{"category":"TypeScript","percentage":30},{"category":"Logic","percentage":30}],"totalQuestions":30,"model":"gpt-4o-mini"}
2026-03-03 22:24:05 [[32minfo[39m]: Dynamic assessment generated successfully {"service":"talentsecure-api","totalQuestions":18,"categories":[{"category":"JavaScript","count":5,"percentage":40},{"category":"TypeScript","count":7,"percentage":30},{"category":"Logic","count":6,"percentage":30}]}
2026-03-03 22:24:05 [[31merror[39m]: Pool generation batch 268 failed {"service":"talentsecure-api","driveId":"cc4b0046-3d77-4fcd-aa34-e28a53a50f28","error":"Cannot use a pool after calling end on the pool"}
2026-03-03 22:24:08 [[32minfo[39m]: Pool generation batch 269: generating 30 questions (0/30 done) {"service":"talentsecure-api","driveId":"cc4b0046-3d77-4fcd-aa34-e28a53a50f28"}
2026-03-03 22:24:08 [[32minfo[39m]: Calling OpenAI for dynamic assessment generation {"service":"talentsecure-api","weights":[{"category":"JavaScript","percentage":40},{"category":"TypeScript","percentage":30},{"category":"Logic","percentage":30}],"totalQuestions":30,"model":"gpt-4o-mini"}
2026-03-03 22:25:16 [[32minfo[39m]: Dynamic assessment generated successfully {"service":"talentsecure-api","totalQuestions":17,"categories":[{"category":"JavaScript","count":4,"percentage":40},{"category":"TypeScript","count":4,"percentage":30},{"category":"Logic","count":9,"percentage":30}]}
2026-03-03 22:25:16 [[31merror[39m]: Pool generation batch 269 failed {"service":"talentsecure-api","driveId":"cc4b0046-3d77-4fcd-aa34-e28a53a50f28","error":"Cannot use a pool after calling end on the pool"}
2026-03-03 22:25:19 [[32minfo[39m]: Pool generation batch 270: generating 30 questions (0/30 done) {"service":"talentsecure-api","driveId":"cc4b0046-3d77-4fcd-aa34-e28a53a50f28"}
2026-03-03 22:25:19 [[32minfo[39m]: Calling OpenAI for dynamic assessment generation {"service":"talentsecure-api","weights":[{"category":"JavaScript","percentage":40},{"category":"TypeScript","percentage":30},{"category":"Logic","percentage":30}],"totalQuestions":30,"model":"gpt-4o-mini"}
2026-03-03 22:26:31 [[32minfo[39m]: Dynamic assessment generated successfully {"service":"talentsecure-api","totalQuestions":24,"categories":[{"category":"JavaScript","count":9,"percentage":40},{"category":"TypeScript","count":8,"percentage":30},{"category":"Logic","count":7,"percentage":30}]}
2026-03-03 22:26:31 [[31merror[39m]: Pool generation batch 270 failed {"service":"talentsecure-api","driveId":"cc4b0046-3d77-4fcd-aa34-e28a53a50f28","error":"Cannot use a pool after calling end on the pool"}
2026-03-03 22:26:34 [[32minfo[39m]: Pool generation batch 271: generating 30 questions (0/30 done) {"service":"talentsecure-api","driveId":"cc4b0046-3d77-4fcd-aa34-e28a53a50f28"}
2026-03-03 22:26:34 [[32minfo[39m]: Calling OpenAI for dynamic assessment generation {"service":"talentsecure-api","weights":[{"category":"JavaScript","percentage":40},{"category":"TypeScript","percentage":30},{"category":"Logic","percentage":30}],"totalQuestions":30,"model":"gpt-4o-mini"}
2026-03-03 22:27:46 [[32minfo[39m]: Dynamic assessment generated successfully {"service":"talentsecure-api","totalQuestions":20,"categories":[{"category":"JavaScript","count":6,"percentage":40},{"category":"TypeScript","count":5,"percentage":30},{"category":"Logic","count":9,"percentage":30}]}
2026-03-03 22:27:46 [[31merror[39m]: Pool generation batch 271 failed {"service":"talentsecure-api","driveId":"cc4b0046-3d77-4fcd-aa34-e28a53a50f28","error":"Cannot use a pool after calling end on the pool"}
2026-03-03 22:27:49 [[32minfo[39m]: Pool generation batch 272: generating 30 questions (0/30 done) {"service":"talentsecure-api","driveId":"cc4b0046-3d77-4fcd-aa34-e28a53a50f28"}
2026-03-03 22:27:49 [[32minfo[39m]: Calling OpenAI for dynamic assessment generation {"service":"talentsecure-api","weights":[{"category":"JavaScript","percentage":40},{"category":"TypeScript","percentage":30},{"category":"Logic","percentage":30}],"totalQuestions":30,"model":"gpt-4o-mini"}
2026-03-03 22:28:31 [[32minfo[39m]: Dynamic assessment generated successfully {"service":"talentsecure-api","totalQuestions":15,"categories":[{"category":"JavaScript","count":3,"percentage":40},{"category":"TypeScript","count":3,"percentage":30},{"category":"Logic","count":9,"percentage":30}]}
2026-03-03 22:28:31 [[31merror[39m]: Pool generation batch 272 failed {"service":"talentsecure-api","driveId":"cc4b0046-3d77-4fcd-aa34-e28a53a50f28","error":"Cannot use a pool after calling end on the pool"}
2026-03-03 22:28:35 [[32minfo[39m]: Pool generation batch 273: generating 30 questions (0/30 done) {"service":"talentsecure-api","driveId":"cc4b0046-3d77-4fcd-aa34-e28a53a50f28"}
2026-03-03 22:28:35 [[32minfo[39m]: Calling OpenAI for dynamic assessment generation {"service":"talentsecure-api","weights":[{"category":"JavaScript","percentage":40},{"category":"TypeScript","percentage":30},{"category":"Logic","percentage":30}],"totalQuestions":30,"model":"gpt-4o-mini"}
2026-03-03 22:29:22 [[32minfo[39m]: Dynamic assessment generated successfully {"service":"talentsecure-api","totalQuestions":18,"categories":[{"category":"JavaScript","count":4,"percentage":40},{"category":"TypeScript","count":5,"percentage":30},{"category":"Logic","count":9,"percentage":30}]}
2026-03-03 22:29:22 [[31merror[39m]: Pool generation batch 273 failed {"service":"talentsecure-api","driveId":"cc4b0046-3d77-4fcd-aa34-e28a53a50f28","error":"Cannot use a pool after calling end on the pool"}
2026-03-03 22:29:25 [[32minfo[39m]: Pool generation batch 274: generating 30 questions (0/30 done) {"service":"talentsecure-api","driveId":"cc4b0046-3d77-4fcd-aa34-e28a53a50f28"}
2026-03-03 22:29:25 [[32minfo[39m]: Calling OpenAI for dynamic assessment generation {"service":"talentsecure-api","weights":[{"category":"JavaScript","percentage":40},{"category":"TypeScript","percentage":30},{"category":"Logic","percentage":30}],"totalQuestions":30,"model":"gpt-4o-mini"}
